 imager

 Timestamp is 57b6ed17 (Fri Aug 19 19:27:19 2016)

 Preferred load address is 0000000180000000

 Start         Length     Name                   Class
 0001:00000000 000001dcH .text                   CODE
 0001:000001dc 00000114H .text$di                CODE
 0001:000002f0 0001e8e0H .text$mn                CODE
 0001:0001ebd0 00000020H .text$mn$00             CODE
 0001:0001ebf0 00000560H .text$x                 CODE
 0001:0001f150 00000174H .text$yd                CODE
 0002:00000000 000002c8H .idata$5                DATA
 0002:000002c8 00000010H .00cfg                  DATA
 0002:000002d8 00000008H .CRT$XCA                DATA
 0002:000002e0 00000038H .CRT$XCC                DATA
 0002:00000318 00000010H .CRT$XCL                DATA
 0002:00000328 00000008H .CRT$XCU                DATA
 0002:00000330 00000008H .CRT$XCZ                DATA
 0002:00000338 00000008H .CRT$XIA                DATA
 0002:00000340 00000030H .CRT$XIC                DATA
 0002:00000370 00000008H .CRT$XIZ                DATA
 0002:00000378 00000008H .CRT$XLA                DATA
 0002:00000380 00000008H .CRT$XLZ                DATA
 0002:00000388 00000008H .CRT$XPA                DATA
 0002:00000390 00000010H .CRT$XPX                DATA
 0002:000003a0 00000008H .CRT$XPXA               DATA
 0002:000003a8 00000008H .CRT$XPZ                DATA
 0002:000003b0 00000008H .CRT$XTA                DATA
 0002:000003b8 00000008H .CRT$XTZ                DATA
 0002:000003c0 0000f048H .rdata                  DATA
 0002:0000f408 00000028H .rdata$T                DATA
 0002:0000f430 00000f48H .rdata$r                DATA
 0002:00010378 00000010H .rdata$zETW0            DATA
 0002:00010388 00000077H .rdata$zETW1            DATA
 0002:000103ff 0000002cH .rdata$zETW2            DATA
 0002:0001042b 00000001H .rdata$zETW9            DATA
 0002:0001042c 000004fcH .rdata$zzzdbg           DATA
 0002:00010928 00000008H .rtc$IAA                DATA
 0002:00010930 00000008H .rtc$IZZ                DATA
 0002:00010938 00000008H .rtc$TAA                DATA
 0002:00010940 00000010H .rtc$TZZ                DATA
 0002:00010950 00001ca8H .xdata                  DATA
 0002:000125f8 000002a4H .xdata$x                DATA
 0002:0001289c 00000020H .didat$2                DATA
 0002:000128bc 00000024H .didat$3                DATA
 0002:000128e0 00000078H .didat$4                DATA
 0002:00012958 00000380H .didat$6                DATA
 0002:00012cd8 00000078H .didat$7                DATA
 0002:00012d50 00000050H .edata                  DATA
 0002:00012da0 00000028H .idata$2                DATA
 0002:00012dc8 00000018H .idata$3                DATA
 0002:00012de0 000002c8H .idata$4                DATA
 0002:000130a8 00000662H .idata$6                DATA
 0003:00000000 00000c00H .data                   DATA
 0003:00000c00 00000590H .data$r                 DATA
 0003:00001190 00000080H .didat$5                DATA
 0003:00001210 0000197cH .bss                    DATA
 0004:00000000 00001e6cH .pdata                  DATA
 0005:00000000 000000b4H .gfids$x                DATA
 0005:000000b4 000001f4H .gfids$y                DATA
 0006:00000000 00000004H .tls                    DATA
 0006:00000004 00000004H .tls$                   DATA
 0006:00000008 00000001H .tls$ZZZ                DATA
 0007:00000000 00000060H .rsrc$01                DATA
 0007:00000060 00000180H .rsrc$02                DATA

  Address         Publics by Value              Rva+Base               Lib:Object

 0000:00000000       __guard_iat_count          0000000000000000     <absolute>
 0000:00000000       __dynamic_value_reloc_table 0000000000000000     <absolute>
 0000:00000000       __guard_iat_table          0000000000000000     <absolute>
 0000:00000000       __guard_longjmp_table      0000000000000000     <absolute>
 0000:00000000       __guard_longjmp_count      0000000000000000     <absolute>
 0000:00000000       __guard_fids_count         0000000000000000     <absolute>
 0000:00000000       ___safe_se_handler_table   0000000000000000     <absolute>
 0000:00000000       ___safe_se_handler_count   0000000000000000     <absolute>
 0000:00000000       __guard_fids_table         0000000000000000     <absolute>
 0000:00000100       __guard_flags              0000000000000100     <absolute>
 0000:00000000       __ImageBase                0000000180000000     <linker-defined>
 0001:00000000       ?TraceLoggingRegister@__vcrt_trace_logging_provider@@YAJPEBU_TlgProvider_t@1@PEBU_GUID@@P6AX1KE_K2PEAU_EVENT_FILTER_DESCRIPTOR@@PEAX@Z4@Z 0000000180001000 f i libvcruntime:telemetry.obj
 0001:0000007c       ?_TlgEnableCallback@__vcrt_trace_logging_provider@@YAXPEBU_GUID@@KE_K1PEAU_EVENT_FILTER_DESCRIPTOR@@PEAX@Z 000000018000107c f i libvcruntime:telemetry.obj
 0001:00000140       ?_TlgWrite@__vcrt_trace_logging_provider@@YAJPEBU_TlgProvider_t@1@PEFBXPEBU_GUID@@2IPEAU_EVENT_DATA_DESCRIPTOR@@@Z 0000000180001140 f i libvcruntime:telemetry.obj
 0001:000002f0       ?what@exception@stdext@@UEBAPEBDXZ 00000001800012f0 f i imager.obj
 0001:00000310       ?_Lock@?$basic_streambuf@DU?$char_traits@D@std@@@std@@UEAAXXZ 0000000180001310 f i libcpmt:cout.obj
 0001:00000310       _guard_check_icall_nop     0000000180001310 f i LIBCMT:guard_support.obj
 0001:00000310       ?_Doraise@exception@stdext@@MEBAXXZ 0000000180001310 f i imager.obj
 0001:00000310       ?imbue@?$basic_streambuf@DU?$char_traits@D@std@@@std@@MEAAXAEBVlocale@2@@Z 0000000180001310 f i libcpmt:cout.obj
 0001:00000310       ?_Unlock@?$basic_streambuf@DU?$char_traits@D@std@@@std@@UEAAXXZ 0000000180001310 f i libcpmt:cout.obj
 0001:00000310       __except_validate_context_record 0000000180001310 f i libvcruntime:jbcxrval.obj
 0001:00000320       ??_Gexception@stdext@@UEAAPEAXI@Z 0000000180001320 f i imager.obj
 0001:00000320       ??_Eexception@stdext@@UEAAPEAXI@Z 0000000180001320 f i * CIL library *:* CIL module *
 0001:00000320       ??_Eruntime_error@std@@UEAAPEAXI@Z 0000000180001320 f i * CIL library *:* CIL module *
 0001:00000320       ??_Gruntime_error@std@@UEAAPEAXI@Z 0000000180001320 f i imager.obj
 0001:00000350       ?_Deallocate@std@@YAXPEAX_K1@Z 0000000180001350 f i imager.obj
 0001:000003c0       ??0_Locinfo@std@@QEAA@PEBD@Z 00000001800013c0 f i imager.obj
 0001:00000480       ??1_Locinfo@std@@QEAA@XZ   0000000180001480 f i imager.obj
 0001:00000520       ??_E_Facet_base@std@@UEAAPEAXI@Z 0000000180001520 f i * CIL library *:* CIL module *
 0001:00000520       ??_G_Facet_base@std@@UEAAPEAXI@Z 0000000180001520 f i imager.obj
 0001:00000550       ?_Incref@facet@locale@std@@UEAAXXZ 0000000180001550 f i imager.obj
 0001:00000560       ?_Decref@facet@locale@std@@UEAAPEAV_Facet_base@3@XZ 0000000180001560 f i imager.obj
 0001:00000570       ?_Getcat@?$ctype@D@std@@SA_KPEAPEBVfacet@locale@2@PEBV42@@Z 0000000180001570 f i imager.obj
 0001:00000630       ?do_tolower@?$ctype@D@std@@MEBADD@Z 0000000180001630 f i imager.obj
 0001:00000640       ?do_tolower@?$ctype@D@std@@MEBAPEBDPEADPEBD@Z 0000000180001640 f i imager.obj
 0001:000006a0       ?do_toupper@?$ctype@D@std@@MEBADD@Z 00000001800016a0 f i imager.obj
 0001:000006b0       ?do_toupper@?$ctype@D@std@@MEBAPEBDPEADPEBD@Z 00000001800016b0 f i imager.obj
 0001:00000710       ?do_narrow@?$ctype@D@std@@MEBADDD@Z 0000000180001710 f i imager.obj
 0001:00000710       ?do_widen@?$ctype@D@std@@MEBADD@Z 0000000180001710 f i imager.obj
 0001:00000720       ?do_widen@?$ctype@D@std@@MEBAPEBDPEBD0PEAD@Z 0000000180001720 f i imager.obj
 0001:00000740       ?do_narrow@?$ctype@D@std@@MEBAPEBDPEBD0DPEAD@Z 0000000180001740 f i imager.obj
 0001:00000760       ??_E?$ctype@D@std@@MEAAPEAXI@Z 0000000180001760 f i * CIL library *:* CIL module *
 0001:00000760       ??_G?$ctype@D@std@@MEAAPEAXI@Z 0000000180001760 f i imager.obj
 0001:000007d0       ??_Eerror_category@std@@UEAAPEAXI@Z 00000001800017d0 f i * CIL library *:* CIL module *
 0001:000007d0       ??_G_Iostream_error_category@std@@UEAAPEAXI@Z 00000001800017d0 f i imager.obj
 0001:000007d0       ??_E_Iostream_error_category@std@@UEAAPEAXI@Z 00000001800017d0 f i * CIL library *:* CIL module *
 0001:000007d0       ??_Gerror_category@std@@UEAAPEAXI@Z 00000001800017d0 f i imager.obj
 0001:00000800       ?default_error_condition@error_category@std@@UEBA?AVerror_condition@2@H@Z 0000000180001800 f i imager.obj
 0001:00000810       ?equivalent@error_category@std@@UEBA_NHAEBVerror_condition@2@@Z 0000000180001810 f i imager.obj
 0001:00000870       ?equivalent@error_category@std@@UEBA_NAEBVerror_code@2@H@Z 0000000180001870 f i imager.obj
 0001:00000890       ?_Makestr@_System_error@std@@CA?AV?$basic_string@DU?$char_traits@D@std@@V?$allocator@D@2@@2@Verror_code@2@V32@@Z 0000000180001890 f i imager.obj
 0001:000009f0       ??_E_System_error@std@@UEAAPEAXI@Z 00000001800019f0 f i * CIL library *:* CIL module *
 0001:000009f0       ??_Gfailure@ios_base@std@@UEAAPEAXI@Z 00000001800019f0 f i imager.obj
 0001:000009f0       ??_Efailure@ios_base@std@@UEAAPEAXI@Z 00000001800019f0 f i * CIL library *:* CIL module *
 0001:000009f0       ??_G_System_error@std@@UEAAPEAXI@Z 00000001800019f0 f i imager.obj
 0001:00000a20       ?name@_Iostream_error_category@std@@UEBAPEBDXZ 0000000180001a20 f i imager.obj
 0001:00000a30       ?message@_Iostream_error_category@std@@UEBA?AV?$basic_string@DU?$char_traits@D@std@@V?$allocator@D@2@@2@H@Z 0000000180001a30 f i imager.obj
 0001:00000ab0       ?clear@ios_base@std@@QEAAXH_N@Z 0000000180001ab0 f i imager.obj
 0001:00001050       ?readBmp@BMP@@QEAA_NPEAD@Z 0000000180002050 f   imager.obj
 0001:00001200       ?grayScale@BMP@@QEAA_NXZ   0000000180002200 f   imager.obj
 0001:000013e0       ?_saveBmp@BMP@@AEAA_NPEADPEAEHHHPEAUtagRGBQUAD@@@Z 00000001800023e0 f   imager.obj
 0001:00001620       ?To_CharP@imager@@YAPEADV?$Local@VValue@v8@@@v8@@@Z 0000000180002620 f   imager.obj
 0001:00001770       ?grayScale@imager@@YAXAEBV?$FunctionCallbackInfo@VValue@v8@@@v8@@@Z 0000000180002770 f   imager.obj
 0001:00001930       ?init@imager@@YAXV?$Local@VObject@v8@@@v8@@@Z 0000000180002930 f   imager.obj
 0001:00001960       ??1?$basic_string@DU?$char_traits@D@std@@V?$allocator@D@2@@std@@QEAA@XZ 0000000180002960 f i imager.obj
 0001:000019f0       ?assign@?$basic_string@DU?$char_traits@D@std@@V?$allocator@D@2@@std@@QEAAAEAV12@AEBV12@_K1@Z 00000001800029f0 f i imager.obj
 0001:00001b20       ?append@?$basic_string@DU?$char_traits@D@std@@V?$allocator@D@2@@std@@QEAAAEAV12@PEBD_K@Z 0000000180002b20 f i imager.obj
 0001:00001c70       ?append@?$basic_string@DU?$char_traits@D@std@@V?$allocator@D@2@@std@@QEAAAEAV12@AEBV12@_K1@Z 0000000180002c70 f i imager.obj
 0001:00001da0       ?_Xlen@?$basic_string@DU?$char_traits@D@std@@V?$allocator@D@2@@std@@QEBAXXZ 0000000180002da0 f i imager.obj
 0001:00001dc0       ?erase@?$basic_string@DU?$char_traits@D@std@@V?$allocator@D@2@@std@@QEAAAEAV12@_K0@Z 0000000180002dc0 f i imager.obj
 0001:00001e90       ?assign@?$basic_string@DU?$char_traits@D@std@@V?$allocator@D@2@@std@@QEAAAEAV12@PEBD_K@Z 0000000180002e90 f i imager.obj
 0001:00001fd0       ?_Copy@?$basic_string@DU?$char_traits@D@std@@V?$allocator@D@2@@std@@QEAAX_K0@Z 0000000180002fd0 f i imager.obj
 0001:00002160       ??$use_facet@V?$ctype@D@std@@@std@@YAAEBV?$ctype@D@0@AEBVlocale@0@@Z 0000000180003160 f i imager.obj
 0001:00002290       ??$_Immortalize@V_Iostream_error_category@std@@@std@@YAAEAV_Iostream_error_category@0@XZ 0000000180003290 f i imager.obj
 0001:00002310       ??$?6U?$char_traits@D@std@@@std@@YAAEAV?$basic_ostream@DU?$char_traits@D@std@@@0@AEAV10@PEBD@Z 0000000180003310 f i imager.obj
 0001:00002560       ??$NODE_SET_METHOD@V?$Local@VObject@v8@@@v8@@@node@@YAXAEBV?$Local@VObject@v8@@@v8@@PEBDP6AXAEBV?$FunctionCallbackInfo@VValue@v8@@@2@@Z@Z 0000000180003560 f i imager.obj
 0001:00002620       ??0sentry@?$basic_ostream@DU?$char_traits@D@std@@@std@@QEAA@AEAV12@@Z 0000000180003620 f i imager.obj
 0001:00002690       ?flush@?$basic_ostream@DU?$char_traits@D@std@@@std@@QEAAAEAV12@XZ 0000000180003690 f i imager.obj
 0001:00002780       ?put@?$basic_ostream@DU?$char_traits@D@std@@@std@@QEAAAEAV12@D@Z 0000000180003780 f i imager.obj
 0001:000028d0       ?widen@?$basic_ios@DU?$char_traits@D@std@@@std@@QEBADD@Z 00000001800038d0 f i imager.obj
 0001:000029bc       __imp_load_?ThrowException@Isolate@v8@@QEAA?AV?$Local@VValue@v8@@@2@V32@@Z 00000001800039bc f   node:node.exe
 0001:000029c8       __tailMerge_node_exe       00000001800039c8 f i node:node.exe
 0001:00002a41       __imp_load_?GetCurrent@Isolate@v8@@SAPEAV12@XZ 0000000180003a41 f   node:node.exe
 0001:00002a4d       __imp_load_??1HandleScope@v8@@QEAA@XZ 0000000180003a4d f   node:node.exe
 0001:00002a59       __imp_load_??0HandleScope@v8@@QEAA@PEAVIsolate@1@@Z 0000000180003a59 f   node:node.exe
 0001:00002a65       __imp_load_?TypeError@Exception@v8@@SA?AV?$Local@VValue@v8@@@2@V?$Local@VString@v8@@@2@@Z 0000000180003a65 f   node:node.exe
 0001:00002a71       __imp_load_?GetFunction@FunctionTemplate@v8@@QEAA?AV?$Local@VFunction@v8@@@2@XZ 0000000180003a71 f   node:node.exe
 0001:00002a7d       __imp_load_?New@FunctionTemplate@v8@@SA?AV?$Local@VFunctionTemplate@v8@@@2@PEAVIsolate@2@P6AXAEBV?$FunctionCallbackInfo@VValue@v8@@@2@@ZV?$Local@VValue@v8@@@2@V?$Local@VSignature@v8@@@2@H@Z 0000000180003a7d f   node:node.exe
 0001:00002a89       __imp_load_??1Utf8Value@String@v8@@QEAA@XZ 0000000180003a89 f   node:node.exe
 0001:00002a95       __imp_load_??0Utf8Value@String@v8@@QEAA@V?$Local@VValue@v8@@@2@@Z 0000000180003a95 f   node:node.exe
 0001:00002aa1       __imp_load_?NewFromUtf8@String@v8@@SA?AV?$Local@VString@v8@@@2@PEAVIsolate@2@PEBDW4NewStringType@12@H@Z 0000000180003aa1 f   node:node.exe
 0001:00002aad       __imp_load_?Set@Object@v8@@QEAA_NV?$Local@VValue@v8@@@2@0@Z 0000000180003aad f   node:node.exe
 0001:00002ab9       __imp_load_?SetName@Function@v8@@QEAAXV?$Local@VString@v8@@@2@@Z 0000000180003ab9 f   node:node.exe
 0001:00002ac5       __imp_load_node_module_register 0000000180003ac5 f   node:node.exe
 0001:00002ad1       __imp_load_?ToString@Value@v8@@QEBA?AV?$Local@VString@v8@@@2@XZ 0000000180003ad1 f   node:node.exe
 0001:00002ae0       ??0_Init_locks@std@@QEAA@XZ 0000000180003ae0 f   libcpmt:xlock.obj
 0001:00002b2c       ??0_Lockit@std@@QEAA@H@Z   0000000180003b2c f   libcpmt:xlock.obj
 0001:00002b68       ??1_Init_locks@std@@QEAA@XZ 0000000180003b68 f   libcpmt:xlock.obj
 0001:00002bac       ??1_Lockit@std@@QEAA@XZ    0000000180003bac f   libcpmt:xlock.obj
 0001:00002be0       ??$use_facet@V?$codecvt@DDU_Mbstatet@@@std@@@std@@YAAEBV?$codecvt@DDU_Mbstatet@@@0@AEBVlocale@0@@Z 0000000180003be0 f i libcpmt:cout.obj
 0001:00002d18       ??0?$basic_ostream@DU?$char_traits@D@std@@@std@@QEAA@PEAV?$basic_streambuf@DU?$char_traits@D@std@@@1@_N@Z 0000000180003d18 f i libcpmt:cout.obj
 0001:00002de0       ??0?$basic_streambuf@DU?$char_traits@D@std@@@std@@IEAA@XZ 0000000180003de0 f i libcpmt:cout.obj
 0001:00002e90       ??0_Init_cout@std@@QEAA@XZ 0000000180003e90 f i libcpmt:cout.obj
 0001:00002efc       ??0bad_cast@std@@QEAA@AEBV01@@Z 0000000180003efc f i libcpmt:cout.obj
 0001:00002f3c       ??0bad_cast@std@@QEAA@XZ   0000000180003f3c f i libcpmt:cout.obj
 0001:00002f5c       ??0exception@std@@QEAA@AEBV01@@Z 0000000180003f5c f i libcpmt:cout.obj
 0001:00002f94       ??1?$basic_filebuf@DU?$char_traits@D@std@@@std@@UEAA@XZ 0000000180003f94 f i libcpmt:cout.obj
 0001:00003040       ??1?$basic_ios@DU?$char_traits@D@std@@@std@@UEAA@XZ 0000000180004040 f i libcpmt:cout.obj
 0001:00003064       ??1out_of_range@std@@UEAA@XZ 0000000180004064 f i libcpmt:xthrow.obj
 0001:00003064       ??1bad_alloc@std@@UEAA@XZ  0000000180004064 f i libcpmt:xthrow.obj
 0001:00003064       ??1bad_cast@std@@UEAA@XZ   0000000180004064 f i libcpmt:cout.obj
 0001:00003064       ??1bad_array_new_length@std@@UEAA@XZ 0000000180004064 f i LIBCMT:throw_bad_alloc.obj
 0001:00003064       ??1length_error@std@@UEAA@XZ 0000000180004064 f i libcpmt:xthrow.obj
 0001:00003064       ??1bad_exception@std@@UEAA@XZ 0000000180004064 f i libvcruntime:frame.obj
 0001:00003078       ??_E?$basic_ostream@DU?$char_traits@D@std@@@std@@$4PPPPPPPM@A@EAAPEAXI@Z 0000000180004078 f i libcpmt:cout.obj
 0001:00003084       ??_G?$basic_filebuf@DU?$char_traits@D@std@@@std@@UEAAPEAXI@Z 0000000180004084 f i libcpmt:cout.obj
 0001:00003084       ??_E?$basic_filebuf@DU?$char_traits@D@std@@@std@@UEAAPEAXI@Z 0000000180004084 f i libcpmt:cout.obj
 0001:000030b8       ??_G?$basic_ios@DU?$char_traits@D@std@@@std@@UEAAPEAXI@Z 00000001800040b8 f i libcpmt:cout.obj
 0001:000030b8       ??_E?$basic_ios@DU?$char_traits@D@std@@@std@@UEAAPEAXI@Z 00000001800040b8 f i libcpmt:cout.obj
 0001:00003104       ??_E?$basic_ostream@DU?$char_traits@D@std@@@std@@UEAAPEAXI@Z 0000000180004104 f i libcpmt:cout.obj
 0001:00003104       ??_G?$basic_ostream@DU?$char_traits@D@std@@@std@@UEAAPEAXI@Z 0000000180004104 f i libcpmt:cout.obj
 0001:00003178       ??_G?$basic_streambuf@DU?$char_traits@D@std@@@std@@UEAAPEAXI@Z 0000000180004178 f i libcpmt:cout.obj
 0001:00003178       ??_E?$basic_streambuf@DU?$char_traits@D@std@@@std@@UEAAPEAXI@Z 0000000180004178 f i libcpmt:cout.obj
 0001:000031c8       ??_E?$codecvt@DDU_Mbstatet@@@std@@MEAAPEAXI@Z 00000001800041c8 f i libcpmt:cout.obj
 0001:000031c8       ??_G?$codecvt@DDU_Mbstatet@@@std@@MEAAPEAXI@Z 00000001800041c8 f i libcpmt:cout.obj
 0001:000031f4       ??_Eios_base@std@@UEAAPEAXI@Z 00000001800041f4 f i libcpmt:cout.obj
 0001:000031f4       ??_Gios_base@std@@UEAAPEAXI@Z 00000001800041f4 f i libcpmt:cout.obj
 0001:00003240       ??_Glocale@std@@QEAAPEAXI@Z 0000000180004240 f i libcpmt:cout.obj
 0001:000032d0       ?_Endwrite@?$basic_filebuf@DU?$char_traits@D@std@@@std@@IEAA_NXZ 00000001800042d0 f i libcpmt:cout.obj
 0001:00003484       ?_Getcat@?$codecvt@DDU_Mbstatet@@@std@@SA_KPEAPEBVfacet@locale@2@PEBV42@@Z 0000000180004484 f i libcpmt:cout.obj
 0001:00003548       ?_Init@?$basic_filebuf@DU?$char_traits@D@std@@@std@@IEAAXPEAU_iobuf@@W4_Initfl@12@@Z 0000000180004548 f i libcpmt:cout.obj
 0001:00003634       ?_Init@ios_base@std@@IEAAXXZ 0000000180004634 f i libcpmt:cout.obj
 0001:000036b4       ?_Initcvt@?$basic_filebuf@DU?$char_traits@D@std@@@std@@IEAAXPEBV?$codecvt@DDU_Mbstatet@@@2@@Z 00000001800046b4 f i libcpmt:cout.obj
 0001:00003754       ?_Lock@?$basic_filebuf@DU?$char_traits@D@std@@@std@@UEAAXXZ 0000000180004754 f i libcpmt:cout.obj
 0001:00003770       ?_Unlock@?$basic_filebuf@DU?$char_traits@D@std@@@std@@UEAAXXZ 0000000180004770 f i libcpmt:cout.obj
 0001:0000378c       ?append@?$basic_string@DU?$char_traits@D@std@@V?$allocator@D@2@@std@@QEAAAEAV12@_KD@Z 000000018000478c f i libcpmt:cout.obj
 0001:0000387c       ?do_length@?$codecvt@DDU_Mbstatet@@@std@@MEBAHAEAU_Mbstatet@@PEBD1_K@Z 000000018000487c f i libcpmt:cout.obj
 0001:00003890       ?do_out@?$codecvt@DDU_Mbstatet@@@std@@MEBAHAEAU_Mbstatet@@PEBD1AEAPEBDPEAD3AEAPEAD@Z 0000000180004890 f i libcpmt:cout.obj
 0001:00003890       ?do_in@?$codecvt@DDU_Mbstatet@@@std@@MEBAHAEAU_Mbstatet@@PEBD1AEAPEBDPEAD3AEAPEAD@Z 0000000180004890 f i libcpmt:cout.obj
 0001:000038ac       ?do_unshift@?$codecvt@DDU_Mbstatet@@@std@@MEBAHAEAU_Mbstatet@@PEAD1AEAPEAD@Z 00000001800048ac f i libcpmt:cout.obj
 0001:000038b8       ?imbue@?$basic_filebuf@DU?$char_traits@D@std@@@std@@MEAAXAEBVlocale@2@@Z 00000001800048b8 f i libcpmt:cout.obj
 0001:000038dc       ?overflow@?$basic_filebuf@DU?$char_traits@D@std@@@std@@MEAAHH@Z 00000001800048dc f i libcpmt:cout.obj
 0001:00003b34       ?underflow@?$basic_streambuf@DU?$char_traits@D@std@@@std@@MEAAHXZ 0000000180004b34 f i libcpmt:cout.obj
 0001:00003b34       ?pbackfail@?$basic_streambuf@DU?$char_traits@D@std@@@std@@MEAAHH@Z 0000000180004b34 f i libcpmt:cout.obj
 0001:00003b34       ?overflow@?$basic_streambuf@DU?$char_traits@D@std@@@std@@MEAAHH@Z 0000000180004b34 f i libcpmt:cout.obj
 0001:00003b38       ?pbackfail@?$basic_filebuf@DU?$char_traits@D@std@@@std@@MEAAHH@Z 0000000180004b38 f i libcpmt:cout.obj
 0001:00003c08       ?seekoff@?$basic_filebuf@DU?$char_traits@D@std@@@std@@MEAA?AV?$fpos@U_Mbstatet@@@2@_JHH@Z 0000000180004c08 f i libcpmt:cout.obj
 0001:00003cf4       ?seekoff@?$basic_streambuf@DU?$char_traits@D@std@@@std@@MEAA?AV?$fpos@U_Mbstatet@@@2@_JHH@Z 0000000180004cf4 f i libcpmt:cout.obj
 0001:00003cf4       ?seekpos@?$basic_streambuf@DU?$char_traits@D@std@@@std@@MEAA?AV?$fpos@U_Mbstatet@@@2@V32@H@Z 0000000180004cf4 f i libcpmt:cout.obj
 0001:00003d10       ?seekpos@?$basic_filebuf@DU?$char_traits@D@std@@@std@@MEAA?AV?$fpos@U_Mbstatet@@@2@V32@H@Z 0000000180004d10 f i libcpmt:cout.obj
 0001:00003e10       ?setbuf@?$basic_filebuf@DU?$char_traits@D@std@@@std@@MEAAPEAV?$basic_streambuf@DU?$char_traits@D@std@@@2@PEAD_J@Z 0000000180004e10 f i libcpmt:cout.obj
 0001:00003e64       ?setbuf@?$basic_streambuf@DU?$char_traits@D@std@@@std@@MEAAPEAV12@PEAD_J@Z 0000000180004e64 f i libcpmt:cout.obj
 0001:00003e68       ?sync@?$basic_filebuf@DU?$char_traits@D@std@@@std@@MEAAHXZ 0000000180004e68 f i libcpmt:cout.obj
 0001:00003ec8       ?showmanyc@?$basic_streambuf@DU?$char_traits@D@std@@@std@@MEAA_JXZ 0000000180004ec8 f i libcpmt:cout.obj
 0001:00003ec8       ?sync@?$basic_streambuf@DU?$char_traits@D@std@@@std@@MEAAHXZ 0000000180004ec8 f i libcpmt:cout.obj
 0001:00003ecc       ?uflow@?$basic_filebuf@DU?$char_traits@D@std@@@std@@MEAAHXZ 0000000180004ecc f i libcpmt:cout.obj
 0001:00004164       ?uflow@?$basic_streambuf@DU?$char_traits@D@std@@@std@@MEAAHXZ 0000000180005164 f i libcpmt:cout.obj
 0001:000041b0       ?underflow@?$basic_filebuf@DU?$char_traits@D@std@@@std@@MEAAHXZ 00000001800051b0 f i libcpmt:cout.obj
 0001:00004228       ?what@exception@std@@UEBAPEBDXZ 0000000180005228 f i libcpmt:cout.obj
 0001:0000423c       ?xsgetn@?$basic_streambuf@DU?$char_traits@D@std@@@std@@MEAA_JPEAD_J@Z 000000018000523c f i libcpmt:cout.obj
 0001:000042fc       ?xsputn@?$basic_streambuf@DU?$char_traits@D@std@@@std@@MEAA_JPEBD_J@Z 00000001800052fc f i libcpmt:cout.obj
 0001:000043c0       ??4?$_Yarn@D@std@@QEAAAEAV01@PEBD@Z 00000001800053c0 f i libcpmt:locale0.obj
 0001:00004438       ??_G_Fac_node@std@@QEAAPEAXI@Z 0000000180005438 f i libcpmt:locale0.obj
 0001:000044c4       ??_E_Locimp@locale@std@@MEAAPEAXI@Z 00000001800054c4 f i libcpmt:locale0.obj
 0001:000044c4       ??_G_Locimp@locale@std@@MEAAPEAXI@Z 00000001800054c4 f i libcpmt:locale0.obj
 0001:00004530       ?_Facet_Register@std@@YAXPEAV_Facet_base@1@@Z 0000000180005530 f   libcpmt:locale0.obj
 0001:00004568       ?_Getgloballocale@locale@std@@CAPEAV_Locimp@12@XZ 0000000180005568 f   libcpmt:locale0.obj
 0001:00004570       ?_Init@locale@std@@CAPEAV_Locimp@12@_N@Z 0000000180005570 f   libcpmt:locale0.obj
 0001:0000462c       ?_Locimp_dtor@_Locimp@locale@std@@CAXPEAV123@@Z 000000018000562c f   libcpmt:locale0.obj
 0001:000046d4       ?_Locinfo_ctor@_Locinfo@std@@SAXPEAV12@PEBD@Z 00000001800056d4 f   libcpmt:locale0.obj
 0001:00004740       ?_Locinfo_dtor@_Locinfo@std@@SAXPEAV12@@Z 0000000180005740 f   libcpmt:locale0.obj
 0001:00004764       ?_New_Locimp@_Locimp@locale@std@@CAPEAV123@_N@Z 0000000180005764 f   libcpmt:locale0.obj
 0001:000047d4       ?_Setgloballocale@locale@std@@CAXPEAX@Z 00000001800057d4 f   libcpmt:locale0.obj
 0001:00004808       _Deletegloballocale        0000000180005808 f   libcpmt:locale0.obj
 0001:00004890       ??0bad_alloc@std@@QEAA@AEBV01@@Z 0000000180005890 f i libcpmt:xthrow.obj
 0001:000048d0       ??0bad_alloc@std@@QEAA@XZ  00000001800058d0 f i libcpmt:xthrow.obj
 0001:000048f0       ??0length_error@std@@QEAA@AEBV01@@Z 00000001800058f0 f i libcpmt:xthrow.obj
 0001:00004930       ??0length_error@std@@QEAA@PEBD@Z 0000000180005930 f i libcpmt:xthrow.obj
 0001:0000497c       ??0logic_error@std@@QEAA@AEBV01@@Z 000000018000597c f i libcpmt:xthrow.obj
 0001:000049bc       ??0out_of_range@std@@QEAA@AEBV01@@Z 00000001800059bc f i libcpmt:xthrow.obj
 0001:000049fc       ??0out_of_range@std@@QEAA@PEBD@Z 00000001800059fc f i libcpmt:xthrow.obj
 0001:00004a48       ??_Ebad_alloc@std@@UEAAPEAXI@Z 0000000180005a48 f i libcpmt:xthrow.obj
 0001:00004a48       ??_Elength_error@std@@UEAAPEAXI@Z 0000000180005a48 f i libcpmt:xthrow.obj
 0001:00004a48       ??_Gbad_exception@std@@UEAAPEAXI@Z 0000000180005a48 f i libvcruntime:frame.obj
 0001:00004a48       ??_Eout_of_range@std@@UEAAPEAXI@Z 0000000180005a48 f i libcpmt:xthrow.obj
 0001:00004a48       ??_Gout_of_range@std@@UEAAPEAXI@Z 0000000180005a48 f i libcpmt:xthrow.obj
 0001:00004a48       ??_Glogic_error@std@@UEAAPEAXI@Z 0000000180005a48 f i libcpmt:xthrow.obj
 0001:00004a48       ??_Ebad_array_new_length@std@@UEAAPEAXI@Z 0000000180005a48 f i LIBCMT:throw_bad_alloc.obj
 0001:00004a48       ??_Gbad_alloc@std@@UEAAPEAXI@Z 0000000180005a48 f i libcpmt:xthrow.obj
 0001:00004a48       ??_Elogic_error@std@@UEAAPEAXI@Z 0000000180005a48 f i libcpmt:xthrow.obj
 0001:00004a48       ??_Ebad_cast@std@@UEAAPEAXI@Z 0000000180005a48 f i libcpmt:cout.obj
 0001:00004a48       ??_Gexception@std@@UEAAPEAXI@Z 0000000180005a48 f i libcpmt:cout.obj
 0001:00004a48       ??_Glength_error@std@@UEAAPEAXI@Z 0000000180005a48 f i libcpmt:xthrow.obj
 0001:00004a48       ??_Gbad_array_new_length@std@@UEAAPEAXI@Z 0000000180005a48 f i LIBCMT:throw_bad_alloc.obj
 0001:00004a48       ??_Gbad_cast@std@@UEAAPEAXI@Z 0000000180005a48 f i libcpmt:cout.obj
 0001:00004a48       ??_Ebad_exception@std@@UEAAPEAXI@Z 0000000180005a48 f i libvcruntime:frame.obj
 0001:00004a48       ??_Eexception@std@@UEAAPEAXI@Z 0000000180005a48 f i libcpmt:cout.obj
 0001:00004a8c       ?_Xlength_error@std@@YAXPEBD@Z 0000000180005a8c f   libcpmt:xthrow.obj
 0001:00004ab0       ?_Xout_of_range@std@@YAXPEBD@Z 0000000180005ab0 f   libcpmt:xthrow.obj
 0001:00004ad4       ?_Syserror_map@std@@YAPEBDH@Z 0000000180005ad4 f   libcpmt:syserror.obj
 0001:00004afc       _Getctype                  0000000180005afc f   libcpmt:_tolower.obj
 0001:00004bbc       _Tolower                   0000000180005bbc f   libcpmt:_tolower.obj
 0001:00004ce4       _Toupper                   0000000180005ce4 f   libcpmt:_toupper.obj
 0001:00004e1c       _Mtxdst                    0000000180005e1c f   libcpmt:xmtx.obj
 0001:00004e24       _Mtxinit                   0000000180005e24 f   libcpmt:xmtx.obj
 0001:00004e34       _Mtxlock                   0000000180005e34 f   libcpmt:xmtx.obj
 0001:00004e3c       _Mtxunlock                 0000000180005e3c f   libcpmt:xmtx.obj
 0001:00004e44       ?_Addstd@ios_base@std@@SAXPEAV12@@Z 0000000180005e44 f   libcpmt:ios.obj
 0001:00004eb4       ?_Ios_base_dtor@ios_base@std@@CAXPEAV12@@Z 0000000180005eb4 f   libcpmt:ios.obj
 0001:00004ef8       ?_Tidy@ios_base@std@@AEAAXXZ 0000000180005ef8 f i libcpmt:ios.obj
 0001:00004f88       ?_Atexit@@YAXP6AXXZ@Z      0000000180005f88 f   libcpmt:iosptrs.obj
 0001:00004fc8       __local_stdio_printf_options 0000000180005fc8 f i libcpmt:locale.obj
 0001:00004fd0       __crtLCMapStringA          0000000180005fd0 f   libcpmt:StlLCMapStringA.obj
 0001:00005794       __crtInitializeCriticalSectionEx 0000000180006794 f   libcpmt:winapisupp.obj
 0001:000057f4       GetTableIndexFromLocaleName 00000001800067f4 f   libcpmt:winapinls.obj
 0001:00005880       __crtDownlevelLocaleNameToLCID 0000000180006880 f   libcpmt:winapinls.obj
 0001:000058b4       __crtLCMapStringEx         00000001800068b4 f   libcpmt:winapinls.obj
 0001:00005970       __wcsnicmp_ascii           0000000180006970 f   libcpmt:winapinls.obj
 0001:000059e0       __security_check_cookie    00000001800069e0 f   LIBCMT:_amdsecgs_.obj
 0001:00005a04       ??3@YAXPEAX_K@Z            0000000180006a04 f   LIBCMT:delete_scalar_size.obj
 0001:00005a04       ??_V@YAXPEAX@Z             0000000180006a04 f   LIBCMT:delete_array.obj
 0001:00005b54       _Init_thread_footer        0000000180006b54 f   LIBCMT:thread_safe_statics.obj
 0001:00005bb4       _Init_thread_header        0000000180006bb4 f   LIBCMT:thread_safe_statics.obj
 0001:00005c1c       _Init_thread_notify        0000000180006c1c f   LIBCMT:thread_safe_statics.obj
 0001:00005c78       _Init_thread_wait          0000000180006c78 f   LIBCMT:thread_safe_statics.obj
 0001:00005d10       ??2@YAPEAX_K@Z             0000000180006d10 f   LIBCMT:new_scalar.obj
 0001:00005d4c       __scrt_acquire_startup_lock 0000000180006d4c f   LIBCMT:utility.obj
 0001:00005d88       __scrt_dllmain_after_initialize_c 0000000180006d88 f   LIBCMT:utility.obj
 0001:00005dbc       __scrt_dllmain_before_initialize_c 0000000180006dbc f   LIBCMT:utility.obj
 0001:00005dd4       __scrt_dllmain_crt_thread_attach 0000000180006dd4 f   LIBCMT:utility.obj
 0001:00005dfc       __scrt_dllmain_crt_thread_detach 0000000180006dfc f   LIBCMT:utility.obj
 0001:00005e14       __scrt_dllmain_exception_filter 0000000180006e14 f   LIBCMT:utility.obj
 0001:00005e78       __scrt_dllmain_uninitialize_c 0000000180006e78 f   LIBCMT:utility.obj
 0001:00005ea8       __scrt_dllmain_uninitialize_critical 0000000180006ea8 f   LIBCMT:utility.obj
 0001:00005ebc       __scrt_initialize_crt      0000000180006ebc f   LIBCMT:utility.obj
 0001:00005f08       __scrt_initialize_onexit_tables 0000000180006f08 f   LIBCMT:utility.obj
 0001:00005fd4       __scrt_is_nonwritable_in_current_image 0000000180006fd4 f   LIBCMT:utility.obj
 0001:00006070       __scrt_release_startup_lock 0000000180007070 f   LIBCMT:utility.obj
 0001:00006094       __scrt_uninitialize_crt    0000000180007094 f   LIBCMT:utility.obj
 0001:000060c0       _onexit                    00000001800070c0 f   LIBCMT:utility.obj
 0001:00006110       atexit                     0000000180007110 f   LIBCMT:utility.obj
 0001:00006128       ??3@YAXPEAX@Z              0000000180007128 f   LIBCMT:delete_scalar.obj
 0001:00006130       ??_U@YAPEAX_K@Z            0000000180007130 f   LIBCMT:new_array.obj
 0001:000064a8       _DllMainCRTStartup         00000001800074a8 f   LIBCMT:dll_dllmain.obj
 0001:000064e8       __GSHandlerCheck           00000001800074e8 f   LIBCMT:_gshandler_.obj
 0001:00006508       __GSHandlerCheckCommon     0000000180007508 f   LIBCMT:_gshandler_.obj
 0001:00006564       __GSHandlerCheck_EH        0000000180007564 f   LIBCMT:gshandlereh.obj
 0001:000065f4       _guard_check_icall         00000001800075f4 f i LIBCMT:checkcfg.obj
 0001:000065fc       ??_Etype_info@@UEAAPEAXI@Z 00000001800075fc f i LIBCMT:std_type_info_static.obj
 0001:000065fc       ??_Gtype_info@@UEAAPEAXI@Z 00000001800075fc f i LIBCMT:std_type_info_static.obj
 0001:00006640       _alloca_probe              0000000180007640 f   LIBCMT:_chkstk_.obj
 0001:00006640       __chkstk                   0000000180007640 f   LIBCMT:_chkstk_.obj
 0001:00006694       __raise_securityfailure    0000000180007694 f   LIBCMT:gs_report.obj
 0001:000066c8       __report_gsfailure         00000001800076c8 f   LIBCMT:gs_report.obj
 0001:0000679c       __report_rangecheckfailure 000000018000779c f   LIBCMT:gs_report.obj
 0001:000067b0       __report_securityfailure   00000001800077b0 f   LIBCMT:gs_report.obj
 0001:00006930       __crt_debugger_hook        0000000180007930 f   LIBCMT:utility_desktop.obj
 0001:00006938       __scrt_fastfail            0000000180007938 f   LIBCMT:utility_desktop.obj
 0001:00006a80       ??0bad_array_new_length@std@@QEAA@AEBV01@@Z 0000000180007a80 f i LIBCMT:throw_bad_alloc.obj
 0001:00006ac0       ??0bad_array_new_length@std@@QEAA@XZ 0000000180007ac0 f i LIBCMT:throw_bad_alloc.obj
 0001:00006ae0       ?_Xbad_alloc@std@@YAXXZ    0000000180007ae0 f   libcpmt:xthrow.obj
 0001:00006ae0       ?__scrt_throw_std_bad_alloc@@YAXXZ 0000000180007ae0 f   LIBCMT:throw_bad_alloc.obj
 0001:00006b00       ?__scrt_throw_std_bad_array_new_length@@YAXXZ 0000000180007b00 f   LIBCMT:throw_bad_alloc.obj
 0001:00006b20       __isa_available_init       0000000180007b20 f   LIBCMT:_cpu_disp_.obj
 0001:00006ce4       ?do_encoding@codecvt_base@std@@MEBAHXZ 0000000180007ce4 f   libcpmt:cout.obj
 0001:00006ce4       _get_startup_argv_mode     0000000180007ce4 f   LIBCMT:argv_mode.obj
 0001:00006ce4       ?do_max_length@codecvt_base@std@@MEBAHXZ 0000000180007ce4 f   libcpmt:cout.obj
 0001:00006ce4       DllMain                    0000000180007ce4 f   LIBCMT:dll_dllmain_stub.obj
 0001:00006cec       __scrt_is_ucrt_dll_in_use  0000000180007cec f   LIBCMT:ucrt_detection.obj
 0001:00006cf8       __security_init_cookie     0000000180007cf8 f   LIBCMT:gs_support.obj
 0001:00006da4       ?__scrt_initialize_type_info@@YAXXZ 0000000180007da4 f   LIBCMT:tncleanup.obj
 0001:00006db4       ?__scrt_uninitialize_type_info@@YAXXZ 0000000180007db4 f   LIBCMT:tncleanup.obj
 0001:00006dc0       __local_stdio_scanf_options 0000000180007dc0 f i LIBCMT:default_local_stdio_options.obj
 0001:00006dc8       __scrt_initialize_default_local_stdio_options 0000000180007dc8 f   LIBCMT:default_local_stdio_options.obj
 0001:00006de4       __scrt_get_dyn_tls_init_callback 0000000180007de4 f   LIBCMT:dyn_tls_init.obj
 0001:00006dec       _RTC_Initialize            0000000180007dec f   LIBCMT:_initsect_.obj
 0001:00006e38       _RTC_Terminate             0000000180007e38 f   LIBCMT:_initsect_.obj
 0001:00006ea0       memmove                    0000000180007ea0 f   libvcruntime:memcpy.obj
 0001:00006ea0       memcpy                     0000000180007ea0 f   libvcruntime:memcpy.obj
 0001:000072d8       _purecall                  00000001800082d8 f   libvcruntime:purevirt.obj
 0001:00007314       __DestructExceptionObject  0000000180008314 f   libvcruntime:frame.obj
 0001:0000739c       ??0bad_exception@std@@QEAA@AEBV01@@Z 000000018000839c f i libvcruntime:frame.obj
 0001:000073dc       ??0bad_exception@std@@QEAA@XZ 00000001800083dc f i libvcruntime:frame.obj
 0001:00007d3c       ?_CallMemberFunction0@@YAXPEAXP6AX0@Z@Z 0000000180008d3c f i libvcruntime:frame.obj
 0001:00007d40       ?_CallMemberFunction1@@YAXPEAXP6AX0@Z0@Z 0000000180008d40 f i libvcruntime:frame.obj
 0001:00007d4c       ?_CallMemberFunction2@@YAXPEAXP6AX0@Z0H@Z 0000000180008d4c f i libvcruntime:frame.obj
 0001:00007d5c       __AdjustPointer            0000000180008d5c f   libvcruntime:frame.obj
 0001:00007d80       __BuildCatchObject         0000000180008d80 f   libvcruntime:frame.obj
 0001:00007e48       __BuildCatchObjectHelper   0000000180008e48 f   libvcruntime:frame.obj
 0001:0000802c       __CxxCallCatchBlock        000000018000902c f   libvcruntime:frame.obj
 0001:00008218       __FrameUnwindFilter        0000000180009218 f   libvcruntime:frame.obj
 0001:00008264       __FrameUnwindToState       0000000180009264 f   libvcruntime:frame.obj
 0001:000083f8       __InternalCxxFrameHandler  00000001800093f8 f   libvcruntime:frame.obj
 0001:00008650       __TypeMatch                0000000180009650 f   libvcruntime:frame.obj
 0001:00008790       __std_terminate            0000000180009790 f   libvcruntime:frame.obj
 0001:0000879c       __std_exception_copy       000000018000979c f   libvcruntime:std_exception.obj
 0001:0000882c       __std_exception_destroy    000000018000982c f   libvcruntime:std_exception.obj
 0001:00008854       _CxxThrowException         0000000180009854 f   libvcruntime:throw.obj
 0001:0000892c       ?_GetEstablisherFrame@@YAPEA_KPEA_KPEAU_xDISPATCHER_CONTEXT@@PEBU_s_FuncInfo@@0@Z 000000018000992c f   libvcruntime:trnsctrl.obj
 0001:000089f8       ?_GetRangeOfTrysToCheck@@YAPEBU_s_TryBlockMapEntry@@PEA_KPEBU_s_FuncInfo@@HHPEAI2PEAU_xDISPATCHER_CONTEXT@@@Z 00000001800099f8 f   libvcruntime:trnsctrl.obj
 0001:00008b24       ?__FrameUnwindToEmptyState@@YAXPEA_KPEAU_xDISPATCHER_CONTEXT@@PEBU_s_FuncInfo@@@Z 0000000180009b24 f   libvcruntime:trnsctrl.obj
 0001:00008bb8       ?__SehTransFilter@@YAHPEAU_EXCEPTION_POINTERS@@PEAUEHExceptionRecord@@PEA_KPEAU_CONTEXT@@PEAU_xDISPATCHER_CONTEXT@@PEBU_s_FuncInfo@@PEAH@Z 0000000180009bb8 f   libvcruntime:trnsctrl.obj
 0001:00008c50       _CallSETranslator          0000000180009c50 f   libvcruntime:trnsctrl.obj
 0001:00008ca8       _CreateFrameInfo           0000000180009ca8 f   libvcruntime:trnsctrl.obj
 0001:00008ce4       _FindAndUnlinkFrame        0000000180009ce4 f   libvcruntime:trnsctrl.obj
 0001:00008d3c       _GetImageBase              0000000180009d3c f   libvcruntime:trnsctrl.obj
 0001:00008d50       _GetThrowImageBase         0000000180009d50 f   libvcruntime:trnsctrl.obj
 0001:00008d64       _IsExceptionObjectToBeDestroyed 0000000180009d64 f   libvcruntime:trnsctrl.obj
 0001:00008d94       _SetImageBase              0000000180009d94 f   libvcruntime:trnsctrl.obj
 0001:00008dac       _SetThrowImageBase         0000000180009dac f   libvcruntime:trnsctrl.obj
 0001:00008dc4       _UnwindNestedFrames        0000000180009dc4 f   libvcruntime:trnsctrl.obj
 0001:00008ee8       __CxxFrameHandler3         0000000180009ee8 f   libvcruntime:trnsctrl.obj
 0001:00008f80       memset                     0000000180009f80 f   libvcruntime:memset.obj
 0001:00009130       memcmp                     000000018000a130 f   libvcruntime:memcmp.obj
 0001:000093c0       __vcrt_EventRegister       000000018000a3c0 f   libvcruntime:winapi_downlevel.obj
 0001:00009444       __vcrt_EventSetInformation 000000018000a444 f   libvcruntime:winapi_downlevel.obj
 0001:000094c8       __vcrt_EventUnregister     000000018000a4c8 f   libvcruntime:winapi_downlevel.obj
 0001:0000951c       __vcrt_EventWriteTransfer  000000018000a51c f   libvcruntime:winapi_downlevel.obj
 0001:000095b4       __vcrt_FlsAlloc            000000018000a5b4 f   libvcruntime:winapi_downlevel.obj
 0001:00009608       __vcrt_FlsFree             000000018000a608 f   libvcruntime:winapi_downlevel.obj
 0001:0000965c       __vcrt_FlsGetValue         000000018000a65c f   libvcruntime:winapi_downlevel.obj
 0001:000096b0       __vcrt_FlsSetValue         000000018000a6b0 f   libvcruntime:winapi_downlevel.obj
 0001:00009718       __vcrt_InitializeCriticalSectionEx 000000018000a718 f   libvcruntime:winapi_downlevel.obj
 0001:00009790       __vcrt_initialize_winapi_thunks 000000018000a790 f   libvcruntime:winapi_downlevel.obj
 0001:000097c8       __vcrt_uninitialize_winapi_thunks 000000018000a7c8 f   libvcruntime:winapi_downlevel.obj
 0001:00009808       __vcrt_initialize          000000018000a808 f   libvcruntime:initialization.obj
 0001:00009840       __vcrt_thread_attach       000000018000a840 f   libvcruntime:initialization.obj
 0001:00009854       __vcrt_thread_detach       000000018000a854 f   libvcruntime:initialization.obj
 0001:00009868       __vcrt_uninitialize        000000018000a868 f   libvcruntime:initialization.obj
 0001:00009894       __vcrt_uninitialize_critical 000000018000a894 f   libvcruntime:initialization.obj
 0001:000098a4       __C_specific_handler       000000018000a8a4 f   libvcruntime:_chandler_.obj
 0001:00009aa4       __telemetry_main_invoke_trigger 000000018000aaa4 f   libvcruntime:telemetry.obj
 0001:00009bbc       __telemetry_main_return_trigger 000000018000abbc f   libvcruntime:telemetry.obj
 0001:00009cd4       __vcrt_initialize_telemetry_provider 000000018000acd4 f   libvcruntime:telemetry.obj
 0001:00009ce8       __vcrt_uninitialize_telemetry_provider 000000018000ace8 f   libvcruntime:telemetry.obj
 0001:00009d08       __std_type_info_compare    000000018000ad08 f   libvcruntime:std_type_info.obj
 0001:00009d30       __std_type_info_destroy_list 000000018000ad30 f   libvcruntime:std_type_info.obj
 0001:00009d5c       __vcrt_initialize_pure_virtual_call_handler 000000018000ad5c f   libvcruntime:purevirt_data.obj
 0001:00009d80       __vcrt_freefls             000000018000ad80 f   libvcruntime:per_thread_data.obj
 0001:00009da0       __vcrt_freeptd             000000018000ada0 f   libvcruntime:per_thread_data.obj
 0001:00009df0       __vcrt_getptd              000000018000adf0 f   libvcruntime:per_thread_data.obj
 0001:00009e0c       __vcrt_getptd_noexit       000000018000ae0c f   libvcruntime:per_thread_data.obj
 0001:00009ec4       __vcrt_initialize_ptd      000000018000aec4 f   libvcruntime:per_thread_data.obj
 0001:00009f04       __vcrt_uninitialize_ptd    000000018000af04 f   libvcruntime:per_thread_data.obj
 0001:00009f28       ?__GetCurrentState@@YAHPEA_KPEAU_xDISPATCHER_CONTEXT@@PEBU_s_FuncInfo@@@Z 000000018000af28 f   libvcruntime:ehstate.obj
 0001:00009f50       ?__GetUnwindTryBlock@@YAHPEA_KPEAU_xDISPATCHER_CONTEXT@@PEBU_s_FuncInfo@@@Z 000000018000af50 f   libvcruntime:ehstate.obj
 0001:00009f7c       ?__SetState@@YAXPEA_KPEAU_xDISPATCHER_CONTEXT@@PEBU_s_FuncInfo@@H@Z 000000018000af7c f   libvcruntime:ehstate.obj
 0001:00009f88       ?__SetUnwindTryBlock@@YAXPEA_KPEAU_xDISPATCHER_CONTEXT@@PEBU_s_FuncInfo@@H@Z 000000018000af88 f   libvcruntime:ehstate.obj
 0001:00009fc4       ?__StateFromControlPc@@YAHPEBU_s_FuncInfo@@PEAU_xDISPATCHER_CONTEXT@@@Z 000000018000afc4 f   libvcruntime:ehstate.obj
 0001:00009fcc       ?__StateFromIp@@YAHPEBU_s_FuncInfo@@PEAU_xDISPATCHER_CONTEXT@@_J@Z 000000018000afcc f   libvcruntime:ehstate.obj
 0001:0000a050       _CallSettingFrame          000000018000b050 f   libvcruntime:handlers.obj
 0001:0000a0a0       _local_unwind              000000018000b0a0 f   libvcruntime:_jmpuwind_.obj
 0001:0000a0d0       _NLG_Notify                000000018000b0d0 f   libvcruntime:_jmpuwind_.obj
 0001:0000a0f0       __NLG_Dispatch2            000000018000b0f0 f   libvcruntime:_jmpuwind_.obj
 0001:0000a100       __NLG_Return2              000000018000b100 f   libvcruntime:_jmpuwind_.obj
 0001:0000a104       __vcrt_initialize_locks    000000018000b104 f   libvcruntime:locks.obj
 0001:0000a14c       __vcrt_uninitialize_locks  000000018000b14c f   libvcruntime:locks.obj
 0001:0000a184       abort                      000000018000b184 f   libucrt:abort.obj
 0001:0000a2ac       fopen                      000000018000b2ac f   libucrt:fopen.obj
 0001:0000a2b8       __acrt_call_reportfault    000000018000b2b8 f   libucrt:invalid_parameter.obj
 0001:0000a414       __acrt_initialize_invalid_parameter_handler 000000018000b414 f   libucrt:invalid_parameter.obj
 0001:0000a41c       _invalid_parameter         000000018000b41c f   libucrt:invalid_parameter.obj
 0001:0000a4c4       _invalid_parameter_noinfo  000000018000b4c4 f   libucrt:invalid_parameter.obj
 0001:0000a4e4       _invalid_parameter_noinfo_noreturn 000000018000b4e4 f   libucrt:invalid_parameter.obj
 0001:0000a514       _invoke_watson             000000018000b514 f   libucrt:invalid_parameter.obj
 0001:0000a55c       _fclose_nolock             000000018000b55c f   libucrt:fclose.obj
 0001:0000a5e0       fclose                     000000018000b5e0 f   libucrt:fclose.obj
 0001:0000a8c0       _fseeki64                  000000018000b8c0 f   libucrt:fseek.obj
 0001:0000a8c8       fseek                      000000018000b8c8 f   libucrt:fseek.obj
 0001:0000a8d0       ??$?RV<lambda_5d4c3fee44080f75d5d9762853974fe0>@@AEAV<lambda_532e024f4337e6fc7ad266c2bef9f4ed>@@V<lambda_c87bdc10097eb2402edb8ba9bdf0697b>@@@?$__crt_seh_guarded_call@_K@@QEAA_K$$QEAV<lambda_5d4c3fee44080f75d5d9762853974fe0>@@AEAV<lambda_532e024f4337e6fc7ad266c2bef9f4ed>@@$$QEAV<lambda_c87bdc10097eb2402edb8ba9bdf0697b>@@@Z 000000018000b8d0 f i libucrt:fwrite.obj
 0001:0000a974       _fwrite_nolock             000000018000b974 f   libucrt:fwrite.obj
 0001:0000ab10       fwrite                     000000018000bb10 f   libucrt:fwrite.obj
 0001:0000ab94       free                       000000018000bb94 f   libucrt:free.obj
 0001:0000ab9c       _fread_nolock_s            000000018000bb9c f   libucrt:fread.obj
 0001:0000ae1c       fread                      000000018000be1c f   libucrt:fread.obj
 0001:0000ae3c       fread_s                    000000018000be3c f   libucrt:fread.obj
 0001:0000aee4       ??0_LocaleUpdate@@QEAA@QEAU__crt_locale_pointers@@@Z 000000018000bee4 f i libucrt:stricmp.obj
 0001:0000af74       __ascii_stricmp            000000018000bf74 f   libucrt:stricmp.obj
 0001:0000afb0       _stricmp                   000000018000bfb0 f   libucrt:stricmp.obj
 0001:0000aff8       _stricmp_l                 000000018000bff8 f   libucrt:stricmp.obj
 0001:0000b0ac       __acrt_initialize_locks    000000018000c0ac f   libucrt:locks.obj
 0001:0000b0f4       __acrt_lock                000000018000c0f4 f   libucrt:locks.obj
 0001:0000b110       __acrt_uninitialize_locks  000000018000c110 f   libucrt:locks.obj
 0001:0000b148       __acrt_unlock              000000018000c148 f   libucrt:locks.obj
 0001:0000b164       _lock_locales              000000018000c164 f   libucrt:locks.obj
 0001:0000b174       _unlock_locales            000000018000c174 f   libucrt:locks.obj
 0001:0000b184       __acrt_errno_from_os_error 000000018000c184 f   libucrt:errno.obj
 0001:0000b1cc       __acrt_errno_map_os_error  000000018000c1cc f   libucrt:errno.obj
 0001:0000b21c       __doserrno                 000000018000c21c f   libucrt:errno.obj
 0001:0000b23c       _errno                     000000018000c23c f   libucrt:errno.obj
 0001:0000b25c       __acrt_initialize_stdio    000000018000c25c f   libucrt:_file.obj
 0001:0000b37c       __acrt_iob_func            000000018000c37c f   libucrt:_file.obj
 0001:0000b390       __acrt_uninitialize_stdio  000000018000c390 f   libucrt:_file.obj
 0001:0000b3ec       _get_stream_buffer_pointers 000000018000c3ec f   libucrt:_file.obj
 0001:0000b434       _lock_file                 000000018000c434 f   libucrt:_file.obj
 0001:0000b440       _unlock_file               000000018000c440 f   libucrt:_file.obj
 0001:0000b44c       __acrt_stdio_flush_nolock  000000018000c44c f   libucrt:fflush.obj
 0001:0000b4c4       _fflush_nolock             000000018000c4c4 f   libucrt:fflush.obj
 0001:0000b510       _flushall                  000000018000c510 f   libucrt:fflush.obj
 0001:0000b600       fflush                     000000018000c600 f   libucrt:fflush.obj
 0001:0000b644       _fgetc_nolock              000000018000c644 f   libucrt:fgetc.obj
 0001:0000b688       fgetc                      000000018000c688 f   libucrt:fgetc.obj
 0001:0000b78c       fgetpos                    000000018000c78c f   libucrt:fgetpos.obj
 0001:0000b7d8       fputc                      000000018000c7d8 f   libucrt:fputc.obj
 0001:0000b8f8       fsetpos                    000000018000c8f8 f   libucrt:fsetpos.obj
 0001:0000b930       ??$?RV<lambda_7a5ef57ff966f610505f1d28a3d40618>@@AEAV<lambda_b721fa326cdb32351d23dfa67958c160>@@V<lambda_5e0fb27672408a07956fe59e48ccb2aa>@@@?$__crt_seh_guarded_call@H@@QEAAH$$QEAV<lambda_7a5ef57ff966f610505f1d28a3d40618>@@AEAV<lambda_b721fa326cdb32351d23dfa67958c160>@@$$QEAV<lambda_5e0fb27672408a07956fe59e48ccb2aa>@@@Z 000000018000c930 f i libucrt:setvbuf.obj
 0001:0000ba60       setvbuf                    000000018000ca60 f   libucrt:setvbuf.obj
 0001:0000bb00       _ungetc_nolock             000000018000cb00 f   libucrt:ungetc.obj
 0001:0000bc10       ungetc                     000000018000cc10 f   libucrt:ungetc.obj
 0001:0000bc70       malloc                     000000018000cc70 f   libucrt:malloc.obj
 0001:0000bd60       setlocale                  000000018000cd60 f   libucrt:setlocale.obj
 0001:0000bf2c       _calloc_base               000000018000cf2c f   libucrt:calloc_base.obj
 0001:0000bfa4       __pctype_func              000000018000cfa4 f   libucrt:ctype.obj
 0001:0000bfd4       islower                    000000018000cfd4 f i libucrt:_ctype.obj
 0001:0000c048       isupper                    000000018000d048 f i libucrt:_ctype.obj
 0001:0000c0bc       _wcsdup                    000000018000d0bc f   libucrt:wcsdup.obj
 0001:0000c140       ___lc_codepage_func        000000018000d140 f   libucrt:initctype.obj
 0001:0000c170       ___lc_locale_name_func     000000018000d170 f   libucrt:initctype.obj
 0001:0000c1a4       __acrt_locale_initialize_ctype 000000018000d1a4 f   libucrt:initctype.obj
 0001:0000c778       _malloc_base               000000018000d778 f   libucrt:malloc_base.obj
 0001:0000c7d8       _realloc_base              000000018000d7d8 f   libucrt:realloc_base.obj
 0001:0000c860       pow                        000000018000d860 f   libucrt:pow.obj
 0001:0000df00       powf                       000000018000ef00 f   libucrt:powf.obj
 0001:0000edc8       __strncnt                  000000018000fdc8 f   libucrt:strncnt.obj
 0001:0000ede0       _free_base                 000000018000fde0 f   libucrt:free_base.obj
 0001:0000ee98       _ismbblead                 000000018000fe98 f   libucrt:ismbbyte.obj
 0001:0000eefc       _tolower_l                 000000018000fefc f   libucrt:tolower_toupper.obj
 0001:0000f03c       wcscpy_s                   000000018001003c f   libucrt:wcscpy_s.obj
 0001:0000f0a4       wcsnlen                    00000001800100a4 f   libucrt:strnlen.obj
 0001:0000f294       __acrt_initialize_new_handler 0000000180010294 f   libucrt:new_handler.obj
 0001:0000f29c       _callnewh                  000000018001029c f   libucrt:new_handler.obj
 0001:0000f2dc       _query_new_handler         00000001800102dc f   libucrt:new_handler.obj
 0001:0000f310       _seh_filter_dll            0000000180010310 f   libucrt:exception_filter.obj
 0001:0000f324       _seh_filter_exe            0000000180010324 f   libucrt:exception_filter.obj
 0001:0000f6e4       __acrt_initialize_thread_local_exit_callback 00000001800106e4 f   libucrt:exit.obj
 0001:0000f6ec       _cexit                     00000001800106ec f   libucrt:exit.obj
 0001:0000f6fc       _exit                      00000001800106fc f   libucrt:exit.obj
 0001:0000f708       _is_c_termination_complete 0000000180010708 f   libucrt:exit.obj
 0001:0000f8cc       __acrt_allocate_buffer_for_argv 00000001800108cc f   libucrt:argv_parsing.obj
 0001:0000f930       _configure_narrow_argv     0000000180010930 f   libucrt:argv_parsing.obj
 0001:0000fc8c       __dcrt_uninitialize_environments_nolock 0000000180010c8c f   libucrt:environment_initialization.obj
 0001:0000fcc4       _initialize_narrow_environment 0000000180010cc4 f   libucrt:environment_initialization.obj
 0001:0000fccc       ??$?RV<lambda_b8c45f8f788dd370798f47cfe8ac3a86>@@AEAV<lambda_4e60a939b0d047cfe11ddc22648dfba9>@@V<lambda_332c3edc96d0294ec56c57d38c1cdfd5>@@@?$__crt_seh_guarded_call@H@@QEAAH$$QEAV<lambda_b8c45f8f788dd370798f47cfe8ac3a86>@@AEAV<lambda_4e60a939b0d047cfe11ddc22648dfba9>@@$$QEAV<lambda_332c3edc96d0294ec56c57d38c1cdfd5>@@@Z 0000000180010ccc f i libucrt:onexit.obj
 0001:0000fd08       ??$?RV<lambda_e24bbb7b643b32fcea6fa61b31d4c984>@@AEAV<lambda_275893d493268fdec8709772e3fcec0e>@@V<lambda_9d71df4d7cf3f480f8d633942495c3b0>@@@?$__crt_seh_guarded_call@H@@QEAAH$$QEAV<lambda_e24bbb7b643b32fcea6fa61b31d4c984>@@AEAV<lambda_275893d493268fdec8709772e3fcec0e>@@$$QEAV<lambda_9d71df4d7cf3f480f8d633942495c3b0>@@@Z 0000000180010d08 f i libucrt:onexit.obj
 0001:00010084       _crt_atexit                0000000180011084 f   libucrt:onexit.obj
 0001:00010094       _execute_onexit_table      0000000180011094 f   libucrt:onexit.obj
 0001:000100d0       _initialize_onexit_table   00000001800110d0 f   libucrt:onexit.obj
 0001:00010110       _register_onexit_function  0000000180011110 f   libucrt:onexit.obj
 0001:000101a0       ?do_always_noconv@?$codecvt@DDU_Mbstatet@@@std@@MEBA_NXZ 00000001800111a0 f   libcpmt:cout.obj
 0001:000101a0       __acrt_uninitialize_command_line 00000001800111a0 f   libucrt:argv_data.obj
 0001:00010290       __acrt_initialize          0000000180011290 f   libucrt:initialization.obj
 0001:000102a4       __acrt_thread_attach       00000001800112a4 f   libucrt:initialization.obj
 0001:000102b8       __acrt_thread_detach       00000001800112b8 f   libucrt:initialization.obj
 0001:000102c8       __acrt_uninitialize        00000001800112c8 f   libucrt:initialization.obj
 0001:000102dc       __acrt_uninitialize_critical 00000001800112dc f   libucrt:initialization.obj
 0001:000102ec       _initterm                  00000001800112ec f   libucrt:initterm.obj
 0001:00010364       _initterm_e                0000000180011364 f   libucrt:initterm.obj
 0001:000103b0       terminate                  00000001800113b0 f   libucrt:terminate.obj
 0001:000103d8       strcpy_s                   00000001800113d8 f   libucrt:strcpy_s.obj
 0001:00010438       ??$is_overflow_condition@K@__crt_strtox@@YA_NIK@Z 0000000180011438 f i libucrt:atox.obj
 0001:00010464       ??$make_c_string_character_source@_W$$T@__crt_strtox@@YA?AV?$c_string_character_source@_W@0@QEB_W$$T@Z 0000000180011464 f i libucrt:atox.obj
 0001:00010478       ??$parse_integer@KV?$c_string_character_source@_W@__crt_strtox@@@__crt_strtox@@YAKQEAU__crt_locale_pointers@@V?$c_string_character_source@_W@0@H_N@Z 0000000180011478 f i libucrt:atox.obj
 0001:00010b4c       _wtol                      0000000180011b4c f   libucrt:atox.obj
 0001:00010b78       ??$?RV<lambda_c36588078e9f5dfd39652860aa6b3aaf>@@AEAV<lambda_ec61778202f4f5fc7e7711acc23c3bca>@@V<lambda_dc9d2797ccde5d239b4a0efae8ebd7db>@@@?$__crt_seh_guarded_call@P6AXH@Z@@QEAAP6AXH@Z$$QEAV<lambda_c36588078e9f5dfd39652860aa6b3aaf>@@AEAV<lambda_ec61778202f4f5fc7e7711acc23c3bca>@@$$QEAV<lambda_dc9d2797ccde5d239b4a0efae8ebd7db>@@@Z 0000000180011b78 f i libucrt:signal.obj
 0001:00010bc0       __acrt_get_sigabrt_handler 0000000180011bc0 f   libucrt:signal.obj
 0001:00010bf0       __acrt_initialize_signal_handlers 0000000180011bf0 f   libucrt:signal.obj
 0001:00010c10       raise                      0000000180011c10 f   libucrt:signal.obj
 0001:00010eac       ?__acrt_stdio_allocate_stream@@YA?AV__crt_stdio_stream@@XZ 0000000180011eac f   libucrt:stream.obj
 0001:00010f08       ?__acrt_stdio_free_stream@@YAXV__crt_stdio_stream@@@Z 0000000180011f08 f   libucrt:stream.obj
 0001:00011038       ??$__acrt_stdio_parse_mode@D@@YA?AU__acrt_stdio_stream_mode@@QEBD@Z 0000000180012038 f i libucrt:openfile.obj
 0001:000112d4       _openfile                  00000001800122d4 f   libucrt:openfile.obj
 0001:00011370       ??$?RV<lambda_46352004c1216016012b18bd6f87e700>@@AEAV<lambda_3bd07e1a1191394380780325891bf33f>@@V<lambda_334532d3f185bcaa59b5be82d7d22bff>@@@?$__crt_seh_guarded_call@X@@QEAAX$$QEAV<lambda_46352004c1216016012b18bd6f87e700>@@AEAV<lambda_3bd07e1a1191394380780325891bf33f>@@$$QEAV<lambda_334532d3f185bcaa59b5be82d7d22bff>@@@Z 0000000180012370 f i libucrt:per_thread_data.obj
 0001:000113d0       ??$?RV<lambda_5e887d1dcbef67a5eb4283622ba103bf>@@AEAV<lambda_4466841279450cc726390878d4a41900>@@V<lambda_341c25c0346d94847f1f3c463c57e077>@@@?$__crt_seh_guarded_call@X@@QEAAX$$QEAV<lambda_5e887d1dcbef67a5eb4283622ba103bf>@@AEAV<lambda_4466841279450cc726390878d4a41900>@@$$QEAV<lambda_341c25c0346d94847f1f3c463c57e077>@@@Z 00000001800123d0 f i libucrt:per_thread_data.obj
 0001:00011418       ??$?RV<lambda_72d1df2b273a38828b1ce30cbf4cdab5>@@AEAV<lambda_876a65b173b8412d3a47c70a915b0cf4>@@V<lambda_41932305e351933ebe8f8be3ed8bb5dc>@@@?$__crt_seh_guarded_call@X@@QEAAX$$QEAV<lambda_72d1df2b273a38828b1ce30cbf4cdab5>@@AEAV<lambda_876a65b173b8412d3a47c70a915b0cf4>@@$$QEAV<lambda_41932305e351933ebe8f8be3ed8bb5dc>@@@Z 0000000180012418 f i libucrt:per_thread_data.obj
 0001:00011458       ??$?RV<lambda_fb3a7dec4e47f37f22dae91bb15c9095>@@AEAV<lambda_698284760c8add0bfb0756c19673e34b>@@V<lambda_dfb8eca1e75fef3034a8fb18dd509707>@@@?$__crt_seh_guarded_call@X@@QEAAX$$QEAV<lambda_fb3a7dec4e47f37f22dae91bb15c9095>@@AEAV<lambda_698284760c8add0bfb0756c19673e34b>@@$$QEAV<lambda_dfb8eca1e75fef3034a8fb18dd509707>@@@Z 0000000180012458 f i libucrt:per_thread_data.obj
 0001:000116e8       __acrt_freeptd             00000001800126e8 f   libucrt:per_thread_data.obj
 0001:0001172c       __acrt_getptd              000000018001272c f   libucrt:per_thread_data.obj
 0001:000117c0       __acrt_getptd_noexit       00000001800127c0 f   libucrt:per_thread_data.obj
 0001:00011860       __acrt_initialize_ptd      0000000180012860 f   libucrt:per_thread_data.obj
 0001:0001189c       __acrt_uninitialize_ptd    000000018001289c f   libucrt:per_thread_data.obj
 0001:000118c0       ??$?RV<lambda_bfedae4ebbf01fab1bb6dcc6a9e276e0>@@AEAV<lambda_2fe9b910cf3cbf4a0ab98a02ba45b3ec>@@V<lambda_237c231691f317818eb88cc1d5d642d6>@@@?$__crt_seh_guarded_call@H@@QEAAH$$QEAV<lambda_bfedae4ebbf01fab1bb6dcc6a9e276e0>@@AEAV<lambda_2fe9b910cf3cbf4a0ab98a02ba45b3ec>@@$$QEAV<lambda_237c231691f317818eb88cc1d5d642d6>@@@Z 00000001800128c0 f i libucrt:close.obj
 0001:00011934       _close                     0000000180012934 f   libucrt:close.obj
 0001:000119d8       _close_nolock              00000001800129d8 f   libucrt:close.obj
 0001:00011a94       _fileno                    0000000180012a94 f   libucrt:fileno.obj
 0001:00011abc       __acrt_stdio_free_buffer_nolock 0000000180012abc f   libucrt:_freebuf.obj
 0001:00011fb8       _ftelli64                  0000000180012fb8 f   libucrt:ftell.obj
 0001:00011fc0       _ftelli64_nolock           0000000180012fc0 f   libucrt:ftell.obj
 0001:00012154       _lseeki64                  0000000180013154 f   libucrt:lseek.obj
 0001:0001215c       _lseeki64_nolock           000000018001315c f   libucrt:lseek.obj
 0001:0001234c       __acrt_initialize_lowio    000000018001334c f   libucrt:ioinit.obj
 0001:00012388       __acrt_uninitialize_lowio  0000000180013388 f   libucrt:ioinit.obj
 0001:00012968       _write                     0000000180013968 f   libucrt:write.obj
 0001:00012a54       _write_nolock              0000000180013a54 f   libucrt:write.obj
 0001:00012e3c       __acrt_stdio_flush_and_write_narrow_nolock 0000000180013e3c f   libucrt:_flsbuf.obj
 0001:00012f24       __acrt_stdio_begin_temporary_buffering_nolock 0000000180013f24 f   libucrt:_sftbuf.obj
 0001:00012ff4       __acrt_stdio_end_temporary_buffering_nolock 0000000180013ff4 f   libucrt:_sftbuf.obj
 0001:00013560       _read                      0000000180014560 f   libucrt:read.obj
 0001:00013678       _read_nolock               0000000180014678 f   libucrt:read.obj
 0001:00013c88       __acrt_stdio_refill_and_read_narrow_nolock 0000000180014c88 f   libucrt:_filbuf.obj
 0001:00013c90       __acrt_update_locale_info  0000000180014c90 f   libucrt:locale_update.obj
 0001:00013cc4       __acrt_update_multibyte_info 0000000180014cc4 f   libucrt:locale_update.obj
 0001:00013cf8       ??$?RV<lambda_5df02c53a8f32f81fd64e5bbb78039f1>@@AEAV<lambda_2af78c5f5901b1372d98f9ab3177dfa6>@@AEAV<lambda_f51fe5fd7c79a33db34fc9310f277369>@@@?$__crt_seh_guarded_call@X@@QEAAX$$QEAV<lambda_5df02c53a8f32f81fd64e5bbb78039f1>@@AEAV<lambda_2af78c5f5901b1372d98f9ab3177dfa6>@@AEAV<lambda_f51fe5fd7c79a33db34fc9310f277369>@@@Z 0000000180014cf8 f i libucrt:wsetlocale.obj
 0001:00013d24       ??$?RV<lambda_d67e8342c384adda8f857579ab50b2ae>@@AEAV<lambda_30712929f77e709619002f448b6a9510>@@V<lambda_4525336fd7e478d965fb7ca7a337cad8>@@@?$__crt_seh_guarded_call@X@@QEAAX$$QEAV<lambda_d67e8342c384adda8f857579ab50b2ae>@@AEAV<lambda_30712929f77e709619002f448b6a9510>@@$$QEAV<lambda_4525336fd7e478d965fb7ca7a337cad8>@@@Z 0000000180014d24 f i libucrt:wsetlocale.obj
 0001:00013ef0       __acrt_copy_locale_name    0000000180014ef0 f   libucrt:wsetlocale.obj
 0001:00013f74       __acrt_set_locale_changed  0000000180014f74 f   libucrt:wsetlocale.obj
 0001:00013f80       __acrt_uninitialize_locale 0000000180014f80 f   libucrt:wsetlocale.obj
 0001:00013fc8       __lc_lctowcs               0000000180014fc8 f   libucrt:wsetlocale.obj
 0001:0001406c       __lc_wcstolc               000000018001506c f   libucrt:wsetlocale.obj
 0001:000142e4       _expandlocale              00000001800152e4 f   libucrt:wsetlocale.obj
 0001:000146e0       _wcscats                   00000001800156e0 f   libucrt:wsetlocale.obj
 0001:00014748       _wsetlocale                0000000180015748 f   libucrt:wsetlocale.obj
 0001:00014fd8       ??$?RV<lambda_630b2aca97f6d20d5b5ea6529ea6b6af>@@AEAV<lambda_af91936f1d075d609f72d9d8cba980af>@@V<lambda_e82fa975f615b5c7c7b0e4d178fdae67>@@@?$__crt_seh_guarded_call@H@@QEAAH$$QEAV<lambda_630b2aca97f6d20d5b5ea6529ea6b6af>@@AEAV<lambda_af91936f1d075d609f72d9d8cba980af>@@$$QEAV<lambda_e82fa975f615b5c7c7b0e4d178fdae67>@@@Z 0000000180015fd8 f i libucrt:winapi_thunks.obj
 0001:00015210       __acrt_AreFileApisANSI     0000000180016210 f   libucrt:winapi_thunks.obj
 0001:0001525c       __acrt_EnumSystemLocalesEx 000000018001625c f   libucrt:winapi_thunks.obj
 0001:00015304       __acrt_FlsAlloc            0000000180016304 f   libucrt:winapi_thunks.obj
 0001:0001535c       __acrt_FlsFree             000000018001635c f   libucrt:winapi_thunks.obj
 0001:000153b4       __acrt_FlsGetValue         00000001800163b4 f   libucrt:winapi_thunks.obj
 0001:0001540c       __acrt_FlsSetValue         000000018001640c f   libucrt:winapi_thunks.obj
 0001:00015474       __acrt_GetLocaleInfoEx     0000000180016474 f   libucrt:winapi_thunks.obj
 0001:0001550c       __acrt_GetUserDefaultLocaleName 000000018001650c f   libucrt:winapi_thunks.obj
 0001:00015580       __acrt_InitializeCriticalSectionEx 0000000180016580 f   libucrt:winapi_thunks.obj
 0001:000155f8       __acrt_IsValidLocaleName   00000001800165f8 f   libucrt:winapi_thunks.obj
 0001:00015660       __acrt_LCIDToLocaleName    0000000180016660 f   libucrt:winapi_thunks.obj
 0001:000156ec       __acrt_LCMapStringEx       00000001800166ec f   libucrt:winapi_thunks.obj
 0001:000157dc       __acrt_LocaleNameToLCID    00000001800167dc f   libucrt:winapi_thunks.obj
 0001:00015844       __acrt_can_use_vista_locale_apis 0000000180016844 f   libucrt:winapi_thunks.obj
 0001:00015874       __acrt_initialize_winapi_thunks 0000000180016874 f   libucrt:winapi_thunks.obj
 0001:000158ac       __acrt_is_packaged_app     00000001800168ac f   libucrt:winapi_thunks.obj
 0001:00015934       __acrt_uninitialize_winapi_thunks 0000000180016934 f   libucrt:winapi_thunks.obj
 0001:00015978       _fcloseall                 0000000180016978 f   libucrt:closeall.obj
 0001:00015a2c       ??$?RV<lambda_b521505b218e5242e90febf6bfebc422>@@AEAV<lambda_6978c1fb23f02e42e1d9e99668cc68aa>@@V<lambda_314360699dd331753a4119843814e9a7>@@@?$__crt_seh_guarded_call@H@@QEAAH$$QEAV<lambda_b521505b218e5242e90febf6bfebc422>@@AEAV<lambda_6978c1fb23f02e42e1d9e99668cc68aa>@@$$QEAV<lambda_314360699dd331753a4119843814e9a7>@@@Z 0000000180016a2c f i libucrt:commit.obj
 0001:00015ab8       _commit                    0000000180016ab8 f   libucrt:commit.obj
 0001:00015b4c       __acrt_stdio_allocate_buffer_nolock 0000000180016b4c f   libucrt:_getbuf.obj
 0001:00015d8c       _mbstowcs_s_l              0000000180016d8c f   libucrt:mbstowcs.obj
 0001:00015ebc       mbstowcs_s                 0000000180016ebc f   libucrt:mbstowcs.obj
 0001:00016210       _wcstombs_s_l              0000000180017210 f   libucrt:wcstombs.obj
 0001:000162fc       _query_new_mode            00000001800172fc f   libucrt:new_mode.obj
 0001:00016304       __acrt_initialize_heap     0000000180017304 f   libucrt:heap_handle.obj
 0001:00016320       __acrt_uninitialize_heap   0000000180017320 f   libucrt:heap_handle.obj
 0001:0001632c       _isctype_l                 000000018001732c f   libucrt:isctype.obj
 0001:000165dc       __acrt_GetLocaleInfoA      00000001800175dc f   libucrt:getlocaleinfoa.obj
 0001:000167a4       __acrt_GetStringTypeA      00000001800177a4 f   libucrt:getstringtypea.obj
 0001:00016cb4       __acrt_LCMapStringA        0000000180017cb4 f   libucrt:lcmapstringa.obj
 0001:00016d4c       iswctype                   0000000180017d4c f   libucrt:iswctype.obj
 0001:00016dbc       _raise_exc                 0000000180017dbc f   libucrt:fpexcept.obj
 0001:00016de4       _raise_exc_ex              0000000180017de4 f   libucrt:fpexcept.obj
 0001:000170ec       _raise_excf                00000001800180ec f   libucrt:fpexcept.obj
 0001:00017118       _set_errno_from_matherr    0000000180018118 f   libucrt:fpexcept.obj
 0001:00017148       _clrfp                     0000000180018148 f   libucrt:fpctrl.obj
 0001:00017168       _ctrlfp                    0000000180018168 f   libucrt:fpctrl.obj
 0001:000171e4       _set_statfp                00000001800181e4 f   libucrt:fpctrl.obj
 0001:00017204       _statfp                    0000000180018204 f   libucrt:fpctrl.obj
 0001:00017218       _mbtowc_l                  0000000180018218 f   libucrt:mbtowc.obj
 0001:00017360       mbtowc                     0000000180018360 f   libucrt:mbtowc.obj
 0001:00017370       __acrt_initialize_fma3     0000000180018370 f   libucrt:fma3_available.obj
 0001:000173e0       _pow_special               00000001800183e0 f   libucrt:pow_special.obj
 0001:00017504       _powf_special              0000000180018504 f   libucrt:pow_special.obj
 0001:00017690       _wcsicmp                   0000000180018690 f   libucrt:wcsicmp.obj
 0001:00017718       _wcsicmp_l                 0000000180018718 f   libucrt:wcsicmp.obj
 0001:00017808       __acrt_initialize_timeset  0000000180018808 f   libucrt:timeset.obj
 0001:00017838       _isleadbyte_l              0000000180018838 f i libucrt:_wctype.obj
 0001:00017d54       ?expand_if_necessary@?$argument_list@D@?A0xca0879c4@@AEAAHXZ 0000000180018d54 f i libucrt:argv_wildcards.obj
 0001:00017e1c       __acrt_expand_narrow_argv_wildcards 0000000180018e1c f   libucrt:argv_wildcards.obj
 0001:00017e24       ??$?RV<lambda_99476a1ad63dd22509b5d3e65b0ffc95>@@AEAV<lambda_ad1ced32f4ac17aa236e5ef05d6b3b7c>@@V<lambda_f7424dd8d45958661754dc4f2697e9c3>@@@?$__crt_seh_guarded_call@X@@QEAAX$$QEAV<lambda_99476a1ad63dd22509b5d3e65b0ffc95>@@AEAV<lambda_ad1ced32f4ac17aa236e5ef05d6b3b7c>@@$$QEAV<lambda_f7424dd8d45958661754dc4f2697e9c3>@@@Z 0000000180018e24 f i libucrt:mbctype.obj
 0001:00018520       __acrt_initialize_multibyte 0000000180019520 f   libucrt:mbctype.obj
 0001:00018548       __acrt_update_thread_multibyte_data 0000000180019548 f   libucrt:mbctype.obj
 0001:00018608       _setmbcp_nolock            0000000180019608 f   libucrt:mbctype.obj
 0001:000188b0       __acrt_initialize_command_line 00000001800198b0 f   libucrt:argv_data.obj
 0001:000188d8       __dcrt_get_narrow_environment_from_os 00000001800198d8 f   libucrt:get_environment_from_os.obj
 0001:000189dc       _recalloc                  00000001800199dc f   libucrt:recalloc.obj
 0001:000189e4       _recalloc_base             00000001800199e4 f   libucrt:recalloc.obj
 0001:00018a7c       __acrt_execute_initializers 0000000180019a7c f   libucrt:shared_initialization.obj
 0001:00018b10       __acrt_execute_uninitializers 0000000180019b10 f   libucrt:shared_initialization.obj
 0001:00018b60       __acrt_has_user_matherr    0000000180019b60 f   libucrt:matherr.obj
 0001:00018b80       __acrt_initialize_user_matherr 0000000180019b80 f   libucrt:matherr.obj
 0001:00018b88       __acrt_invoke_user_matherr 0000000180019b88 f   libucrt:matherr.obj
 0001:00018bd0       wcsncmp                    0000000180019bd0 f   libucrt:wcsncmp.obj
 0001:00018bfc       _wcsnicmp                  0000000180019bfc f   libucrt:wcsnicmp.obj
 0001:00018c98       _wcsnicmp_l                0000000180019c98 f   libucrt:wcsnicmp.obj
 0001:00018dc0       strncmp                    0000000180019dc0 f   libucrt:strncmp.obj
 0001:00018e40       __ascii_strnicmp           0000000180019e40 f   libucrt:strnicmp.obj
 0001:00018e88       _strnicmp                  0000000180019e88 f   libucrt:strnicmp.obj
 0001:00018ed8       _strnicmp_l                0000000180019ed8 f   libucrt:strnicmp.obj
 0001:000195f8       _sopen_nolock              000000018001a5f8 f   libucrt:open.obj
 0001:00019688       _sopen_s                   000000018001a688 f   libucrt:open.obj
 0001:000196bc       _wsopen_nolock             000000018001a6bc f   libucrt:open.obj
 0001:00019aac       __acrt_add_locale_ref      000000018001aaac f   libucrt:locale_refcounting.obj
 0001:00019b38       __acrt_free_locale         000000018001ab38 f   libucrt:locale_refcounting.obj
 0001:00019cb0       __acrt_locale_add_lc_time_reference 000000018001acb0 f   libucrt:locale_refcounting.obj
 0001:00019cd8       __acrt_locale_free_lc_time_if_unreferenced 000000018001acd8 f   libucrt:locale_refcounting.obj
 0001:00019d10       __acrt_locale_release_lc_time_reference 000000018001ad10 f   libucrt:locale_refcounting.obj
 0001:00019d38       __acrt_release_locale_ref  000000018001ad38 f   libucrt:locale_refcounting.obj
 0001:00019de0       __acrt_update_thread_locale_data 000000018001ade0 f   libucrt:locale_refcounting.obj
 0001:00019e50       _updatetlocinfoEx_nolock   000000018001ae50 f   libucrt:locale_refcounting.obj
 0001:00019eb8       __acrt_lowio_create_handle_array 000000018001aeb8 f   libucrt:osfinfo.obj
 0001:00019f50       __acrt_lowio_destroy_handle_array 000000018001af50 f   libucrt:osfinfo.obj
 0001:00019fa0       __acrt_lowio_ensure_fh_exists 000000018001afa0 f   libucrt:osfinfo.obj
 0001:0001a058       __acrt_lowio_lock_fh       000000018001b058 f   libucrt:osfinfo.obj
 0001:0001a07c       __acrt_lowio_set_os_handle 000000018001b07c f   libucrt:osfinfo.obj
 0001:0001a13c       __acrt_lowio_unlock_fh     000000018001b13c f   libucrt:osfinfo.obj
 0001:0001a160       _alloc_osfhnd              000000018001b160 f   libucrt:osfinfo.obj
 0001:0001a290       _free_osfhnd               000000018001b290 f   libucrt:osfinfo.obj
 0001:0001a34c       _get_osfhandle             000000018001b34c f   libucrt:osfinfo.obj
 0001:0001a3c4       _isatty                    000000018001b3c4 f   libucrt:isatty.obj
 0001:0001a424       _putwch_nolock             000000018001b424 f   libucrt:putwch.obj
 0001:0001a480       __acrt_locale_free_monetary 000000018001b480 f   libucrt:initmon.obj
 0001:0001a58c       __acrt_locale_initialize_monetary 000000018001b58c f   libucrt:initmon.obj
 0001:0001aac4       __acrt_locale_free_numeric 000000018001bac4 f   libucrt:initnum.obj
 0001:0001ab30       __acrt_locale_initialize_numeric 000000018001bb30 f   libucrt:initnum.obj
 0001:0001b1b4       __acrt_locale_free_time    000000018001c1b4 f   libucrt:inittime.obj
 0001:0001b2bc       __acrt_locale_initialize_time 000000018001c2bc f   libucrt:inittime.obj
 0001:0001b350       wcscat_s                   000000018001c350 f   libucrt:wcscat_s.obj
 0001:0001b3d0       wcsncpy_s                  000000018001c3d0 f   libucrt:wcsncpy_s.obj
 0001:0001b4b4       wcscspn                    000000018001c4b4 f   libucrt:wcscspn.obj
 0001:0001b4f4       wcspbrk                    000000018001c4f4 f   libucrt:wcspbrk.obj
 0001:0001bd98       __acrt_get_qualified_locale 000000018001cd98 f   libucrt:get_qualified_locale.obj
 0001:0001c784       __acrt_get_qualified_locale_downlevel 000000018001d784 f   libucrt:getqloc_downlevel.obj
 0001:0001cadc       __acrt_DownlevelLCIDToLocaleName 000000018001dadc f   libucrt:lcidtoname_downlevel.obj
 0001:0001cbc0       __acrt_DownlevelLocaleNameToLCID 000000018001dbc0 f   libucrt:lcidtoname_downlevel.obj
 0001:0001cbf4       strncpy_s                  000000018001dbf4 f   libucrt:strncpy_s.obj
 0001:0001cce0       _get_fpsr                  000000018001dce0 f   libucrt:fpsr.obj
 0001:0001ccf0       _set_fpsr                  000000018001dcf0 f   libucrt:fpsr.obj
 0001:0001ccfa       _fclrf                     000000018001dcfa f   libucrt:fpsr.obj
 0001:0001cd0e       _frnd                      000000018001dd0e f   libucrt:fpsr.obj
 0001:0001ce54       _handle_error              000000018001de54 f   libucrt:libm_error.obj
 0001:0001cf7c       _handle_errorf             000000018001df7c f   libucrt:libm_error.obj
 0001:0001d0b0       _handle_nan                000000018001e0b0 f   libucrt:libm_error.obj
 0001:0001d0cc       _handle_nanf               000000018001e0cc f   libucrt:libm_error.obj
 0001:0001d0dc       _towlower_l                000000018001e0dc f   libucrt:towlower.obj
 0001:0001d270       qsort                      000000018001e270 f   libucrt:qsort.obj
 0001:0001d5a4       strpbrk                    000000018001e5a4 f   libucrt:strpbrk.obj
 0001:0001d644       _mbsdec                    000000018001e644 f   libucrt:mbsdec.obj
 0001:0001d64c       _mbsdec_l                  000000018001e64c f   libucrt:mbsdec.obj
 0001:0001d6fc       _msize                     000000018001e6fc f   libucrt:msize.obj
 0001:0001d738       _get_fmode                 000000018001e738 f   libucrt:setmode.obj
 0001:0001d768       _setmode_nolock            000000018001e768 f   libucrt:setmode.obj
 0001:0001d848       __acrt_copy_path_to_wide_string 000000018001e848 f   libucrt:string_utilities.obj
 0001:0001d940       _chsize_nolock             000000018001e940 f   libucrt:chsize.obj
 0001:0001dabc       _query_app_type            000000018001eabc f   libucrt:report_runtime_error.obj
 0001:0001dac4       __dcrt_lowio_initialize_console_output 000000018001eac4 f   libucrt:initcon.obj
 0001:0001db00       __dcrt_terminate_console_output 000000018001eb00 f   libucrt:initcon.obj
 0001:0001dc48       _itow_s                    000000018001ec48 f   libucrt:xtoa.obj
 0001:0001dc68       wcscmp                     000000018001ec68 f   libucrt:wcscmp.obj
 0001:0001dca0       log10                      000000018001eca0 f   libucrt:log10.obj
 0001:0001e24c       __acrt_LCMapStringW        000000018001f24c f   libucrt:lcmapstringw.obj
 0001:0001e2e0       _log10_special             000000018001f2e0 f   libucrt:log_special.obj
 0001:0001e396       IsProcessorFeaturePresent  000000018001f396 f   kernel32:KERNEL32.dll
 0001:0001e39c       RtlUnwindEx                000000018001f39c f   kernel32:KERNEL32.dll
 0001:0001e3a2       SystemFunction036          000000018001f3a2 f   advapi32:ADVAPI32.dll
 0001:0001e3a8       ?DloadAcquireSectionWriteAccess@@YAXXZ 000000018001f3a8 f i DelayImp:delayhlp.obj
 0001:0001e464       ?DloadGetSRWLockFunctionPointers@@YAEXZ 000000018001f464 f i DelayImp:delayhlp.obj
 0001:0001e500       ?DloadMakePermanentImageCommit@@YAXPEAX_K@Z 000000018001f500 f i DelayImp:delayhlp.obj
 0001:0001e598       ?DloadObtainSection@@YAPEAXPEAK0@Z 000000018001f598 f i DelayImp:delayhlp.obj
 0001:0001e630       ?DloadProtectSection@@YAXKPEAK@Z 000000018001f630 f i DelayImp:delayhlp.obj
 0001:0001e6c0       ?DloadReleaseSectionWriteAccess@@YAXXZ 000000018001f6c0 f i DelayImp:delayhlp.obj
 0001:0001e764       __delayLoadHelper2         000000018001f764 f   DelayImp:delayhlp.obj
 0001:0001ea70       _FindPESection             000000018001fa70 f   LIBCMT:pesect.obj
 0001:0001eac0       _IsNonwritableInCurrentImage 000000018001fac0 f   LIBCMT:pesect.obj
 0001:0001eb10       _ValidateImageBase         000000018001fb10 f   LIBCMT:pesect.obj
 0001:0001eb40       wcschr                     000000018001fb40 f   libvcruntime:wcschr.obj
 0001:0001ebe0       _guard_dispatch_icall_nop  000000018001fbe0 f   LIBCMT:_guard_dispatch_.obj
 0001:0001f150       ??__F_Static@?1???$_Immortalize@V_Iostream_error_category@std@@@std@@YAAEAV_Iostream_error_category@0@XZ@YAXXZ 0000000180020150 f i imager.obj
 0002:00000000       __imp_SystemFunction036    0000000180021000     advapi32:ADVAPI32.dll
 0002:00000008       \177ADVAPI32_NULL_THUNK_DATA 0000000180021008     advapi32:ADVAPI32.dll
 0002:00000010       __imp_WideCharToMultiByte  0000000180021010     kernel32:KERNEL32.dll
 0002:00000018       __imp_EnterCriticalSection 0000000180021018     kernel32:KERNEL32.dll
 0002:00000020       __imp_LeaveCriticalSection 0000000180021020     kernel32:KERNEL32.dll
 0002:00000028       __imp_DeleteCriticalSection 0000000180021028     kernel32:KERNEL32.dll
 0002:00000030       __imp_EncodePointer        0000000180021030     kernel32:KERNEL32.dll
 0002:00000038       __imp_DecodePointer        0000000180021038     kernel32:KERNEL32.dll
 0002:00000040       __imp_MultiByteToWideChar  0000000180021040     kernel32:KERNEL32.dll
 0002:00000048       __imp_SetLastError         0000000180021048     kernel32:KERNEL32.dll
 0002:00000050       __imp_InitializeCriticalSectionAndSpinCount 0000000180021050     kernel32:KERNEL32.dll
 0002:00000058       __imp_CreateEventW         0000000180021058     kernel32:KERNEL32.dll
 0002:00000060       __imp_TlsAlloc             0000000180021060     kernel32:KERNEL32.dll
 0002:00000068       __imp_TlsGetValue          0000000180021068     kernel32:KERNEL32.dll
 0002:00000070       __imp_TlsSetValue          0000000180021070     kernel32:KERNEL32.dll
 0002:00000078       __imp_TlsFree              0000000180021078     kernel32:KERNEL32.dll
 0002:00000080       __imp_GetSystemTimeAsFileTime 0000000180021080     kernel32:KERNEL32.dll
 0002:00000088       __imp_GetModuleHandleW     0000000180021088     kernel32:KERNEL32.dll
 0002:00000090       __imp_GetProcAddress       0000000180021090     kernel32:KERNEL32.dll
 0002:00000098       __imp_LCMapStringW         0000000180021098     kernel32:KERNEL32.dll
 0002:000000a0       __imp_GetLocaleInfoW       00000001800210a0     kernel32:KERNEL32.dll
 0002:000000a8       __imp_GetStringTypeW       00000001800210a8     kernel32:KERNEL32.dll
 0002:000000b0       __imp_GetCPInfo            00000001800210b0     kernel32:KERNEL32.dll
 0002:000000b8       __imp_CloseHandle          00000001800210b8     kernel32:KERNEL32.dll
 0002:000000c0       __imp_SetEvent             00000001800210c0     kernel32:KERNEL32.dll
 0002:000000c8       __imp_ResetEvent           00000001800210c8     kernel32:KERNEL32.dll
 0002:000000d0       __imp_WaitForSingleObjectEx 00000001800210d0     kernel32:KERNEL32.dll
 0002:000000d8       __imp_RtlCaptureContext    00000001800210d8     kernel32:KERNEL32.dll
 0002:000000e0       __imp_RtlLookupFunctionEntry 00000001800210e0     kernel32:KERNEL32.dll
 0002:000000e8       __imp_RtlVirtualUnwind     00000001800210e8     kernel32:KERNEL32.dll
 0002:000000f0       __imp_UnhandledExceptionFilter 00000001800210f0     kernel32:KERNEL32.dll
 0002:000000f8       __imp_SetUnhandledExceptionFilter 00000001800210f8     kernel32:KERNEL32.dll
 0002:00000100       __imp_GetCurrentProcess    0000000180021100     kernel32:KERNEL32.dll
 0002:00000108       __imp_TerminateProcess     0000000180021108     kernel32:KERNEL32.dll
 0002:00000110       __imp_IsProcessorFeaturePresent 0000000180021110     kernel32:KERNEL32.dll
 0002:00000118       __imp_IsDebuggerPresent    0000000180021118     kernel32:KERNEL32.dll
 0002:00000120       __imp_GetStartupInfoW      0000000180021120     kernel32:KERNEL32.dll
 0002:00000128       __imp_QueryPerformanceCounter 0000000180021128     kernel32:KERNEL32.dll
 0002:00000130       __imp_GetCurrentProcessId  0000000180021130     kernel32:KERNEL32.dll
 0002:00000138       __imp_GetCurrentThreadId   0000000180021138     kernel32:KERNEL32.dll
 0002:00000140       __imp_InitializeSListHead  0000000180021140     kernel32:KERNEL32.dll
 0002:00000148       __imp_RtlPcToFileHeader    0000000180021148     kernel32:KERNEL32.dll
 0002:00000150       __imp_RaiseException       0000000180021150     kernel32:KERNEL32.dll
 0002:00000158       __imp_RtlUnwindEx          0000000180021158     kernel32:KERNEL32.dll
 0002:00000160       __imp_GetLastError         0000000180021160     kernel32:KERNEL32.dll
 0002:00000168       __imp_FreeLibrary          0000000180021168     kernel32:KERNEL32.dll
 0002:00000170       __imp_GetModuleFileNameW   0000000180021170     kernel32:KERNEL32.dll
 0002:00000178       __imp_InterlockedFlushSList 0000000180021178     kernel32:KERNEL32.dll
 0002:00000180       __imp_HeapAlloc            0000000180021180     kernel32:KERNEL32.dll
 0002:00000188       __imp_HeapReAlloc          0000000180021188     kernel32:KERNEL32.dll
 0002:00000190       __imp_HeapFree             0000000180021190     kernel32:KERNEL32.dll
 0002:00000198       __imp_ExitProcess          0000000180021198     kernel32:KERNEL32.dll
 0002:000001a0       __imp_GetModuleHandleExW   00000001800211a0     kernel32:KERNEL32.dll
 0002:000001a8       __imp_GetModuleFileNameA   00000001800211a8     kernel32:KERNEL32.dll
 0002:000001b0       __imp_ReadFile             00000001800211b0     kernel32:KERNEL32.dll
 0002:000001b8       __imp_SetFilePointerEx     00000001800211b8     kernel32:KERNEL32.dll
 0002:000001c0       __imp_GetStdHandle         00000001800211c0     kernel32:KERNEL32.dll
 0002:000001c8       __imp_GetFileType          00000001800211c8     kernel32:KERNEL32.dll
 0002:000001d0       __imp_WriteFile            00000001800211d0     kernel32:KERNEL32.dll
[...]
 0004:00001b9c       $pdata$??$common_xtox@K_W@@YAHKQEA_W_KI_N@Z 0000000180039b9c     libucrt:xtoa.obj
 0004:00001ba8       $pdata$??$common_xtox_s@K_W@@YAHKQEA_W_KI_N@Z 0000000180039ba8     libucrt:xtoa.obj
 0004:00001bb4       $pdata$_itow_s             0000000180039bb4     libucrt:xtoa.obj
 0004:00001bcc       $pdata$__acrt_LCMapStringW 0000000180039bcc     libucrt:lcmapstringw.obj
 0004:00001bd8       $pdata$_log10_special      0000000180039bd8     libucrt:log_special.obj
 0004:00001be4       $pdata$_log_special_common 0000000180039be4     libucrt:log_special.obj
 0004:00001bf0       $pdata$?DloadAcquireSectionWriteAccess@@YAXXZ 0000000180039bf0     DelayImp:delayhlp.obj
 0004:00001bfc       $pdata$?DloadGetSRWLockFunctionPointers@@YAEXZ 0000000180039bfc     DelayImp:delayhlp.obj
 0004:00001c08       $pdata$?DloadMakePermanentImageCommit@@YAXPEAX_K@Z 0000000180039c08     DelayImp:delayhlp.obj
 0004:00001c14       $pdata$?DloadObtainSection@@YAPEAXPEAK0@Z 0000000180039c14     DelayImp:delayhlp.obj
 0004:00001c20       $pdata$?DloadProtectSection@@YAXKPEAK@Z 0000000180039c20     DelayImp:delayhlp.obj
 0004:00001c2c       $pdata$?DloadReleaseSectionWriteAccess@@YAXXZ 0000000180039c2c     DelayImp:delayhlp.obj
 0004:00001c38       $pdata$__delayLoadHelper2  0000000180039c38     DelayImp:delayhlp.obj
 0004:00001c44       $pdata$_IsNonwritableInCurrentImage 0000000180039c44     LIBCMT:pesect.obj
 0004:00001c50       $pdata$wcschr              0000000180039c50     libvcruntime:wcschr.obj
 0004:00001c68       $pdata$?dtor$0@?0???0?$basic_ostream@DU?$char_traits@D@std@@@std@@QEAA@PEAV?$basic_streambuf@DU?$char_traits@D@std@@@1@_N@Z@4HA 0000000180039c68     libcpmt:cout.obj
 0004:00001c74       $pdata$?dtor$0@?0??_Getcat@?$codecvt@DDU_Mbstatet@@@std@@SA_KPEAPEBVfacet@locale@2@PEBV42@@Z@4HA 0000000180039c74     libcpmt:cout.obj
 0004:00001c80       $pdata$__scrt_is_nonwritable_in_current_image$filt$0 0000000180039c80     LIBCMT:utility.obj
 0004:00001c8c       $pdata$?fin$0@?0??dllmain_crt_process_attach@@YAHQEAUHINSTANCE__@@QEAX@Z@4HA 0000000180039c8c     LIBCMT:dll_dllmain.obj
 0004:00001c98       $pdata$?fin$0@?0??dllmain_crt_process_detach@@YAH_N@Z@4HA 0000000180039c98     LIBCMT:dll_dllmain.obj
 0004:00001ca4       $pdata$?filt$0@?0??dllmain_dispatch@@YAHQEAUHINSTANCE__@@KQEAX@Z@4HA 0000000180039ca4     LIBCMT:dll_dllmain.obj
 0004:00001cb0       $pdata$__CxxCallCatchBlock$filt$0 0000000180039cb0     libvcruntime:frame.obj
 0004:00001cbc       $pdata$__CxxCallCatchBlock$fin$1 0000000180039cbc     libvcruntime:frame.obj
 0004:00001cc8       $pdata$__DestructExceptionObject$filt$0 0000000180039cc8     libvcruntime:frame.obj
 0004:00001cd4       $pdata$__FrameUnwindToState$filt$0 0000000180039cd4     libvcruntime:frame.obj
 0004:00001ce0       $pdata$__FrameUnwindToState$fin$1 0000000180039ce0     libvcruntime:frame.obj
 0004:00001cec       $pdata$_CallSETranslator$filt$0 0000000180039cec     libvcruntime:trnsctrl.obj
 0004:00001cf8       $pdata$?fin$0@?0???$common_fsopen@D@@YAPEAU_iobuf@@QEBD0H@Z@4HA 0000000180039cf8     libucrt:fopen.obj
 0004:00001d04       $pdata$?fin$0@?0??common_fseek@@YAHV__crt_stdio_stream@@_JH@Z@4HA 0000000180039d04     libucrt:fseek.obj
 0004:00001d04       $pdata$?fin$0@?0???$common_ftell@_J@@YA_JV__crt_stdio_stream@@@Z@4HA 0000000180039d04     libucrt:ftell.obj
 0004:00001d10       $pdata$fread_s$fin$0       0000000180039d10     libucrt:fread.obj
 0004:00001d1c       $pdata$common_flush_all$fin$0 0000000180039d1c     libucrt:fflush.obj
 0004:00001d28       $pdata$common_flush_all$fin$1 0000000180039d28     libucrt:fflush.obj
 0004:00001d34       $pdata$fclose$fin$0        0000000180039d34     libucrt:fclose.obj
 0004:00001d34       $pdata$fflush$fin$0        0000000180039d34     libucrt:fflush.obj
 0004:00001d40       $pdata$fgetc$fin$0         0000000180039d40     libucrt:fgetc.obj
 0004:00001d4c       $pdata$fputc$fin$0         0000000180039d4c     libucrt:fputc.obj
 0004:00001d58       $pdata$?fin$0@?0???$?RV<lambda_7a5ef57ff966f610505f1d28a3d40618>@@AEAV<lambda_b721fa326cdb32351d23dfa67958c160>@@V<lambda_5e0fb27672408a07956fe59e48ccb2aa>@@@?$__crt_seh_guarded_call@H@@QEAAH$$QEAV<lambda_7a5ef57ff966f610505f1d28a3d40618>@@AEAV<lambda_b721fa326cdb32351d23dfa67958c160>@@$$QEAV<lambda_5e0fb27672408a07956fe59e48ccb2aa>@@@Z@4HA 0000000180039d58     libucrt:setvbuf.obj
 0004:00001d58       $pdata$?fin$0@?0???$?RV<lambda_5d4c3fee44080f75d5d9762853974fe0>@@AEAV<lambda_532e024f4337e6fc7ad266c2bef9f4ed>@@V<lambda_c87bdc10097eb2402edb8ba9bdf0697b>@@@?$__crt_seh_guarded_call@_K@@QEAA_K$$QEAV<lambda_5d4c3fee44080f75d5d9762853974fe0>@@AEAV<lambda_532e024f4337e6fc7ad266c2bef9f4ed>@@$$QEAV<lambda_c87bdc10097eb2402edb8ba9bdf0697b>@@@Z@4HA 0000000180039d58     libucrt:fwrite.obj
 0004:00001d64       $pdata$ungetc$fin$0        0000000180039d64     libucrt:ungetc.obj
 0004:00001d70       $pdata$setlocale$fin$0     0000000180039d70     libucrt:setlocale.obj
 0004:00001d7c       $pdata$_query_new_handler$fin$0 0000000180039d7c     libucrt:new_handler.obj
 0004:00001d88       $pdata$?filt$0@?0??common_exit@@YAXHW4_crt_exit_cleanup_mode@@W4_crt_exit_return_mode@@@Z@4HA 0000000180039d88     libucrt:exit.obj
 0004:00001d94       $pdata$?fin$1@?0??common_exit@@YAXHW4_crt_exit_cleanup_mode@@W4_crt_exit_return_mode@@@Z@4HA 0000000180039d94     libucrt:exit.obj
 0004:00001da0       $pdata$?fin$0@?0???$?RV<lambda_e24bbb7b643b32fcea6fa61b31d4c984>@@AEAV<lambda_275893d493268fdec8709772e3fcec0e>@@V<lambda_9d71df4d7cf3f480f8d633942495c3b0>@@@?$__crt_seh_guarded_call@H@@QEAAH$$QEAV<lambda_e24bbb7b643b32fcea6fa61b31d4c984>@@AEAV<lambda_275893d493268fdec8709772e3fcec0e>@@$$QEAV<lambda_9d71df4d7cf3f480f8d633942495c3b0>@@@Z@4HA 0000000180039da0     libucrt:onexit.obj
 0004:00001dac       $pdata$raise$fin$0         0000000180039dac     libucrt:signal.obj
 0004:00001db8       $pdata$_fcloseall$fin$0    0000000180039db8     libucrt:closeall.obj
 0004:00001db8       $pdata$?fin$0@?0??__acrt_stdio_allocate_stream@@YA?AV__crt_stdio_stream@@XZ@4HA 0000000180039db8     libucrt:stream.obj
 0004:00001dc4       $pdata$?fin$0@?0???$?RV<lambda_bfedae4ebbf01fab1bb6dcc6a9e276e0>@@AEAV<lambda_2fe9b910cf3cbf4a0ab98a02ba45b3ec>@@V<lambda_237c231691f317818eb88cc1d5d642d6>@@@?$__crt_seh_guarded_call@H@@QEAAH$$QEAV<lambda_bfedae4ebbf01fab1bb6dcc6a9e276e0>@@AEAV<lambda_2fe9b910cf3cbf4a0ab98a02ba45b3ec>@@$$QEAV<lambda_237c231691f317818eb88cc1d5d642d6>@@@Z@4HA 0000000180039dc4     libucrt:close.obj
 0004:00001dc4       $pdata$?fin$0@?0???$?RV<lambda_b521505b218e5242e90febf6bfebc422>@@AEAV<lambda_6978c1fb23f02e42e1d9e99668cc68aa>@@V<lambda_314360699dd331753a4119843814e9a7>@@@?$__crt_seh_guarded_call@H@@QEAAH$$QEAV<lambda_b521505b218e5242e90febf6bfebc422>@@AEAV<lambda_6978c1fb23f02e42e1d9e99668cc68aa>@@$$QEAV<lambda_314360699dd331753a4119843814e9a7>@@@Z@4HA 0000000180039dc4     libucrt:commit.obj
 0004:00001dd0       $pdata$_read$fin$0         0000000180039dd0     libucrt:read.obj
 0004:00001dd0       $pdata$_write$fin$0        0000000180039dd0     libucrt:write.obj
 0004:00001dd0       $pdata$?fin$0@?0???$common_lseek@_J@@YA_JH_JH@Z@4HA 0000000180039dd0     libucrt:lseek.obj
 0004:00001ddc       $pdata$?fin$0@?0???$?RV<lambda_5df02c53a8f32f81fd64e5bbb78039f1>@@AEAV<lambda_2af78c5f5901b1372d98f9ab3177dfa6>@@AEAV<lambda_f51fe5fd7c79a33db34fc9310f277369>@@@?$__crt_seh_guarded_call@X@@QEAAX$$QEAV<lambda_5df02c53a8f32f81fd64e5bbb78039f1>@@AEAV<lambda_2af78c5f5901b1372d98f9ab3177dfa6>@@AEAV<lambda_f51fe5fd7c79a33db34fc9310f277369>@@@Z@4HA 0000000180039ddc     libucrt:wsetlocale.obj
 0004:00001de8       $pdata$?fin$0@?0???$?RV<lambda_c36588078e9f5dfd39652860aa6b3aaf>@@AEAV<lambda_ec61778202f4f5fc7e7711acc23c3bca>@@V<lambda_dc9d2797ccde5d239b4a0efae8ebd7db>@@@?$__crt_seh_guarded_call@P6AXH@Z@@QEAAP6AXH@Z$$QEAV<lambda_c36588078e9f5dfd39652860aa6b3aaf>@@AEAV<lambda_ec61778202f4f5fc7e7711acc23c3bca>@@$$QEAV<lambda_dc9d2797ccde5d239b4a0efae8ebd7db>@@@Z@4HA 0000000180039de8     libucrt:signal.obj
 0004:00001de8       $pdata$?fin$0@?0???$?RV<lambda_d67e8342c384adda8f857579ab50b2ae>@@AEAV<lambda_30712929f77e709619002f448b6a9510>@@V<lambda_4525336fd7e478d965fb7ca7a337cad8>@@@?$__crt_seh_guarded_call@X@@QEAAX$$QEAV<lambda_d67e8342c384adda8f857579ab50b2ae>@@AEAV<lambda_30712929f77e709619002f448b6a9510>@@$$QEAV<lambda_4525336fd7e478d965fb7ca7a337cad8>@@@Z@4HA 0000000180039de8     libucrt:wsetlocale.obj
 0004:00001de8       $pdata$?fin$0@?0???$?RV<lambda_fb3a7dec4e47f37f22dae91bb15c9095>@@AEAV<lambda_698284760c8add0bfb0756c19673e34b>@@V<lambda_dfb8eca1e75fef3034a8fb18dd509707>@@@?$__crt_seh_guarded_call@X@@QEAAX$$QEAV<lambda_fb3a7dec4e47f37f22dae91bb15c9095>@@AEAV<lambda_698284760c8add0bfb0756c19673e34b>@@$$QEAV<lambda_dfb8eca1e75fef3034a8fb18dd509707>@@@Z@4HA 0000000180039de8     libucrt:per_thread_data.obj
 0004:00001de8       $pdata$?fin$0@?0???$?RV<lambda_46352004c1216016012b18bd6f87e700>@@AEAV<lambda_3bd07e1a1191394380780325891bf33f>@@V<lambda_334532d3f185bcaa59b5be82d7d22bff>@@@?$__crt_seh_guarded_call@X@@QEAAX$$QEAV<lambda_46352004c1216016012b18bd6f87e700>@@AEAV<lambda_3bd07e1a1191394380780325891bf33f>@@$$QEAV<lambda_334532d3f185bcaa59b5be82d7d22bff>@@@Z@4HA 0000000180039de8     libucrt:per_thread_data.obj
 0004:00001de8       $pdata$?fin$0@?0???$?RV<lambda_5e887d1dcbef67a5eb4283622ba103bf>@@AEAV<lambda_4466841279450cc726390878d4a41900>@@V<lambda_341c25c0346d94847f1f3c463c57e077>@@@?$__crt_seh_guarded_call@X@@QEAAX$$QEAV<lambda_5e887d1dcbef67a5eb4283622ba103bf>@@AEAV<lambda_4466841279450cc726390878d4a41900>@@$$QEAV<lambda_341c25c0346d94847f1f3c463c57e077>@@@Z@4HA 0000000180039de8     libucrt:per_thread_data.obj
 0004:00001de8       $pdata$?fin$0@?0???$?RV<lambda_630b2aca97f6d20d5b5ea6529ea6b6af>@@AEAV<lambda_af91936f1d075d609f72d9d8cba980af>@@V<lambda_e82fa975f615b5c7c7b0e4d178fdae67>@@@?$__crt_seh_guarded_call@H@@QEAAH$$QEAV<lambda_630b2aca97f6d20d5b5ea6529ea6b6af>@@AEAV<lambda_af91936f1d075d609f72d9d8cba980af>@@$$QEAV<lambda_e82fa975f615b5c7c7b0e4d178fdae67>@@@Z@4HA 0000000180039de8     libucrt:winapi_thunks.obj
 0004:00001de8       $pdata$?fin$0@?0???$?RV<lambda_b8c45f8f788dd370798f47cfe8ac3a86>@@AEAV<lambda_4e60a939b0d047cfe11ddc22648dfba9>@@V<lambda_332c3edc96d0294ec56c57d38c1cdfd5>@@@?$__crt_seh_guarded_call@H@@QEAAH$$QEAV<lambda_b8c45f8f788dd370798f47cfe8ac3a86>@@AEAV<lambda_4e60a939b0d047cfe11ddc22648dfba9>@@$$QEAV<lambda_332c3edc96d0294ec56c57d38c1cdfd5>@@@Z@4HA 0000000180039de8     libucrt:onexit.obj
 0004:00001de8       $pdata$?fin$0@?0???$?RV<lambda_72d1df2b273a38828b1ce30cbf4cdab5>@@AEAV<lambda_876a65b173b8412d3a47c70a915b0cf4>@@V<lambda_41932305e351933ebe8f8be3ed8bb5dc>@@@?$__crt_seh_guarded_call@X@@QEAAX$$QEAV<lambda_72d1df2b273a38828b1ce30cbf4cdab5>@@AEAV<lambda_876a65b173b8412d3a47c70a915b0cf4>@@$$QEAV<lambda_41932305e351933ebe8f8be3ed8bb5dc>@@@Z@4HA 0000000180039de8     libucrt:per_thread_data.obj
 0004:00001de8       $pdata$?fin$0@?0???$?RV<lambda_99476a1ad63dd22509b5d3e65b0ffc95>@@AEAV<lambda_ad1ced32f4ac17aa236e5ef05d6b3b7c>@@V<lambda_f7424dd8d45958661754dc4f2697e9c3>@@@?$__crt_seh_guarded_call@X@@QEAAX$$QEAV<lambda_99476a1ad63dd22509b5d3e65b0ffc95>@@AEAV<lambda_ad1ced32f4ac17aa236e5ef05d6b3b7c>@@$$QEAV<lambda_f7424dd8d45958661754dc4f2697e9c3>@@@Z@4HA 0000000180039de8     libucrt:mbctype.obj
 0004:00001df4       $pdata$_ctrlfp$filt$0      0000000180039df4     libucrt:fpctrl.obj
 0004:00001e00       $pdata$__acrt_update_thread_multibyte_data$fin$0 0000000180039e00     libucrt:mbctype.obj
 0004:00001e0c       $pdata$?fin$0@?0???$common_sopen_dispatch@D@@YAHQEBDHHHQEAHH@Z@4HA 0000000180039e0c     libucrt:open.obj
 0004:00001e18       $pdata$__acrt_uninitialize_locale$fin$0 0000000180039e18     libucrt:wsetlocale.obj
 0004:00001e18       $pdata$__acrt_update_thread_locale_data$fin$0 0000000180039e18     libucrt:locale_refcounting.obj
 0004:00001e24       $pdata$_alloc_osfhnd$fin$0 0000000180039e24     libucrt:osfinfo.obj
 0004:00001e24       $pdata$__acrt_initialize_lowio$fin$0 0000000180039e24     libucrt:ioinit.obj
 0004:00001e24       $pdata$__acrt_lowio_ensure_fh_exists$fin$0 0000000180039e24     libucrt:osfinfo.obj
 0004:00001e30       $pdata$_IsNonwritableInCurrentImage$filt$0 0000000180039e30     LIBCMT:pesect.obj
 0004:00001e3c       $pdata$??__Fcout@std@@YAXXZ 0000000180039e3c     libcpmt:cout.obj
 0004:00001e48       $pdata$??__F_Fac_tidy_reg@std@@YAXXZ 0000000180039e48     libcpmt:locale0.obj
 0004:00001e54       $pdata$??__Fclassic_locale@std@@YAXXZ 0000000180039e54     libcpmt:locale0.obj
 0004:00001e60       $pdata$??__Finit_atexit@@YAXXZ 0000000180039e60     libcpmt:iosptrs.obj
 0005:00000000       __guard_fids__             000000018003a000     libucrt:initialization.obj
 0005:00000060       __guard_fids___acrt_initialize_ptd 000000018003a060     libucrt:per_thread_data.obj
 0005:00000064       __guard_fids__             000000018003a064     libucrt:wsetlocale.obj
 0005:0000007c       __guard_fids_??$?RV<lambda_630b2aca97f6d20d5b5ea6529ea6b6af>@@AEAV<lambda_af91936f1d075d609f72d9d8cba980af>@@V<lambda_e82fa975f615b5c7c7b0e4d178fdae67>@@@?$__crt_seh_guarded_call@H@@QEAAH$$QEAV<lambda_630b2aca97f6d20d5b5ea6529ea6b6af>@@AEAV<lambda_af91936f1d075d609f72d9d8cba980af>@@$$QEAV<lambda_e82fa975f615b5c7c7b0e4d178fdae67>@@@Z 000000018003a07c     libucrt:winapi_thunks.obj
 0005:00000080       __guard_fids__             000000018003a080     libucrt:stdio_initializer.obj
 0005:00000084       __guard_fids__             000000018003a084     libucrt:stdio_initializer.obj
 0005:00000088       __guard_fids_??$expand_argument_wildcards@D@@YAHQEAD0AEAV?$argument_list@D@?A0xca0879c4@@@Z 000000018003a088     libucrt:argv_wildcards.obj
 0005:0000008c       __guard_fids__             000000018003a08c     libucrt:locale_initializer.obj
 0005:00000090       __guard_fids_GetLocaleNameFromLangCountry 000000018003a090     libucrt:get_qualified_locale.obj
 0005:00000094       __guard_fids_GetLocaleNameFromLanguage 000000018003a094     libucrt:get_qualified_locale.obj
 0005:00000098       __guard_fids___acrt_get_qualified_locale_downlevel 000000018003a098     libucrt:getqloc_downlevel.obj
 0005:0000009c       __guard_fids_GetLcidFromLangCountry 000000018003a09c     libucrt:getqloc_downlevel.obj
 0005:000000a0       __guard_fids_GetLcidFromLanguage 000000018003a0a0     libucrt:getqloc_downlevel.obj
 0005:000000a4       __guard_fids__             000000018003a0a4     libucrt:fma3_initializer.obj
 0005:000000a8       __guard_fids__             000000018003a0a8     libucrt:timeset_initializer.obj
 0005:000000ac       __guard_fids__             000000018003a0ac     libucrt:multibyte_initializer.obj
 0005:000000b0       __guard_fids__             000000018003a0b0     libucrt:console_output_initializer.obj
 0005:000000b4       __guard_fids_??__Einitlocks@std@@YAXXZ 000000018003a0b4     libcpmt:xlock.obj
 0005:000000b8       __guard_fids__             000000018003a0b8     libcpmt:xlock.obj
 0005:000000bc       __guard_fids_??__Einitlocks@@YAXXZ 000000018003a0bc     libcpmt:cout.obj
 0005:000000c0       __guard_fids_??__Efout@std@@YAXXZ 000000018003a0c0     libcpmt:cout.obj
 0005:000000c4       __guard_fids_??__Ecout@std@@YAXXZ 000000018003a0c4     libcpmt:cout.obj
 0005:000000c8       __guard_fids__             000000018003a0c8     libcpmt:cout.obj
 0005:000000d0       __guard_fids__             000000018003a0d0     libcpmt:cout.obj
 0005:000000d8       __guard_fids__             000000018003a0d8     libcpmt:cout.obj
 0005:000000e0       __guard_fids__             000000018003a0e0     libcpmt:cout.obj
 0005:000000ec       __guard_fids__             000000018003a0ec     libcpmt:cout.obj
 0005:00000118       __guard_fids__             000000018003a118     libcpmt:cout.obj
 0005:00000130       __guard_fids__             000000018003a130     libcpmt:cout.obj
 0005:00000138       __guard_fids__             000000018003a138     libcpmt:cout.obj
 0005:00000150       __guard_fids__             000000018003a150     libcpmt:cout.obj
 0005:00000158       __guard_fids__             000000018003a158     libcpmt:cout.obj
 0005:0000015c       __guard_fids__             000000018003a15c     libcpmt:cout.obj
 0005:00000198       __guard_fids__             000000018003a198     libcpmt:cout.obj
 0005:000001d4       __guard_fids__             000000018003a1d4     libcpmt:cout.obj
 0005:000001d8       __guard_fids__             000000018003a1d8     libcpmt:cout.obj
 0005:000001dc       __guard_fids__             000000018003a1dc     libcpmt:cout.obj
 0005:00000204       __guard_fids__             000000018003a204     libcpmt:cout.obj
 0005:00000208       __guard_fids__             000000018003a208     libcpmt:cout.obj
 0005:0000020c       __guard_fids__             000000018003a20c     libcpmt:cout.obj
 0005:00000210       __guard_fids__             000000018003a210     libcpmt:cout.obj
 0005:00000214       __guard_fids_??__E_Fac_tidy_reg@std@@YAXXZ 000000018003a214     libcpmt:locale0.obj
 0005:00000218       __guard_fids_?_Setgloballocale@locale@std@@CAXPEAX@Z 000000018003a218     libcpmt:locale0.obj
 0005:0000021c       __guard_fids_??__Eclassic_locale@std@@YAXXZ 000000018003a21c     libcpmt:locale0.obj
 0005:00000220       __guard_fids__             000000018003a220     libcpmt:locale0.obj
 0005:0000022c       __guard_fids__             000000018003a22c     libcpmt:locale0.obj
 0005:00000230       __guard_fids__             000000018003a230     libcpmt:locale0.obj
 0005:00000234       __guard_fids__             000000018003a234     libcpmt:xthrow.obj
 0005:0000023c       __guard_fids__             000000018003a23c     libcpmt:xthrow.obj
 0005:00000244       __guard_fids__             000000018003a244     libcpmt:xthrow.obj
 0005:0000024c       __guard_fids__             000000018003a24c     libcpmt:xthrow.obj
 0005:00000254       __guard_fids_??__Einitlocks@std@@YAXXZ 000000018003a254     libcpmt:iosptrs.obj
 0005:00000258       __guard_fids_??__Einit_atexit@@YAXXZ 000000018003a258     libcpmt:iosptrs.obj
 0005:0000025c       __guard_fids__             000000018003a25c     libcpmt:iosptrs.obj
 0005:00000260       __guard_fids__             000000018003a260     libcpmt:iosptrs.obj
 0005:00000264       __guard_fids__             000000018003a264     libcpmt:winapisupp.obj
 0005:00000268       __guard_fids__             000000018003a268     LIBCMT:thread_safe_statics.obj
 0005:0000026c       __guard_fids_?__scrt_initialize_thread_safe_statics@@YAHXZ 000000018003a26c     LIBCMT:thread_safe_statics.obj
 0005:00000270       __guard_fids_?dllmain_crt_process_attach@@YAHQEAUHINSTANCE__@@QEAX@Z 000000018003a270     LIBCMT:dll_dllmain.obj
 0005:00000278       __guard_fids_?dllmain_dispatch@@YAHQEAUHINSTANCE__@@KQEAX@Z 000000018003a278     LIBCMT:dll_dllmain.obj
 0005:0000027c       __guard_fids__             000000018003a27c     LIBCMT:std_type_info_static.obj
 0005:00000280       __guard_fids__             000000018003a280     LIBCMT:throw_bad_alloc.obj
 0005:00000288       __guard_fids__             000000018003a288     LIBCMT:guard_support.obj
 0005:0000028c       __guard_fids__             000000018003a28c     libvcruntime:frame.obj
 0005:00000290       __guard_fids__             000000018003a290     libvcruntime:frame.obj
 0005:00000298       __guard_fids__UnwindNestedFrames 000000018003a298     libvcruntime:trnsctrl.obj
 0005:0000029c       __guard_fids__             000000018003a29c     libvcruntime:telemetry.obj
 0005:000002a0       __guard_fids_?TraceLoggingRegister@__vcrt_trace_logging_provider@@YAJPEBU_TlgProvider_t@1@PEBU_GUID@@P6AX1KE_K2PEAU_EVENT_FILTER_DESCRIPTOR@@PEAX@Z4@Z 000000018003a2a0     libvcruntime:telemetry.obj
 0005:000002a4       __guard_fids___vcrt_initialize_ptd 000000018003a2a4     libvcruntime:per_thread_data.obj
 0007:00000060       $R000000                   000000018003c060     * linker generated manifest res *

 Exports

  ordinal    name

        1    _register_imager_
