 adder

 Timestamp is 57b6c031 (Fri Aug 19 16:15:45 2016)

 Preferred load address is 0000000180000000

 Start         Length     Name                   Class
 0001:00000000 000001e0H .text                   CODE
 0001:000001e0 0000ac50H .text$mn                CODE
 0001:0000ae30 00000020H .text$mn$00             CODE
 0001:0000ae50 00000260H .text$x                 CODE
 0002:00000000 00000258H .idata$5                DATA
 0002:00000258 00000010H .00cfg                  DATA
 0002:00000268 00000008H .CRT$XCA                DATA
 0002:00000270 00000008H .CRT$XCU                DATA
 0002:00000278 00000008H .CRT$XCZ                DATA
 0002:00000280 00000008H .CRT$XIA                DATA
 0002:00000288 00000018H .CRT$XIC                DATA
 0002:000002a0 00000008H .CRT$XIZ                DATA
 0002:000002a8 00000008H .CRT$XPA                DATA
 0002:000002b0 00000010H .CRT$XPX                DATA
 0002:000002c0 00000008H .CRT$XPXA               DATA
 0002:000002c8 00000008H .CRT$XPZ                DATA
 0002:000002d0 00000008H .CRT$XTA                DATA
 0002:000002d8 00000008H .CRT$XTZ                DATA
 0002:000002e0 000070e8H .rdata                  DATA
 0002:000073c8 00000000H .rdata$r                DATA
 0002:000073c8 00000010H .rdata$zETW0            DATA
 0002:000073d8 00000077H .rdata$zETW1            DATA
 0002:0000744f 0000002cH .rdata$zETW2            DATA
 0002:0000747b 00000001H .rdata$zETW9            DATA
 0002:0000747c 00000404H .rdata$zzzdbg           DATA
 0002:00007880 00000008H .rtc$IAA                DATA
 0002:00007888 00000008H .rtc$IZZ                DATA
 0002:00007890 00000008H .rtc$TAA                DATA
 0002:00007898 00000008H .rtc$TZZ                DATA
 0002:000078a0 00000ae4H .xdata                  DATA
 0002:00008384 00000020H .didat$2                DATA
 0002:000083a4 00000024H .didat$3                DATA
 0002:000083c8 00000078H .didat$4                DATA
 0002:00008440 00000368H .didat$6                DATA
 0002:000087a8 00000078H .didat$7                DATA
 0002:00008820 00000050H .edata                  DATA
 0002:00008870 00000028H .idata$2                DATA
 0002:00008898 00000018H .idata$3                DATA
 0002:000088b0 00000258H .idata$4                DATA
 0002:00008b08 00000572H .idata$6                DATA
 0003:00000000 00000978H .data                   DATA
 0003:00000978 00000000H .data$r                 DATA
 0003:00000978 00000078H .didat$5                DATA
 0003:000009f0 000011f8H .bss                    DATA
 0004:00000000 00000dbcH .pdata                  DATA
 0005:00000000 00000080H .gfids$x                DATA
 0005:00000080 0000001cH .gfids$y                DATA
 0006:00000000 00000060H .rsrc$01                DATA
 0006:00000060 00000180H .rsrc$02                DATA

  Address         Publics by Value              Rva+Base               Lib:Object

 0000:00000000       __guard_iat_count          0000000000000000     <absolute>
 0000:00000000       __dynamic_value_reloc_table 0000000000000000     <absolute>
 0000:00000000       __guard_iat_table          0000000000000000     <absolute>
 0000:00000000       __guard_longjmp_table      0000000000000000     <absolute>
 0000:00000000       __guard_longjmp_count      0000000000000000     <absolute>
 0000:00000000       __guard_fids_count         0000000000000000     <absolute>
 0000:00000000       ___safe_se_handler_table   0000000000000000     <absolute>
 0000:00000000       ___safe_se_handler_count   0000000000000000     <absolute>
 0000:00000000       __guard_fids_table         0000000000000000     <absolute>
 0000:00000100       __guard_flags              0000000000000100     <absolute>
 0000:00000000       __ImageBase                0000000180000000     <linker-defined>
 0001:00000000       ?TraceLoggingRegister@__vcrt_trace_logging_provider@@YAJPEBU_TlgProvider_t@1@PEBU_GUID@@P6AX1KE_K2PEAU_EVENT_FILTER_DESCRIPTOR@@PEAX@Z4@Z 0000000180001000 f i libvcruntime:telemetry.obj
 0001:0000007c       ?_TlgEnableCallback@__vcrt_trace_logging_provider@@YAXPEBU_GUID@@KE_K1PEAU_EVENT_FILTER_DESCRIPTOR@@PEAX@Z 000000018000107c f i libvcruntime:telemetry.obj
 0001:00000140       ?_TlgWrite@__vcrt_trace_logging_provider@@YAJPEBU_TlgProvider_t@1@PEFBXPEBU_GUID@@2IPEAU_EVENT_DATA_DESCRIPTOR@@@Z 0000000180001140 f i libvcruntime:telemetry.obj
 0001:000001e0       ?Add@demo@@YAXAEBV?$FunctionCallbackInfo@VValue@v8@@@v8@@@Z 00000001800011e0 f   adder.obj
 0001:00000330       ?Init@demo@@YAXV?$Local@VObject@v8@@@v8@@@Z 0000000180001330 f   adder.obj
 0001:00000360       ??$NODE_SET_METHOD@V?$Local@VObject@v8@@@v8@@@node@@YAXAEBV?$Local@VObject@v8@@@v8@@PEBDP6AXAEBV?$FunctionCallbackInfo@VValue@v8@@@2@@Z@Z 0000000180001360 f i adder.obj
 0001:0000046c       __imp_load_?ThrowException@Isolate@v8@@QEAA?AV?$Local@VValue@v8@@@2@V32@@Z 000000018000146c f   node:node.exe
 0001:00000478       __tailMerge_node_exe       0000000180001478 f i node:node.exe
 0001:000004f1       __imp_load_?GetCurrent@Isolate@v8@@SAPEAV12@XZ 00000001800014f1 f   node:node.exe
 0001:000004fd       __imp_load_??1HandleScope@v8@@QEAA@XZ 00000001800014fd f   node:node.exe
 0001:00000509       __imp_load_??0HandleScope@v8@@QEAA@PEAVIsolate@1@@Z 0000000180001509 f   node:node.exe
 0001:00000515       __imp_load_?TypeError@Exception@v8@@SA?AV?$Local@VValue@v8@@@2@V?$Local@VString@v8@@@2@@Z 0000000180001515 f   node:node.exe
 0001:00000521       __imp_load_?GetFunction@FunctionTemplate@v8@@QEAA?AV?$Local@VFunction@v8@@@2@XZ 0000000180001521 f   node:node.exe
 0001:0000052d       __imp_load_?New@FunctionTemplate@v8@@SA?AV?$Local@VFunctionTemplate@v8@@@2@PEAVIsolate@2@P6AXAEBV?$FunctionCallbackInfo@VValue@v8@@@2@@ZV?$Local@VValue@v8@@@2@V?$Local@VSignature@v8@@@2@H@Z 000000018000152d f   node:node.exe
 0001:00000539       __imp_load_?NumberValue@Value@v8@@QEBANXZ 0000000180001539 f   node:node.exe
 0001:00000545       __imp_load_?IsNumber@Value@v8@@QEBA_NXZ 0000000180001545 f   node:node.exe
 0001:00000551       __imp_load_?NewFromUtf8@String@v8@@SA?AV?$Local@VString@v8@@@2@PEAVIsolate@2@PEBDW4NewStringType@12@H@Z 0000000180001551 f   node:node.exe
 0001:0000055d       __imp_load_?New@Number@v8@@SA?AV?$Local@VNumber@v8@@@2@PEAVIsolate@2@N@Z 000000018000155d f   node:node.exe
 0001:00000569       __imp_load_?Set@Object@v8@@QEAA_NV?$Local@VValue@v8@@@2@0@Z 0000000180001569 f   node:node.exe
 0001:00000575       __imp_load_?SetName@Function@v8@@QEAAXV?$Local@VString@v8@@@2@@Z 0000000180001575 f   node:node.exe
 0001:00000581       __imp_load_node_module_register 0000000180001581 f   node:node.exe
 0001:000005a0       __security_check_cookie    00000001800015a0 f   LIBCMT:_amdsecgs_.obj
 0001:00000934       _DllMainCRTStartup         0000000180001934 f   LIBCMT:dll_dllmain.obj
 0001:00000974       __raise_securityfailure    0000000180001974 f   LIBCMT:gs_report.obj
 0001:000009a8       __report_gsfailure         00000001800019a8 f   LIBCMT:gs_report.obj
 0001:00000a7c       __report_rangecheckfailure 0000000180001a7c f   LIBCMT:gs_report.obj
 0001:00000a90       __report_securityfailure   0000000180001a90 f   LIBCMT:gs_report.obj
 0001:00000c10       __scrt_acquire_startup_lock 0000000180001c10 f   LIBCMT:utility.obj
 0001:00000c4c       __scrt_dllmain_after_initialize_c 0000000180001c4c f   LIBCMT:utility.obj
 0001:00000c80       __scrt_dllmain_before_initialize_c 0000000180001c80 f   LIBCMT:utility.obj
 0001:00000c98       __scrt_dllmain_crt_thread_attach 0000000180001c98 f   LIBCMT:utility.obj
 0001:00000cc0       __scrt_dllmain_crt_thread_detach 0000000180001cc0 f   LIBCMT:utility.obj
 0001:00000cd8       __scrt_dllmain_exception_filter 0000000180001cd8 f   LIBCMT:utility.obj
 0001:00000d3c       __scrt_dllmain_uninitialize_c 0000000180001d3c f   LIBCMT:utility.obj
 0001:00000d6c       __scrt_dllmain_uninitialize_critical 0000000180001d6c f   LIBCMT:utility.obj
 0001:00000d80       __scrt_initialize_crt      0000000180001d80 f   LIBCMT:utility.obj
 0001:00000dcc       __scrt_initialize_onexit_tables 0000000180001dcc f   LIBCMT:utility.obj
 0001:00000e98       __scrt_is_nonwritable_in_current_image 0000000180001e98 f   LIBCMT:utility.obj
 0001:00000f34       __scrt_release_startup_lock 0000000180001f34 f   LIBCMT:utility.obj
 0001:00000f58       __scrt_uninitialize_crt    0000000180001f58 f   LIBCMT:utility.obj
 0001:00000f84       _onexit                    0000000180001f84 f   LIBCMT:utility.obj
 0001:00000fd4       atexit                     0000000180001fd4 f   LIBCMT:utility.obj
 0001:00000fec       __security_init_cookie     0000000180001fec f   LIBCMT:gs_support.obj
 0001:00001098       ?__scrt_initialize_type_info@@YAXXZ 0000000180002098 f   LIBCMT:tncleanup.obj
 0001:000010a8       ?__scrt_uninitialize_type_info@@YAXXZ 00000001800020a8 f   LIBCMT:tncleanup.obj
 0001:000010b4       __local_stdio_printf_options 00000001800020b4 f i LIBCMT:default_local_stdio_options.obj
 0001:000010bc       __local_stdio_scanf_options 00000001800020bc f i LIBCMT:default_local_stdio_options.obj
 0001:000010c4       __scrt_initialize_default_local_stdio_options 00000001800020c4 f   LIBCMT:default_local_stdio_options.obj
 0001:000010e0       __scrt_get_dyn_tls_init_callback 00000001800020e0 f   LIBCMT:dyn_tls_init.obj
 0001:000010e8       __crt_debugger_hook        00000001800020e8 f   LIBCMT:utility_desktop.obj
 0001:000010f0       __scrt_fastfail            00000001800020f0 f   LIBCMT:utility_desktop.obj
 0001:00001238       _RTC_Initialize            0000000180002238 f   LIBCMT:_initsect_.obj
 0001:00001284       _RTC_Terminate             0000000180002284 f   LIBCMT:_initsect_.obj
 0001:000012d0       _guard_check_icall         00000001800022d0 f i LIBCMT:checkcfg.obj
 0001:000012d8       __isa_available_init       00000001800022d8 f   LIBCMT:_cpu_disp_.obj
 0001:0000149c       _get_startup_argv_mode     000000018000249c f   LIBCMT:argv_mode.obj
 0001:0000149c       DllMain                    000000018000249c f   LIBCMT:dll_dllmain_stub.obj
 0001:000014a4       __scrt_is_ucrt_dll_in_use  00000001800024a4 f   LIBCMT:ucrt_detection.obj
 0001:000014b0       __except_validate_context_record 00000001800024b0 f i libvcruntime:jbcxrval.obj
 0001:000014b0       _guard_check_icall_nop     00000001800024b0 f i LIBCMT:guard_support.obj
 0001:000014c4       __telemetry_main_invoke_trigger 00000001800024c4 f   libvcruntime:telemetry.obj
 0001:000015dc       __telemetry_main_return_trigger 00000001800025dc f   libvcruntime:telemetry.obj
 0001:000016f4       __vcrt_initialize_telemetry_provider 00000001800026f4 f   libvcruntime:telemetry.obj
 0001:00001708       __vcrt_uninitialize_telemetry_provider 0000000180002708 f   libvcruntime:telemetry.obj
 0001:00001728       __C_specific_handler       0000000180002728 f   libvcruntime:_chandler_.obj
 0001:00001924       __vcrt_initialize          0000000180002924 f   libvcruntime:initialization.obj
 0001:0000195c       __vcrt_thread_attach       000000018000295c f   libvcruntime:initialization.obj
 0001:00001970       __vcrt_thread_detach       0000000180002970 f   libvcruntime:initialization.obj
 0001:00001984       __vcrt_uninitialize        0000000180002984 f   libvcruntime:initialization.obj
 0001:000019b0       __vcrt_uninitialize_critical 00000001800029b0 f   libvcruntime:initialization.obj
 0001:000019c0       __std_type_info_destroy_list 00000001800029c0 f   libvcruntime:std_type_info.obj
 0001:00001a00       memset                     0000000180002a00 f   libvcruntime:memset.obj
 0001:00001d68       __vcrt_EventRegister       0000000180002d68 f   libvcruntime:winapi_downlevel.obj
 0001:00001dec       __vcrt_EventSetInformation 0000000180002dec f   libvcruntime:winapi_downlevel.obj
 0001:00001e70       __vcrt_EventUnregister     0000000180002e70 f   libvcruntime:winapi_downlevel.obj
 0001:00001ec4       __vcrt_EventWriteTransfer  0000000180002ec4 f   libvcruntime:winapi_downlevel.obj
 0001:00001f5c       __vcrt_FlsAlloc            0000000180002f5c f   libvcruntime:winapi_downlevel.obj
 0001:00001fb0       __vcrt_FlsFree             0000000180002fb0 f   libvcruntime:winapi_downlevel.obj
 0001:00002004       __vcrt_FlsGetValue         0000000180003004 f   libvcruntime:winapi_downlevel.obj
 0001:00002058       __vcrt_FlsSetValue         0000000180003058 f   libvcruntime:winapi_downlevel.obj
 0001:000020c0       __vcrt_InitializeCriticalSectionEx 00000001800030c0 f   libvcruntime:winapi_downlevel.obj
 0001:00002138       __vcrt_initialize_winapi_thunks 0000000180003138 f   libvcruntime:winapi_downlevel.obj
 0001:00002170       __vcrt_uninitialize_winapi_thunks 0000000180003170 f   libvcruntime:winapi_downlevel.obj
 0001:000021c0       _local_unwind              00000001800031c0 f   libvcruntime:_jmpuwind_.obj
 0001:000021f0       _NLG_Notify                00000001800031f0 f   libvcruntime:_jmpuwind_.obj
 0001:00002210       __NLG_Dispatch2            0000000180003210 f   libvcruntime:_jmpuwind_.obj
 0001:00002220       __NLG_Return2              0000000180003220 f   libvcruntime:_jmpuwind_.obj
 0001:00002224       __vcrt_freefls             0000000180003224 f   libvcruntime:per_thread_data.obj
 0001:00002244       __vcrt_freeptd             0000000180003244 f   libvcruntime:per_thread_data.obj
 0001:00002294       __vcrt_getptd_noexit       0000000180003294 f   libvcruntime:per_thread_data.obj
 0001:0000234c       __vcrt_initialize_ptd      000000018000334c f   libvcruntime:per_thread_data.obj
 0001:0000238c       __vcrt_uninitialize_ptd    000000018000338c f   libvcruntime:per_thread_data.obj
 0001:000023b0       __vcrt_initialize_locks    00000001800033b0 f   libvcruntime:locks.obj
 0001:000023f8       __vcrt_uninitialize_locks  00000001800033f8 f   libvcruntime:locks.obj
 0001:00002430       __vcrt_initialize_pure_virtual_call_handler 0000000180003430 f   libvcruntime:purevirt_data.obj
 0001:00002454       ??0_LocaleUpdate@@QEAA@QEAU__crt_locale_pointers@@@Z 0000000180003454 f i libucrt:stricmp.obj
 0001:000024e4       __ascii_stricmp            00000001800034e4 f   libucrt:stricmp.obj
 0001:00002520       _stricmp                   0000000180003520 f   libucrt:stricmp.obj
 0001:00002568       _stricmp_l                 0000000180003568 f   libucrt:stricmp.obj
 0001:0000261c       _initterm                  000000018000361c f   libucrt:initterm.obj
 0001:00002694       _initterm_e                0000000180003694 f   libucrt:initterm.obj
 0001:000026e0       _seh_filter_dll            00000001800036e0 f   libucrt:exception_filter.obj
 0001:000026f4       _seh_filter_exe            00000001800036f4 f   libucrt:exception_filter.obj
 0001:00002ab4       __acrt_initialize_thread_local_exit_callback 0000000180003ab4 f   libucrt:exit.obj
 0001:00002abc       _cexit                     0000000180003abc f   libucrt:exit.obj
 0001:00002acc       _exit                      0000000180003acc f   libucrt:exit.obj
 0001:00002ad8       _is_c_termination_complete 0000000180003ad8 f   libucrt:exit.obj
 0001:00002c9c       __acrt_allocate_buffer_for_argv 0000000180003c9c f   libucrt:argv_parsing.obj
 0001:00002d00       _configure_narrow_argv     0000000180003d00 f   libucrt:argv_parsing.obj
 0001:0000305c       __dcrt_uninitialize_environments_nolock 000000018000405c f   libucrt:environment_initialization.obj
 0001:00003094       _initialize_narrow_environment 0000000180004094 f   libucrt:environment_initialization.obj
 0001:0000309c       ??$?RV<lambda_b8c45f8f788dd370798f47cfe8ac3a86>@@AEAV<lambda_4e60a939b0d047cfe11ddc22648dfba9>@@V<lambda_332c3edc96d0294ec56c57d38c1cdfd5>@@@?$__crt_seh_guarded_call@H@@QEAAH$$QEAV<lambda_b8c45f8f788dd370798f47cfe8ac3a86>@@AEAV<lambda_4e60a939b0d047cfe11ddc22648dfba9>@@$$QEAV<lambda_332c3edc96d0294ec56c57d38c1cdfd5>@@@Z 000000018000409c f i libucrt:onexit.obj
 0001:000030d8       ??$?RV<lambda_e24bbb7b643b32fcea6fa61b31d4c984>@@AEAV<lambda_275893d493268fdec8709772e3fcec0e>@@V<lambda_9d71df4d7cf3f480f8d633942495c3b0>@@@?$__crt_seh_guarded_call@H@@QEAAH$$QEAV<lambda_e24bbb7b643b32fcea6fa61b31d4c984>@@AEAV<lambda_275893d493268fdec8709772e3fcec0e>@@$$QEAV<lambda_9d71df4d7cf3f480f8d633942495c3b0>@@@Z 00000001800040d8 f i libucrt:onexit.obj
 0001:00003454       _crt_atexit                0000000180004454 f   libucrt:onexit.obj
 0001:00003464       _execute_onexit_table      0000000180004464 f   libucrt:onexit.obj
 0001:000034a0       _initialize_onexit_table   00000001800044a0 f   libucrt:onexit.obj
 0001:000034e0       _register_onexit_function  00000001800044e0 f   libucrt:onexit.obj
 0001:00003570       __acrt_uninitialize_command_line 0000000180004570 f   libucrt:argv_data.obj
 0001:00003660       __acrt_initialize          0000000180004660 f   libucrt:initialization.obj
 0001:00003674       __acrt_thread_attach       0000000180004674 f   libucrt:initialization.obj
 0001:00003688       __acrt_thread_detach       0000000180004688 f   libucrt:initialization.obj
 0001:00003698       __acrt_uninitialize        0000000180004698 f   libucrt:initialization.obj
 0001:000036ac       __acrt_uninitialize_critical 00000001800046ac f   libucrt:initialization.obj
 0001:000036bc       terminate                  00000001800046bc f   libucrt:terminate.obj
 0001:000036e4       _free_base                 00000001800046e4 f   libucrt:free_base.obj
 0001:00003724       _malloc_base               0000000180004724 f   libucrt:malloc_base.obj
 0001:00003784       strcpy_s                   0000000180004784 f   libucrt:strcpy_s.obj
 0001:000037e4       abort                      00000001800047e4 f   libucrt:abort.obj
 0001:0000383c       _calloc_base               000000018000483c f   libucrt:calloc_base.obj
 0001:000038b4       __acrt_call_reportfault    00000001800048b4 f   libucrt:invalid_parameter.obj
 0001:00003a10       __acrt_initialize_invalid_parameter_handler 0000000180004a10 f   libucrt:invalid_parameter.obj
 0001:00003a18       _invalid_parameter         0000000180004a18 f   libucrt:invalid_parameter.obj
 0001:00003ac0       _invalid_parameter_noinfo  0000000180004ac0 f   libucrt:invalid_parameter.obj
 0001:00003ae0       _invoke_watson             0000000180004ae0 f   libucrt:invalid_parameter.obj
 0001:00003b28       __acrt_errno_from_os_error 0000000180004b28 f   libucrt:errno.obj
 0001:00003b70       __acrt_errno_map_os_error  0000000180004b70 f   libucrt:errno.obj
 0001:00003bc0       __doserrno                 0000000180004bc0 f   libucrt:errno.obj
 0001:00003be0       _errno                     0000000180004be0 f   libucrt:errno.obj
 0001:00003c50       _tolower_l                 0000000180004c50 f   libucrt:tolower_toupper.obj
 0001:00003d90       ??$?RV<lambda_46352004c1216016012b18bd6f87e700>@@AEAV<lambda_3bd07e1a1191394380780325891bf33f>@@V<lambda_334532d3f185bcaa59b5be82d7d22bff>@@@?$__crt_seh_guarded_call@X@@QEAAX$$QEAV<lambda_46352004c1216016012b18bd6f87e700>@@AEAV<lambda_3bd07e1a1191394380780325891bf33f>@@$$QEAV<lambda_334532d3f185bcaa59b5be82d7d22bff>@@@Z 0000000180004d90 f i libucrt:per_thread_data.obj
 0001:00003df0       ??$?RV<lambda_5e887d1dcbef67a5eb4283622ba103bf>@@AEAV<lambda_4466841279450cc726390878d4a41900>@@V<lambda_341c25c0346d94847f1f3c463c57e077>@@@?$__crt_seh_guarded_call@X@@QEAAX$$QEAV<lambda_5e887d1dcbef67a5eb4283622ba103bf>@@AEAV<lambda_4466841279450cc726390878d4a41900>@@$$QEAV<lambda_341c25c0346d94847f1f3c463c57e077>@@@Z 0000000180004df0 f i libucrt:per_thread_data.obj
 0001:00003e38       ??$?RV<lambda_72d1df2b273a38828b1ce30cbf4cdab5>@@AEAV<lambda_876a65b173b8412d3a47c70a915b0cf4>@@V<lambda_41932305e351933ebe8f8be3ed8bb5dc>@@@?$__crt_seh_guarded_call@X@@QEAAX$$QEAV<lambda_72d1df2b273a38828b1ce30cbf4cdab5>@@AEAV<lambda_876a65b173b8412d3a47c70a915b0cf4>@@$$QEAV<lambda_41932305e351933ebe8f8be3ed8bb5dc>@@@Z 0000000180004e38 f i libucrt:per_thread_data.obj
 0001:00003e78       ??$?RV<lambda_fb3a7dec4e47f37f22dae91bb15c9095>@@AEAV<lambda_698284760c8add0bfb0756c19673e34b>@@V<lambda_dfb8eca1e75fef3034a8fb18dd509707>@@@?$__crt_seh_guarded_call@X@@QEAAX$$QEAV<lambda_fb3a7dec4e47f37f22dae91bb15c9095>@@AEAV<lambda_698284760c8add0bfb0756c19673e34b>@@$$QEAV<lambda_dfb8eca1e75fef3034a8fb18dd509707>@@@Z 0000000180004e78 f i libucrt:per_thread_data.obj
 0001:00004108       __acrt_freeptd             0000000180005108 f   libucrt:per_thread_data.obj
 0001:0000414c       __acrt_getptd              000000018000514c f   libucrt:per_thread_data.obj
 0001:000041e0       __acrt_getptd_noexit       00000001800051e0 f   libucrt:per_thread_data.obj
 0001:00004280       __acrt_initialize_ptd      0000000180005280 f   libucrt:per_thread_data.obj
 0001:000042bc       __acrt_uninitialize_ptd    00000001800052bc f   libucrt:per_thread_data.obj
 0001:000042e0       __acrt_update_locale_info  00000001800052e0 f   libucrt:locale_update.obj
 0001:00004314       __acrt_update_multibyte_info 0000000180005314 f   libucrt:locale_update.obj
 0001:00004348       __acrt_set_locale_changed  0000000180005348 f   libucrt:wsetlocale.obj
 0001:00004354       __acrt_uninitialize_locale 0000000180005354 f   libucrt:wsetlocale.obj
 0001:0000439c       __acrt_initialize_locks    000000018000539c f   libucrt:locks.obj
 0001:000043e4       __acrt_lock                00000001800053e4 f   libucrt:locks.obj
 0001:00004400       __acrt_uninitialize_locks  0000000180005400 f   libucrt:locks.obj
 0001:00004438       __acrt_unlock              0000000180005438 f   libucrt:locks.obj
 0001:000045f4       __acrt_FlsAlloc            00000001800055f4 f   libucrt:winapi_thunks.obj
 0001:0000464c       __acrt_FlsFree             000000018000564c f   libucrt:winapi_thunks.obj
 0001:000046a4       __acrt_FlsGetValue         00000001800056a4 f   libucrt:winapi_thunks.obj
 0001:000046fc       __acrt_FlsSetValue         00000001800056fc f   libucrt:winapi_thunks.obj
 0001:00004764       __acrt_InitializeCriticalSectionEx 0000000180005764 f   libucrt:winapi_thunks.obj
 0001:000047dc       __acrt_LCMapStringEx       00000001800057dc f   libucrt:winapi_thunks.obj
 0001:000048cc       __acrt_LocaleNameToLCID    00000001800058cc f   libucrt:winapi_thunks.obj
 0001:00004934       __acrt_initialize_winapi_thunks 0000000180005934 f   libucrt:winapi_thunks.obj
 0001:0000496c       __acrt_is_packaged_app     000000018000596c f   libucrt:winapi_thunks.obj
 0001:000049f4       __acrt_uninitialize_winapi_thunks 00000001800059f4 f   libucrt:winapi_thunks.obj
 0001:00004f14       ?expand_if_necessary@?$argument_list@D@?A0xca0879c4@@AEAAHXZ 0000000180005f14 f i libucrt:argv_wildcards.obj
 0001:00004fdc       __acrt_expand_narrow_argv_wildcards 0000000180005fdc f   libucrt:argv_wildcards.obj
 0001:00004fe4       ??$?RV<lambda_99476a1ad63dd22509b5d3e65b0ffc95>@@AEAV<lambda_ad1ced32f4ac17aa236e5ef05d6b3b7c>@@V<lambda_f7424dd8d45958661754dc4f2697e9c3>@@@?$__crt_seh_guarded_call@X@@QEAAX$$QEAV<lambda_99476a1ad63dd22509b5d3e65b0ffc95>@@AEAV<lambda_ad1ced32f4ac17aa236e5ef05d6b3b7c>@@$$QEAV<lambda_f7424dd8d45958661754dc4f2697e9c3>@@@Z 0000000180005fe4 f i libucrt:mbctype.obj
 0001:000056e0       __acrt_initialize_multibyte 00000001800066e0 f   libucrt:mbctype.obj
 0001:00005708       __acrt_update_thread_multibyte_data 0000000180006708 f   libucrt:mbctype.obj
 0001:000057c8       _setmbcp_nolock            00000001800067c8 f   libucrt:mbctype.obj
 0001:00005ae8       _ismbblead                 0000000180006ae8 f   libucrt:ismbbyte.obj
 0001:00005afc       __acrt_initialize_command_line 0000000180006afc f   libucrt:argv_data.obj
 0001:00005b24       __dcrt_get_narrow_environment_from_os 0000000180006b24 f   libucrt:get_environment_from_os.obj
 0001:00005c28       _recalloc                  0000000180006c28 f   libucrt:recalloc.obj
 0001:00005c30       _recalloc_base             0000000180006c30 f   libucrt:recalloc.obj
 0001:00005cc8       __acrt_initialize_heap     0000000180006cc8 f   libucrt:heap_handle.obj
 0001:00005ce4       __acrt_uninitialize_heap   0000000180006ce4 f   libucrt:heap_handle.obj
 0001:00005ed8       __acrt_initialize_lowio    0000000180006ed8 f   libucrt:ioinit.obj
 0001:00005f14       __acrt_uninitialize_lowio  0000000180006f14 f   libucrt:ioinit.obj
 0001:00005f54       __acrt_execute_initializers 0000000180006f54 f   libucrt:shared_initialization.obj
 0001:00005fe8       __acrt_execute_uninitializers 0000000180006fe8 f   libucrt:shared_initialization.obj
 0001:00006038       __acrt_initialize_new_handler 0000000180007038 f   libucrt:new_handler.obj
 0001:00006040       _callnewh                  0000000180007040 f   libucrt:new_handler.obj
 0001:00006080       _query_new_handler         0000000180007080 f   libucrt:new_handler.obj
 0001:000060b4       ??$?RV<lambda_c36588078e9f5dfd39652860aa6b3aaf>@@AEAV<lambda_ec61778202f4f5fc7e7711acc23c3bca>@@V<lambda_dc9d2797ccde5d239b4a0efae8ebd7db>@@@?$__crt_seh_guarded_call@P6AXH@Z@@QEAAP6AXH@Z$$QEAV<lambda_c36588078e9f5dfd39652860aa6b3aaf>@@AEAV<lambda_ec61778202f4f5fc7e7711acc23c3bca>@@$$QEAV<lambda_dc9d2797ccde5d239b4a0efae8ebd7db>@@@Z 00000001800070b4 f i libucrt:signal.obj
 0001:000060fc       __acrt_get_sigabrt_handler 00000001800070fc f   libucrt:signal.obj
 0001:0000612c       __acrt_initialize_signal_handlers 000000018000712c f   libucrt:signal.obj
 0001:0000614c       raise                      000000018000714c f   libucrt:signal.obj
 0001:000063e8       __acrt_has_user_matherr    00000001800073e8 f   libucrt:matherr.obj
 0001:00006408       __acrt_initialize_user_matherr 0000000180007408 f   libucrt:matherr.obj
 0001:00006410       __acrt_invoke_user_matherr 0000000180007410 f   libucrt:matherr.obj
 0001:00006458       _query_new_mode            0000000180007458 f   libucrt:new_mode.obj
 0001:00006460       _mbtowc_l                  0000000180007460 f   libucrt:mbtowc.obj
 0001:000065a8       mbtowc                     00000001800075a8 f   libucrt:mbtowc.obj
 0001:000065b0       _fileno                    00000001800075b0 f   libucrt:fileno.obj
 0001:000065d8       __acrt_initialize_stdio    00000001800075d8 f   libucrt:_file.obj
 0001:000066f8       __acrt_uninitialize_stdio  00000001800076f8 f   libucrt:_file.obj
 0001:00006754       _lock_file                 0000000180007754 f   libucrt:_file.obj
 0001:00006760       _unlock_file               0000000180007760 f   libucrt:_file.obj
 0001:0000676c       __pctype_func              000000018000776c f   libucrt:ctype.obj
 0001:0000679c       _isctype_l                 000000018000779c f   libucrt:isctype.obj
 0001:000068ac       _isleadbyte_l              00000001800078ac f i libucrt:_wctype.obj
 0001:00006c48       __acrt_LCMapStringA        0000000180007c48 f   libucrt:lcmapstringa.obj
 0001:00006ce0       __acrt_add_locale_ref      0000000180007ce0 f   libucrt:locale_refcounting.obj
 0001:00006d6c       __acrt_free_locale         0000000180007d6c f   libucrt:locale_refcounting.obj
 0001:00006ee4       __acrt_locale_add_lc_time_reference 0000000180007ee4 f   libucrt:locale_refcounting.obj
 0001:00006f0c       __acrt_locale_free_lc_time_if_unreferenced 0000000180007f0c f   libucrt:locale_refcounting.obj
 0001:00006f44       __acrt_locale_release_lc_time_reference 0000000180007f44 f   libucrt:locale_refcounting.obj
 0001:00006f6c       __acrt_release_locale_ref  0000000180007f6c f   libucrt:locale_refcounting.obj
 0001:00007014       __acrt_update_thread_locale_data 0000000180008014 f   libucrt:locale_refcounting.obj
 0001:00007084       _updatetlocinfoEx_nolock   0000000180008084 f   libucrt:locale_refcounting.obj
 0001:000070ec       __acrt_locale_free_monetary 00000001800080ec f   libucrt:initmon.obj
 0001:000071f8       __acrt_locale_free_numeric 00000001800081f8 f   libucrt:initnum.obj
 0001:000072bc       __acrt_locale_free_time    00000001800082bc f   libucrt:inittime.obj
 0001:000073c4       __acrt_GetStringTypeA      00000001800083c4 f   libucrt:getstringtypea.obj
 0001:00007640       __acrt_DownlevelLocaleNameToLCID 0000000180008640 f   libucrt:lcidtoname_downlevel.obj
 0001:00007750       qsort                      0000000180008750 f   libucrt:qsort.obj
 0001:00007a84       strncpy_s                  0000000180008a84 f   libucrt:strncpy_s.obj
 0001:00007b58       strpbrk                    0000000180008b58 f   libucrt:strpbrk.obj
 0001:00007bf8       _mbsdec                    0000000180008bf8 f   libucrt:mbsdec.obj
 0001:00007c00       _mbsdec_l                  0000000180008c00 f   libucrt:mbsdec.obj
 0001:00007cb0       _msize                     0000000180008cb0 f   libucrt:msize.obj
 0001:00007cec       _realloc_base              0000000180008cec f   libucrt:realloc_base.obj
 0001:00007d70       __acrt_lowio_create_handle_array 0000000180008d70 f   libucrt:osfinfo.obj
 0001:00007e08       __acrt_lowio_destroy_handle_array 0000000180008e08 f   libucrt:osfinfo.obj
 0001:00007e58       __acrt_lowio_ensure_fh_exists 0000000180008e58 f   libucrt:osfinfo.obj
 0001:00007f10       __acrt_lowio_lock_fh       0000000180008f10 f   libucrt:osfinfo.obj
 0001:00007f34       __acrt_lowio_unlock_fh     0000000180008f34 f   libucrt:osfinfo.obj
 0001:00007f58       _free_osfhnd               0000000180008f58 f   libucrt:osfinfo.obj
 0001:00008014       _get_osfhandle             0000000180009014 f   libucrt:osfinfo.obj
 0001:0000808c       _isatty                    000000018000908c f   libucrt:isatty.obj
 0001:000080ec       __acrt_stdio_flush_nolock  00000001800090ec f   libucrt:fflush.obj
 0001:00008164       _fflush_nolock             0000000180009164 f   libucrt:fflush.obj
 0001:000081b0       _flushall                  00000001800091b0 f   libucrt:fflush.obj
 0001:000082a0       _fcloseall                 00000001800092a0 f   libucrt:closeall.obj
 0001:00008354       __acrt_stdio_free_buffer_nolock 0000000180009354 f   libucrt:_freebuf.obj
 0001:00008394       __strncnt                  0000000180009394 f   libucrt:strncnt.obj
 0001:000083ac       _query_app_type            00000001800093ac f   libucrt:report_runtime_error.obj
 0001:000083b4       ??$?RV<lambda_b521505b218e5242e90febf6bfebc422>@@AEAV<lambda_6978c1fb23f02e42e1d9e99668cc68aa>@@V<lambda_314360699dd331753a4119843814e9a7>@@@?$__crt_seh_guarded_call@H@@QEAAH$$QEAV<lambda_b521505b218e5242e90febf6bfebc422>@@AEAV<lambda_6978c1fb23f02e42e1d9e99668cc68aa>@@$$QEAV<lambda_314360699dd331753a4119843814e9a7>@@@Z 00000001800093b4 f i libucrt:commit.obj
 0001:00008440       _commit                    0000000180009440 f   libucrt:commit.obj
 0001:00008a74       _write                     0000000180009a74 f   libucrt:write.obj
 0001:00008b60       _write_nolock              0000000180009b60 f   libucrt:write.obj
 0001:00008e50       log10                      0000000180009e50 f   libucrt:log10.obj
 0001:00009498       _lseeki64_nolock           000000018000a498 f   libucrt:lseek.obj
 0001:000094a0       _fclose_nolock             000000018000a4a0 f   libucrt:fclose.obj
 0001:00009524       fclose                     000000018000a524 f   libucrt:fclose.obj
 0001:00009590       _putwch_nolock             000000018000a590 f   libucrt:putwch.obj
 0001:00009710       _handle_error              000000018000a710 f   libucrt:libm_error.obj
 0001:00009840       __acrt_initialize_fma3     000000018000a840 f   libucrt:fma3_available.obj
 0001:000098b0       _log10_special             000000018000a8b0 f   libucrt:log_special.obj
 0001:00009968       ??$?RV<lambda_bfedae4ebbf01fab1bb6dcc6a9e276e0>@@AEAV<lambda_2fe9b910cf3cbf4a0ab98a02ba45b3ec>@@V<lambda_237c231691f317818eb88cc1d5d642d6>@@@?$__crt_seh_guarded_call@H@@QEAAH$$QEAV<lambda_bfedae4ebbf01fab1bb6dcc6a9e276e0>@@AEAV<lambda_2fe9b910cf3cbf4a0ab98a02ba45b3ec>@@$$QEAV<lambda_237c231691f317818eb88cc1d5d642d6>@@@Z 000000018000a968 f i libucrt:close.obj
 0001:000099dc       _close                     000000018000a9dc f   libucrt:close.obj
 0001:00009a80       _close_nolock              000000018000aa80 f   libucrt:close.obj
 0001:00009b3c       ?__acrt_stdio_free_stream@@YAXV__crt_stdio_stream@@@Z 000000018000ab3c f   libucrt:stream.obj
 0001:00009b80       __dcrt_lowio_initialize_console_output 000000018000ab80 f   libucrt:initcon.obj
 0001:00009bbc       __dcrt_terminate_console_output 000000018000abbc f   libucrt:initcon.obj
 0001:00009bf0       _get_fpsr                  000000018000abf0 f   libucrt:fpsr.obj
 0001:00009c00       _set_fpsr                  000000018000ac00 f   libucrt:fpsr.obj
 0001:00009c0a       _fclrf                     000000018000ac0a f   libucrt:fpsr.obj
 0001:00009c1e       _frnd                      000000018000ac1e f   libucrt:fpsr.obj
 0001:00009c40       _raise_exc                 000000018000ac40 f   libucrt:fpexcept.obj
 0001:00009c68       _raise_exc_ex              000000018000ac68 f   libucrt:fpexcept.obj
 0001:00009f70       _set_errno_from_matherr    000000018000af70 f   libucrt:fpexcept.obj
 0001:00009fa0       _clrfp                     000000018000afa0 f   libucrt:fpctrl.obj
 0001:00009fc0       _ctrlfp                    000000018000afc0 f   libucrt:fpctrl.obj
 0001:0000a03c       _set_statfp                000000018000b03c f   libucrt:fpctrl.obj
 0001:0000a05c       _statfp                    000000018000b05c f   libucrt:fpctrl.obj
 0001:0000a06e       IsProcessorFeaturePresent  000000018000b06e f   kernel32:KERNEL32.dll
 0001:0000a074       RtlUnwindEx                000000018000b074 f   kernel32:KERNEL32.dll
 0001:0000a07a       SystemFunction036          000000018000b07a f   advapi32:ADVAPI32.dll
 0001:0000a080       ?DloadAcquireSectionWriteAccess@@YAXXZ 000000018000b080 f i DelayImp:delayhlp.obj
 0001:0000a13c       ?DloadGetSRWLockFunctionPointers@@YAEXZ 000000018000b13c f i DelayImp:delayhlp.obj
 0001:0000a1d8       ?DloadMakePermanentImageCommit@@YAXPEAX_K@Z 000000018000b1d8 f i DelayImp:delayhlp.obj
 0001:0000a270       ?DloadObtainSection@@YAPEAXPEAK0@Z 000000018000b270 f i DelayImp:delayhlp.obj
 0001:0000a308       ?DloadProtectSection@@YAXKPEAK@Z 000000018000b308 f i DelayImp:delayhlp.obj
 0001:0000a398       ?DloadReleaseSectionWriteAccess@@YAXXZ 000000018000b398 f i DelayImp:delayhlp.obj
 0001:0000a43c       __delayLoadHelper2         000000018000b43c f   DelayImp:delayhlp.obj
 0001:0000a744       __GSHandlerCheck           000000018000b744 f   LIBCMT:_gshandler_.obj
 0001:0000a764       __GSHandlerCheckCommon     000000018000b764 f   LIBCMT:_gshandler_.obj
 0001:0000a7c0       _FindPESection             000000018000b7c0 f   LIBCMT:pesect.obj
 0001:0000a810       _IsNonwritableInCurrentImage 000000018000b810 f   LIBCMT:pesect.obj
 0001:0000a860       _ValidateImageBase         000000018000b860 f   LIBCMT:pesect.obj
 0001:0000a8a0       __chkstk                   000000018000b8a0 f   LIBCMT:_chkstk_.obj
 0001:0000a8a0       _alloca_probe              000000018000b8a0 f   LIBCMT:_chkstk_.obj
 0001:0000a910       memcpy                     000000018000b910 f   libvcruntime:memcpy.obj
 0001:0000a910       memmove                    000000018000b910 f   libvcruntime:memcpy.obj
 0001:0000ad60       memcmp                     000000018000bd60 f   libvcruntime:memcmp.obj
 0001:0000ae40       _guard_dispatch_icall_nop  000000018000be40 f   LIBCMT:_guard_dispatch_.obj
 0002:00000000       __imp_SystemFunction036    000000018000d000     advapi32:ADVAPI32.dll
 0002:00000008       \177ADVAPI32_NULL_THUNK_DATA 000000018000d008     advapi32:ADVAPI32.dll
 0002:00000010       __imp_RtlCaptureContext    000000018000d010     kernel32:KERNEL32.dll
 0002:00000018       __imp_RtlLookupFunctionEntry 000000018000d018     kernel32:KERNEL32.dll
 0002:00000020       __imp_RtlVirtualUnwind     000000018000d020     kernel32:KERNEL32.dll
 0002:00000028       __imp_UnhandledExceptionFilter 000000018000d028     kernel32:KERNEL32.dll
 0002:00000030       __imp_SetUnhandledExceptionFilter 000000018000d030     kernel32:KERNEL32.dll
 0002:00000038       __imp_GetCurrentProcess    000000018000d038     kernel32:KERNEL32.dll
 0002:00000040       __imp_TerminateProcess     000000018000d040     kernel32:KERNEL32.dll
 0002:00000048       __imp_IsProcessorFeaturePresent 000000018000d048     kernel32:KERNEL32.dll
 0002:00000050       __imp_QueryPerformanceCounter 000000018000d050     kernel32:KERNEL32.dll
 0002:00000058       __imp_GetCurrentProcessId  000000018000d058     kernel32:KERNEL32.dll
 0002:00000060       __imp_GetCurrentThreadId   000000018000d060     kernel32:KERNEL32.dll
 0002:00000068       __imp_GetSystemTimeAsFileTime 000000018000d068     kernel32:KERNEL32.dll
 0002:00000070       __imp_InitializeSListHead  000000018000d070     kernel32:KERNEL32.dll
 0002:00000078       __imp_IsDebuggerPresent    000000018000d078     kernel32:KERNEL32.dll
 0002:00000080       __imp_GetStartupInfoW      000000018000d080     kernel32:KERNEL32.dll
 0002:00000088       __imp_GetModuleHandleW     000000018000d088     kernel32:KERNEL32.dll
 0002:00000090       __imp_GetLastError         000000018000d090     kernel32:KERNEL32.dll
 0002:00000098       __imp_GetModuleFileNameW   000000018000d098     kernel32:KERNEL32.dll
 0002:000000a0       __imp_RtlUnwindEx          000000018000d0a0     kernel32:KERNEL32.dll
 0002:000000a8       __imp_InterlockedFlushSList 000000018000d0a8     kernel32:KERNEL32.dll
 0002:000000b0       __imp_InitializeCriticalSectionAndSpinCount 000000018000d0b0     kernel32:KERNEL32.dll
 0002:000000b8       __imp_TlsAlloc             000000018000d0b8     kernel32:KERNEL32.dll
 0002:000000c0       __imp_TlsGetValue          000000018000d0c0     kernel32:KERNEL32.dll
 0002:000000c8       __imp_TlsSetValue          000000018000d0c8     kernel32:KERNEL32.dll
 0002:000000d0       __imp_TlsFree              000000018000d0d0     kernel32:KERNEL32.dll
 0002:000000d8       __imp_FreeLibrary          000000018000d0d8     kernel32:KERNEL32.dll
 0002:000000e0       __imp_GetProcAddress       000000018000d0e0     kernel32:KERNEL32.dll
 0002:000000e8       __imp_LoadLibraryExW       000000018000d0e8     kernel32:KERNEL32.dll
 0002:000000f0       __imp_SetLastError         000000018000d0f0     kernel32:KERNEL32.dll
 0002:000000f8       __imp_EnterCriticalSection 000000018000d0f8     kernel32:KERNEL32.dll
 0002:00000100       __imp_LeaveCriticalSection 000000018000d100     kernel32:KERNEL32.dll
 0002:00000108       __imp_DeleteCriticalSection 000000018000d108     kernel32:KERNEL32.dll
 0002:00000110       __imp_ExitProcess          000000018000d110     kernel32:KERNEL32.dll
 0002:00000118       __imp_GetModuleHandleExW   000000018000d118     kernel32:KERNEL32.dll
 0002:00000120       __imp_GetModuleFileNameA   000000018000d120     kernel32:KERNEL32.dll
 0002:00000128       __imp_MultiByteToWideChar  000000018000d128     kernel32:KERNEL32.dll
 0002:00000130       __imp_WideCharToMultiByte  000000018000d130     kernel32:KERNEL32.dll
 0002:00000138       __imp_HeapFree             000000018000d138     kernel32:KERNEL32.dll
 0002:00000140       __imp_HeapAlloc            000000018000d140     kernel32:KERNEL32.dll
 0002:00000148       __imp_GetACP               000000018000d148     kernel32:KERNEL32.dll
 0002:00000150       __imp_LCMapStringW         000000018000d150     kernel32:KERNEL32.dll
 0002:00000158       __imp_FindClose            000000018000d158     kernel32:KERNEL32.dll
 0002:00000160       __imp_FindFirstFileExA     000000018000d160     kernel32:KERNEL32.dll
 0002:00000168       __imp_FindNextFileA        000000018000d168     kernel32:KERNEL32.dll
 0002:00000170       __imp_IsValidCodePage      000000018000d170     kernel32:KERNEL32.dll
 0002:00000178       __imp_GetOEMCP             000000018000d178     kernel32:KERNEL32.dll
 0002:00000180       __imp_GetCPInfo            000000018000d180     kernel32:KERNEL32.dll
 0002:00000188       __imp_GetCommandLineA      000000018000d188     kernel32:KERNEL32.dll
 0002:00000190       __imp_GetCommandLineW      000000018000d190     kernel32:KERNEL32.dll
 0002:00000198       __imp_GetEnvironmentStringsW 000000018000d198     kernel32:KERNEL32.dll
 0002:000001a0       __imp_FreeEnvironmentStringsW 000000018000d1a0     kernel32:KERNEL32.dll
 0002:000001a8       __imp_GetProcessHeap       000000018000d1a8     kernel32:KERNEL32.dll
 0002:000001b0       __imp_GetStdHandle         000000018000d1b0     kernel32:KERNEL32.dll
 0002:000001b8       __imp_GetFileType          000000018000d1b8     kernel32:KERNEL32.dll
 0002:000001c0       __imp_GetStringTypeW       000000018000d1c0     kernel32:KERNEL32.dll
 0002:000001c8       __imp_HeapSize             000000018000d1c8     kernel32:KERNEL32.dll
 0002:000001d0       __imp_HeapReAlloc          000000018000d1d0     kernel32:KERNEL32.dll
 0002:000001d8       __imp_SetStdHandle         000000018000d1d8     kernel32:KERNEL32.dll
 0002:000001e0       __imp_WriteFile            000000018000d1e0     kernel32:KERNEL32.dll
 0002:000001e8       __imp_FlushFileBuffers     000000018000d1e8     kernel32:KERNEL32.dll
 0002:000001f0       __imp_GetConsoleCP         000000018000d1f0     kernel32:KERNEL32.dll
 0002:000001f8       __imp_GetConsoleMode       000000018000d1f8     kernel32:KERNEL32.dll
 0002:00000200       __imp_SetFilePointerEx     000000018000d200     kernel32:KERNEL32.dll
 0002:00000208       __imp_CloseHandle          000000018000d208     kernel32:KERNEL32.dll
 0002:00000210       __imp_WriteConsoleW        000000018000d210     kernel32:KERNEL32.dll
 0002:00000218       __imp_CreateFileW          000000018000d218     kernel32:KERNEL32.dll
 0002:00000220       __imp_RaiseException       000000018000d220     kernel32:KERNEL32.dll
 0002:00000228       __imp_GetModuleHandleA     000000018000d228     kernel32:KERNEL32.dll
 0002:00000230       __imp_GetSystemInfo        000000018000d230     kernel32:KERNEL32.dll
 0002:00000238       __imp_VirtualProtect       000000018000d238     kernel32:KERNEL32.dll
 0002:00000240       __imp_VirtualQuery         000000018000d240     kernel32:KERNEL32.dll
 0002:00000248       __imp_LoadLibraryExA       000000018000d248     kernel32:KERNEL32.dll
 0002:00000250       \177KERNEL32_NULL_THUNK_DATA 000000018000d250     kernel32:KERNEL32.dll
 0002:00000258       __guard_check_icall_fptr   000000018000d258     LIBCMT:guard_support.obj
 0002:00000260       __guard_dispatch_icall_fptr 000000018000d260     LIBCMT:guard_support.obj
 0002:00000268       __xc_a                     000000018000d268     LIBCMT:initializers.obj
 0002:00000270       _register_adder_           000000018000d270     adder.obj
 0002:00000278       __xc_z                     000000018000d278     LIBCMT:initializers.obj
 0002:00000280       __xi_a                     000000018000d280     LIBCMT:initializers.obj
 0002:00000288       __acrt_multibyte_initializer 000000018000d288     libucrt:multibyte_initializer.obj
 0002:00000290       __acrt_stdio_initializer   000000018000d290     libucrt:stdio_initializer.obj
 0002:00000298       __acrt_tran_fma3_initializer 000000018000d298     libucrt:fma3_initializer.obj
 0002:000002a0       __xi_z                     000000018000d2a0     LIBCMT:initializers.obj
 0002:000002a8       __xp_a                     000000018000d2a8     LIBCMT:initializers.obj
 0002:000002b0       __acrt_locale_terminator   000000018000d2b0     libucrt:locale_initializer.obj
 0002:000002b8       __dcrt_console_output_terminator 000000018000d2b8     libucrt:console_output_initializer.obj
 0002:000002c0       __acrt_stdio_terminator    000000018000d2c0     libucrt:stdio_initializer.obj
 0002:000002c8       __xp_z                     000000018000d2c8     LIBCMT:initializers.obj
 0002:000002d0       __xt_a                     000000018000d2d0     LIBCMT:initializers.obj
 0002:000002d8       __xt_z                     000000018000d2d8     LIBCMT:initializers.obj
 0002:000002e0       __sz_node_exe              000000018000d2e0     node:node.exe
 0002:000002f0       _pDefaultRawDllMain        000000018000d2f0     LIBCMT:dll_dllmain.obj
 0002:000002f0       _pRawDllMain               000000018000d2f0     LIBCMT:dll_dllmain.obj
 0002:00000308       _Microsoft_CRTProvider     000000018000d308     libvcruntime:telemetry.obj
 0002:00000310       ??_C@_00CNPNBAHC@?$AA@     000000018000d310     libvcruntime:telemetry.obj
 0002:00000314       ??_C@_11LOCGONAA@?$AA?$AA@ 000000018000d314     libvcruntime:telemetry.obj
 0002:00000318       ??_C@_0O@JEOPJOMI@Main?5Invoked?4?$AA@ 000000018000d318     libvcruntime:telemetry.obj
 0002:00000328       ??_C@_0P@NEAEIBDO@Main?5Returned?4?$AA@ 000000018000d328     libvcruntime:telemetry.obj
 0002:00000358       ??_C@_1BC@DNHGCMLG@?$AAa?$AAd?$AAv?$AAa?$AAp?$AAi?$AA3?$AA2?$AA?$AA@ 000000018000d358     libvcruntime:winapi_downlevel.obj
 0002:00000370       ??_C@_1DM@KHCHBNEB@?$AAa?$AAp?$AAi?$AA?9?$AAm?$AAs?$AA?9?$AAw?$AAi?$AAn?$AA?9?$AAc?$AAo?$AAr?$AAe?$AA?9?$AAf?$AAi?$AAb?$AAe?$AAr?$AAs?$AA?9?$AAl?$AA1?$AA?9?$AA1?$AA?9?$AA1?$AA?$AA@ 000000018000d370     libvcruntime:winapi_downlevel.obj
 0002:000003b0       ??_C@_1DK@LPPGFMPP@?$AAa?$AAp?$AAi?$AA?9?$AAm?$AAs?$AA?9?$AAw?$AAi?$AAn?$AA?9?$AAc?$AAo?$AAr?$AAe?$AA?9?$AAs?$AAy?$AAn?$AAc?$AAh?$AA?9?$AAl?$AA1?$AA?9?$AA2?$AA?9?$AA0?$AA?$AA@ 000000018000d3b0     libvcruntime:winapi_downlevel.obj
 0002:000003f0       ??_C@_1BC@GDMECMAK@?$AAk?$AAe?$AAr?$AAn?$AAe?$AAl?$AA3?$AA2?$AA?$AA@ 000000018000d3f0     libvcruntime:winapi_downlevel.obj
 0002:00000408       ??_C@_0O@BAMBGLIE@EventRegister?$AA@ 000000018000d408     libvcruntime:winapi_downlevel.obj
 0002:00000420       ??_C@_0BE@BJEEGHGK@EventSetInformation?$AA@ 000000018000d420     libvcruntime:winapi_downlevel.obj
 0002:00000438       ??_C@_0BA@FAKLIPIC@EventUnregister?$AA@ 000000018000d438     libvcruntime:winapi_downlevel.obj
 0002:00000450       ??_C@_0BD@PKLHJPHD@EventWriteTransfer?$AA@ 000000018000d450     libvcruntime:winapi_downlevel.obj
 0002:00000470       ??_C@_08KNHFBNJ@FlsAlloc?$AA@ 000000018000d470     libvcruntime:winapi_downlevel.obj
 0002:00000488       ??_C@_07PEJMOBNF@FlsFree?$AA@ 000000018000d488     libvcruntime:winapi_downlevel.obj
 0002:00000498       ??_C@_0M@GDNOONDI@FlsGetValue?$AA@ 000000018000d498     libvcruntime:winapi_downlevel.obj
 0002:000004b0       ??_C@_0M@JCPCPOEF@FlsSetValue?$AA@ 000000018000d4b0     libvcruntime:winapi_downlevel.obj
 0002:000004c8       ??_C@_0BM@HCFOFFN@InitializeCriticalSectionEx?$AA@ 000000018000d4c8     libvcruntime:winapi_downlevel.obj
 0002:00000810       ??_C@_08EHJDFFNH@__based?$CI?$AA@ 000000018000d810     libvcruntime:undname.obj
 0002:00000820       ??_C@_07KOLFKCDI@__cdecl?$AA@ 000000018000d820     libvcruntime:undname.obj
 0002:00000828       ??_C@_08GHMPAG@__pascal?$AA@ 000000018000d828     libvcruntime:undname.obj
 0002:00000838       ??_C@_09IFJBGAPI@__stdcall?$AA@ 000000018000d838     libvcruntime:undname.obj
 0002:00000848       ??_C@_0L@NPHFGOKO@__thiscall?$AA@ 000000018000d848     libvcruntime:undname.obj
 0002:00000858       ??_C@_0L@JMKHOMEK@__fastcall?$AA@ 000000018000d858     libvcruntime:undname.obj
 0002:00000868       ??_C@_0N@BCKKPABJ@__vectorcall?$AA@ 000000018000d868     libvcruntime:undname.obj
 0002:00000878       ??_C@_09HIJEGCPM@__clrcall?$AA@ 000000018000d878     libvcruntime:undname.obj
 0002:00000884       ??_C@_06GHPCKEAG@__eabi?$AA@ 000000018000d884     libvcruntime:undname.obj
 0002:00000890       ??_C@_07JOMMBBKO@__ptr64?$AA@ 000000018000d890     libvcruntime:undname.obj
 0002:00000898       ??_C@_0L@PILCLIHE@__restrict?$AA@ 000000018000d898     libvcruntime:undname.obj
 0002:000008a8       ??_C@_0M@GFIIJFMG@__unaligned?$AA@ 000000018000d8a8     libvcruntime:undname.obj
 0002:000008b8       ??_C@_09DHDLOLLB@restrict?$CI?$AA@ 000000018000d8b8     libvcruntime:undname.obj
 0002:000008c4       ??_C@_04NIHEBCM@?5new?$AA@ 000000018000d8c4     libvcruntime:undname.obj
 0002:000008d0       ??_C@_07FPCDHGMM@?5delete?$AA@ 000000018000d8d0     libvcruntime:undname.obj
 0002:000008d8       ??_C@_01NEMOKFLO@?$DN?$AA@ 000000018000d8d8     libvcruntime:undname.obj
 0002:000008dc       ??_C@_02GPIOPFAK@?$DO?$DO?$AA@ 000000018000d8dc     libvcruntime:undname.obj
 0002:000008e0       ??_C@_02FODMEDOG@?$DM?$DM?$AA@ 000000018000d8e0     libvcruntime:undname.obj
 0002:000008e4       ??_C@_01DCLJPIOD@?$CB?$AA@ 000000018000d8e4     libvcruntime:undname.obj
 0002:000008e8       ??_C@_02EGOFBIJA@?$DN?$DN?$AA@ 000000018000d8e8     libvcruntime:undname.obj
 0002:000008ec       ??_C@_02FDNJECIE@?$CB?$DN?$AA@ 000000018000d8ec     libvcruntime:undname.obj
 0002:000008f0       ??_C@_02GPECMEKF@?$FL?$FN?$AA@ 000000018000d8f0     libvcruntime:undname.obj
 0002:000008f8       ??_C@_08LHJFAFGD@operator?$AA@ 000000018000d8f8     libvcruntime:undname.obj
 0002:00000904       ??_C@_02HBOOOICD@?9?$DO?$AA@ 000000018000d904     libvcruntime:undname.obj
 0002:00000908       ??_C@_01NBENCBCI@?$CK?$AA@ 000000018000d908     libvcruntime:undname.obj
 0002:0000090c       ??_C@_02ECNGHCIF@?$CL?$CL?$AA@ 000000018000d90c     libvcruntime:undname.obj
 0002:00000910       ??_C@_02BAABKJLB@?9?9?$AA@ 000000018000d910     libvcruntime:undname.obj
 0002:00000914       ??_C@_01JOAMLHOP@?9?$AA@   000000018000d914     libvcruntime:undname.obj
 0002:00000918       ??_C@_01MIFGBAGJ@?$CL?$AA@ 000000018000d918     libvcruntime:undname.obj
 0002:0000091c       ??_C@_01HNPIGOCE@?$CG?$AA@ 000000018000d91c     libvcruntime:undname.obj
 0002:00000920       ??_C@_03MNHNFDLC@?9?$DO?$CK?$AA@ 000000018000d920     libvcruntime:undname.obj
 0002:00000924       ??_C@_01KMDKNFGN@?1?$AA@   000000018000d924     libvcruntime:undname.obj
 0002:00000928       ??_C@_01FGNFDNOH@?$CF?$AA@ 000000018000d928     libvcruntime:undname.obj
 0002:0000092c       ??_C@_01MNNFJEPP@?$DM?$AA@ 000000018000d92c     libvcruntime:undname.obj
 0002:00000930       ??_C@_02EHCHHCKH@?$DM?$DN?$AA@ 000000018000d930     libvcruntime:undname.obj
 0002:00000934       ??_C@_01PPODPGHN@?$DO?$AA@ 000000018000d934     libvcruntime:undname.obj
 0002:00000938       ??_C@_02EEKDKGMJ@?$DO?$DN?$AA@ 000000018000d938     libvcruntime:undname.obj
 0002:0000093c       ??_C@_01IHBHIGKO@?0?$AA@   000000018000d93c     libvcruntime:undname.obj
 0002:00000940       ??_C@_02HCKGKOFO@?$CI?$CJ?$AA@ 000000018000d940     libvcruntime:undname.obj
 0002:00000944       ??_C@_01PJKLJHI@?$HO?$AA@  000000018000d944     libvcruntime:undname.obj
 0002:00000948       ??_C@_01JKBOJNNK@?$FO?$AA@ 000000018000d948     libvcruntime:undname.obj
 0002:0000094c       ??_C@_01DNKMNLPK@?$HM?$AA@ 000000018000d94c     libvcruntime:undname.obj
 0002:00000950       ??_C@_02PPKAJPJL@?$CG?$CG?$AA@ 000000018000d950     libvcruntime:undname.obj
 0002:00000954       ??_C@_02NONPIBCD@?$HM?$HM?$AA@ 000000018000d954     libvcruntime:undname.obj
 0002:00000958       ??_C@_02FPIMKNGF@?$CK?$DN?$AA@ 000000018000d958     libvcruntime:undname.obj
 0002:0000095c       ??_C@_02FOEOMHFC@?$CL?$DN?$AA@ 000000018000d95c     libvcruntime:undname.obj
 0002:00000960       ??_C@_02FKMDLLOA@?9?$DN?$AA@ 000000018000d960     libvcruntime:undname.obj
 0002:00000964       ??_C@_02FJEHGPIO@?1?$DN?$AA@ 000000018000d964     libvcruntime:undname.obj
 0002:00000968       ??_C@_02FENAOKFI@?$CF?$DN?$AA@ 000000018000d968     libvcruntime:undname.obj
 0002:0000096c       ??_C@_03IKFCCPFF@?$DO?$DO?$DN?$AA@ 000000018000d96c     libvcruntime:undname.obj
 0002:00000970       ??_C@_03CDNPDDLA@?$DM?$DM?$DN?$AA@ 000000018000d970     libvcruntime:undname.obj
 0002:00000974       ??_C@_02FGJGFEAB@?$CG?$DN?$AA@ 000000018000d974     libvcruntime:undname.obj
 0002:00000978       ??_C@_02DHLNPPGH@?$HM?$DN?$AA@ 000000018000d978     libvcruntime:undname.obj
 0002:0000097c       ??_C@_02MHEGNOJ@?$FO?$DN?$AA@ 000000018000d97c     libvcruntime:undname.obj
 0002:00000980       ??_C@_09IFPLHPGF@?$GAvftable?8?$AA@ 000000018000d980     libvcruntime:undname.obj
 0002:00000990       ??_C@_09BLBHBJP@?$GAvbtable?8?$AA@ 000000018000d990     libvcruntime:undname.obj
 0002:000009a0       ??_C@_07FEEIOKP@?$GAvcall?8?$AA@ 000000018000d9a0     libvcruntime:undname.obj
 0002:000009a8       ??_C@_08LLFFHHDJ@?$GAtypeof?8?$AA@ 000000018000d9a8     libvcruntime:undname.obj
 0002:000009b8       ??_C@_0BF@KDPPACIK@?$GAlocal?5static?5guard?8?$AA@ 000000018000d9b8     libvcruntime:undname.obj
 0002:000009d0       ??_C@_08OBABFOLI@?$GAstring?8?$AA@ 000000018000d9d0     libvcruntime:undname.obj
 0002:000009e0       ??_C@_0BD@JDLKDPAB@?$GAvbase?5destructor?8?$AA@ 000000018000d9e0     libvcruntime:undname.obj
 0002:000009f8       ??_C@_0BN@DEGPLNFK@?$GAvector?5deleting?5destructor?8?$AA@ 000000018000d9f8     libvcruntime:undname.obj
 0002:00000a18       ??_C@_0BO@OBMKPJIG@?$GAdefault?5constructor?5closure?8?$AA@ 000000018000da18     libvcruntime:undname.obj
 0002:00000a38       ??_C@_0BN@IMDCHIKM@?$GAscalar?5deleting?5destructor?8?$AA@ 000000018000da38     libvcruntime:undname.obj
 0002:00000a58       ??_C@_0BO@PFGOCPJJ@?$GAvector?5constructor?5iterator?8?$AA@ 000000018000da58     libvcruntime:undname.obj
 0002:00000a78       ??_C@_0BN@LFPFMEDL@?$GAvector?5destructor?5iterator?8?$AA@ 000000018000da78     libvcruntime:undname.obj
 0002:00000a98       ??_C@_0CE@IKBNEHA@?$GAvector?5vbase?5constructor?5iterat@ 000000018000da98     libvcruntime:undname.obj
 0002:00000ac0       ??_C@_0BL@NILFHHPC@?$GAvirtual?5displacement?5map?8?$AA@ 000000018000dac0     libvcruntime:undname.obj
 0002:00000ae0       ??_C@_0CB@JONCMFFK@?$GAeh?5vector?5constructor?5iterator?8@ 000000018000dae0     libvcruntime:undname.obj
 0002:00000b08       ??_C@_0CA@GCEOPDGL@?$GAeh?5vector?5destructor?5iterator?8?$AA@ 000000018000db08     libvcruntime:undname.obj
 0002:00000b28       ??_C@_0CH@OOJPLCPH@?$GAeh?5vector?5vbase?5constructor?5ite@ 000000018000db28     libvcruntime:undname.obj
 0002:00000b50       ??_C@_0BL@LLKPOHJI@?$GAcopy?5constructor?5closure?8?$AA@ 000000018000db50     libvcruntime:undname.obj
 0002:00000b70       ??_C@_0BA@KBCDOMBN@?$GAudt?5returning?8?$AA@ 000000018000db70     libvcruntime:undname.obj
 0002:00000b80       ??_C@_03KLGMFNMG@?$GAEH?$AA@ 000000018000db80     libvcruntime:undname.obj
 0002:00000b84       ??_C@_05KHLCHHI@?$GARTTI?$AA@ 000000018000db84     libvcruntime:undname.obj
 0002:00000b90       ??_C@_0BA@KKLDJDLB@?$GAlocal?5vftable?8?$AA@ 000000018000db90     libvcruntime:undname.obj
 0002:00000ba0       ??_C@_0CE@IIHCMGGL@?$GAlocal?5vftable?5constructor?5closu@ 000000018000dba0     libvcruntime:undname.obj
 0002:00000bc4       ??_C@_06FHBGPFGH@?5new?$FL?$FN?$AA@ 000000018000dbc4     libvcruntime:undname.obj
 0002:00000bd0       ??_C@_09LBNFPBCA@?5delete?$FL?$FN?$AA@ 000000018000dbd0     libvcruntime:undname.obj
 0002:00000be0       ??_C@_0P@HJKNJFNN@?$GAomni?5callsig?8?$AA@ 000000018000dbe0     libvcruntime:undname.obj
 0002:00000bf0       ??_C@_0BL@CNOONJFP@?$GAplacement?5delete?5closure?8?$AA@ 000000018000dbf0     libvcruntime:undname.obj
 0002:00000c10       ??_C@_0BN@CKNJLHMB@?$GAplacement?5delete?$FL?$FN?5closure?8?$AA@ 000000018000dc10     libvcruntime:undname.obj
 0002:00000c30       ??_C@_0CG@CFDHKGGD@?$GAmanaged?5vector?5constructor?5iter@ 000000018000dc30     libvcruntime:undname.obj
 0002:00000c58       ??_C@_0CF@IMGKMJNO@?$GAmanaged?5vector?5destructor?5itera@ 000000018000dc58     libvcruntime:undname.obj
 0002:00000c80       ??_C@_0CG@HLDDJMAG@?$GAeh?5vector?5copy?5constructor?5iter@ 000000018000dc80     libvcruntime:undname.obj
 0002:00000ca8       ??_C@_0CM@FCBBDIGB@?$GAeh?5vector?5vbase?5copy?5constructo@ 000000018000dca8     libvcruntime:undname.obj
 0002:00000cd8       ??_C@_0BL@CLIPGLGB@?$GAdynamic?5initializer?5for?5?8?$AA@ 000000018000dcd8     libvcruntime:undname.obj
 0002:00000cf8       ??_C@_0CB@PDBIFEP@?$GAdynamic?5atexit?5destructor?5for?5?8@ 000000018000dcf8     libvcruntime:undname.obj
 0002:00000d20       ??_C@_0CD@CGAJBKEJ@?$GAvector?5copy?5constructor?5iterato@ 000000018000dd20     libvcruntime:undname.obj
 0002:00000d48       ??_C@_0CJ@GJELGAMM@?$GAvector?5vbase?5copy?5constructor?5i@ 000000018000dd48     libvcruntime:undname.obj
 0002:00000d78       ??_C@_0CL@FGIJHLCE@?$GAmanaged?5vector?5copy?5constructor@ 000000018000dd78     libvcruntime:undname.obj
 0002:00000da8       ??_C@_0BM@PMGGMLDN@?$GAlocal?5static?5thread?5guard?8?$AA@ 000000018000dda8     libvcruntime:undname.obj
 0002:00000dc8       ??_C@_0N@BDNMDMOL@operator?5?$CC?$CC?5?$AA@ 000000018000ddc8     libvcruntime:undname.obj
 0002:00000dd8       ??_C@_0BC@DAFEJGAK@?5Type?5Descriptor?8?$AA@ 000000018000ddd8     libvcruntime:undname.obj
 0002:00000df0       ??_C@_0BM@LDKODKLH@?5Base?5Class?5Descriptor?5at?5?$CI?$AA@ 000000018000ddf0     libvcruntime:undname.obj
 0002:00000e10       ??_C@_0BD@LGICGFMM@?5Base?5Class?5Array?8?$AA@ 000000018000de10     libvcruntime:undname.obj
 0002:00000e28       ??_C@_0BN@MECKDCOJ@?5Class?5Hierarchy?5Descriptor?8?$AA@ 000000018000de28     libvcruntime:undname.obj
 0002:00000e48       ??_C@_0BK@CFCOFLF@?5Complete?5Object?5Locator?8?$AA@ 000000018000de48     libvcruntime:undname.obj
 0002:00000e70       __acrt_exception_action_table 000000018000de70     libucrt:exception_filter.obj
 0002:00000f30       __acrt_signal_action_table_count 000000018000df30     libucrt:exception_filter.obj
 0002:00000f38       __acrt_signal_action_first_fpe_index 000000018000df38     libucrt:exception_filter.obj
 0002:00000f40       __acrt_signal_action_fpe_count 000000018000df40     libucrt:exception_filter.obj
 0002:00000f48       ??_C@_1BI@BGOHAHKC@?$AAm?$AAs?$AAc?$AAo?$AAr?$AAe?$AAe?$AA?4?$AAd?$AAl?$AAl?$AA?$AA@ 000000018000df48     libucrt:exit.obj
 0002:00000f60       ??_C@_0P@MIGLKIOC@CorExitProcess?$AA@ 000000018000df60     libucrt:exit.obj
 0002:000011d0       __lc_time_c                000000018000e1d0     libucrt:nlsdata.obj
 0002:00001490       ??_C@_03KOEHGMDN@Sun?$AA@  000000018000e490     libucrt:nlsdata.obj
 0002:00001494       ??_C@_03PDAGKDH@Mon?$AA@   000000018000e494     libucrt:nlsdata.obj
 0002:00001498       ??_C@_03NAGEINEP@Tue?$AA@  000000018000e498     libucrt:nlsdata.obj
 0002:0000149c       ??_C@_03MHOMLAJA@Wed?$AA@  000000018000e49c     libucrt:nlsdata.obj
 0002:000014a0       ??_C@_03IOFIKPDN@Thu?$AA@  000000018000e4a0     libucrt:nlsdata.obj
 0002:000014a4       ??_C@_03IDIOELNC@Fri?$AA@  000000018000e4a4     libucrt:nlsdata.obj
 0002:000014a8       ??_C@_03FEFJNEK@Sat?$AA@   000000018000e4a8     libucrt:nlsdata.obj
 0002:000014ac       ??_C@_06OOPIFAJ@Sunday?$AA@ 000000018000e4ac     libucrt:nlsdata.obj
 0002:000014b4       ??_C@_06JLEDEDGH@Monday?$AA@ 000000018000e4b4     libucrt:nlsdata.obj
 0002:000014c0       ??_C@_07BAAGCFCM@Tuesday?$AA@ 000000018000e4c0     libucrt:nlsdata.obj
 0002:000014c8       ??_C@_09DLIGFAKA@Wednesday?$AA@ 000000018000e4c8     libucrt:nlsdata.obj
 0002:000014d8       ??_C@_08HACCIKIA@Thursday?$AA@ 000000018000e4d8     libucrt:nlsdata.obj
 0002:000014e4       ??_C@_06JECMNKMI@Friday?$AA@ 000000018000e4e4     libucrt:nlsdata.obj
 0002:000014f0       ??_C@_08INBOOONO@Saturday?$AA@ 000000018000e4f0     libucrt:nlsdata.obj
 0002:000014fc       ??_C@_03JIHJHPIE@Jan?$AA@  000000018000e4fc     libucrt:nlsdata.obj
 0002:00001500       ??_C@_03HJBDCHOM@Feb?$AA@  000000018000e500     libucrt:nlsdata.obj
 0002:00001504       ??_C@_03ODNJBKGA@Mar?$AA@  000000018000e504     libucrt:nlsdata.obj
 0002:00001508       ??_C@_03LEOLGMJP@Apr?$AA@  000000018000e508     libucrt:nlsdata.obj
 0002:0000150c       ??_C@_03CNMDKL@May?$AA@    000000018000e50c     libucrt:nlsdata.obj
 0002:00001510       ??_C@_03IDFGHECI@Jun?$AA@  000000018000e510     libucrt:nlsdata.obj
 0002:00001514       ??_C@_03LBGABGKK@Jul?$AA@  000000018000e514     libucrt:nlsdata.obj
 0002:00001518       ??_C@_03IFJFEIGA@Aug?$AA@  000000018000e518     libucrt:nlsdata.obj
 0002:0000151c       ??_C@_03GGCAPAJC@Sep?$AA@  000000018000e51c     libucrt:nlsdata.obj
 0002:00001520       ??_C@_03BMAOKBAD@Oct?$AA@  000000018000e520     libucrt:nlsdata.obj
 0002:00001524       ??_C@_03JPJOFNIA@Nov?$AA@  000000018000e524     libucrt:nlsdata.obj
 0002:00001528       ??_C@_03MKABNOCG@Dec?$AA@  000000018000e528     libucrt:nlsdata.obj
 0002:00001530       ??_C@_07CGJPFGJA@January?$AA@ 000000018000e530     libucrt:nlsdata.obj
 0002:00001538       ??_C@_08GNJGEPFN@February?$AA@ 000000018000e538     libucrt:nlsdata.obj
 0002:00001544       ??_C@_05HPCKOFNC@March?$AA@ 000000018000e544     libucrt:nlsdata.obj
 0002:0000154c       ??_C@_05DMJDNLEJ@April?$AA@ 000000018000e54c     libucrt:nlsdata.obj
 0002:00001554       ??_C@_04CNLMGBGM@June?$AA@ 000000018000e554     libucrt:nlsdata.obj
 0002:0000155c       ??_C@_04MIEPOIFP@July?$AA@ 000000018000e55c     libucrt:nlsdata.obj
 0002:00001564       ??_C@_06LBBHFDDG@August?$AA@ 000000018000e564     libucrt:nlsdata.obj
 0002:00001570       ??_C@_09BHHEALKD@September?$AA@ 000000018000e570     libucrt:nlsdata.obj
 0002:00001580       ??_C@_07JJNFCEND@October?$AA@ 000000018000e580     libucrt:nlsdata.obj
 0002:00001588       ??_C@_08HCHEGEOA@November?$AA@ 000000018000e588     libucrt:nlsdata.obj
 0002:00001598       ??_C@_08EDHMEBNP@December?$AA@ 000000018000e598     libucrt:nlsdata.obj
 0002:000015a4       ??_C@_02DEDBPAFC@AM?$AA@   000000018000e5a4     libucrt:nlsdata.obj
 0002:000015a8       ??_C@_02CJNFDJBF@PM?$AA@   000000018000e5a8     libucrt:nlsdata.obj
 0002:000015b0       ??_C@_08BPBNCDIB@MM?1dd?1yy?$AA@ 000000018000e5b0     libucrt:nlsdata.obj
 0002:000015c0       ??_C@_0BE@CKGJFCPC@dddd?0?5MMMM?5dd?0?5yyyy?$AA@ 000000018000e5c0     libucrt:nlsdata.obj
 0002:000015d8       ??_C@_08JCCMCCIL@HH?3mm?3ss?$AA@ 000000018000e5d8     libucrt:nlsdata.obj
 0002:000015e8       ??_C@_17MBGCMIPB@?$AAS?$AAu?$AAn?$AA?$AA@ 000000018000e5e8     libucrt:nlsdata.obj
 0002:000015f0       ??_C@_17KBOMKBF@?$AAM?$AAo?$AAn?$AA?$AA@ 000000018000e5f0     libucrt:nlsdata.obj
 0002:000015f8       ??_C@_17BMKGEGOJ@?$AAT?$AAu?$AAe?$AA?$AA@ 000000018000e5f8     libucrt:nlsdata.obj
 0002:00001600       ??_C@_17CJEDCEPE@?$AAW?$AAe?$AAd?$AA?$AA@ 000000018000e600     libucrt:nlsdata.obj
 0002:00001608       ??_C@_17PDPHAADD@?$AAT?$AAh?$AAu?$AA?$AA@ 000000018000e608     libucrt:nlsdata.obj
 0002:00001610       ??_C@_17HFOLPPLP@?$AAF?$AAr?$AAi?$AA?$AA@ 000000018000e610     libucrt:nlsdata.obj
 0002:00001618       ??_C@_17GGIBDPIH@?$AAS?$AAa?$AAt?$AA?$AA@ 000000018000e618     libucrt:nlsdata.obj
 0002:00001620       ??_C@_1O@IHNHDHPB@?$AAS?$AAu?$AAn?$AAd?$AAa?$AAy?$AA?$AA@ 000000018000e620     libucrt:nlsdata.obj
 0002:00001630       ??_C@_1O@MMNBFLIA@?$AAM?$AAo?$AAn?$AAd?$AAa?$AAy?$AA?$AA@ 000000018000e630     libucrt:nlsdata.obj
 0002:00001640       ??_C@_1BA@ENFBFFEK@?$AAT?$AAu?$AAe?$AAs?$AAd?$AAa?$AAy?$AA?$AA@ 000000018000e640     libucrt:nlsdata.obj
 0002:00001650       ??_C@_1BE@EBOGMDOH@?$AAW?$AAe?$AAd?$AAn?$AAe?$AAs?$AAd?$AAa?$AAy?$AA?$AA@ 000000018000e650     libucrt:nlsdata.obj
 0002:00001668       ??_C@_1BC@HHMNLIHE@?$AAT?$AAh?$AAu?$AAr?$AAs?$AAd?$AAa?$AAy?$AA?$AA@ 000000018000e668     libucrt:nlsdata.obj
 0002:00001680       ??_C@_1O@PDICJHAG@?$AAF?$AAr?$AAi?$AAd?$AAa?$AAy?$AA?$AA@ 000000018000e680     libucrt:nlsdata.obj
 0002:00001690       ??_C@_1BC@ENMNNPAJ@?$AAS?$AAa?$AAt?$AAu?$AAr?$AAd?$AAa?$AAy?$AA?$AA@ 000000018000e690     libucrt:nlsdata.obj
 0002:000016a8       ??_C@_17DKNBKCHM@?$AAJ?$AAa?$AAn?$AA?$AA@ 000000018000e6a8     libucrt:nlsdata.obj
 0002:000016b0       ??_C@_17LMDJEKJN@?$AAF?$AAe?$AAb?$AA?$AA@ 000000018000e6b0     libucrt:nlsdata.obj
 0002:000016b8       ??_C@_17CKNLEDEC@?$AAM?$AAa?$AAr?$AA?$AA@ 000000018000e6b8     libucrt:nlsdata.obj
 0002:000016c0       ??_C@_17LFPOIHDD@?$AAA?$AAp?$AAr?$AA?$AA@ 000000018000e6c0     libucrt:nlsdata.obj
 0002:000016c8       ??_C@_17PNNKMEED@?$AAM?$AAa?$AAy?$AA?$AA@ 000000018000e6c8     libucrt:nlsdata.obj
 0002:000016d0       ??_C@_17KCJGOCPB@?$AAJ?$AAu?$AAn?$AA?$AA@ 000000018000e6d0     libucrt:nlsdata.obj
 0002:000016d8       ??_C@_17IJPCKHK@?$AAJ?$AAu?$AAl?$AA?$AA@ 000000018000e6d8     libucrt:nlsdata.obj
 0002:000016e0       ??_C@_17ICPELBCN@?$AAA?$AAu?$AAg?$AA?$AA@ 000000018000e6e0     libucrt:nlsdata.obj
 0002:000016e8       ??_C@_17HCHCOKMG@?$AAS?$AAe?$AAp?$AA?$AA@ 000000018000e6e8     libucrt:nlsdata.obj
 0002:000016f0       ??_C@_17FNLKOI@?$AAO?$AAc?$AAt?$AA?$AA@ 000000018000e6f0     libucrt:nlsdata.obj
 0002:000016f8       ??_C@_17BBDMLCIG@?$AAN?$AAo?$AAv?$AA?$AA@ 000000018000e6f8     libucrt:nlsdata.obj
 0002:00001700       ??_C@_17EGKACKIF@?$AAD?$AAe?$AAc?$AA?$AA@ 000000018000e700     libucrt:nlsdata.obj
 0002:00001708       ??_C@_1BA@EFMEIEBA@?$AAJ?$AAa?$AAn?$AAu?$AAa?$AAr?$AAy?$AA?$AA@ 000000018000e708     libucrt:nlsdata.obj
 0002:00001718       ??_C@_1BC@JGDDFFAM@?$AAF?$AAe?$AAb?$AAr?$AAu?$AAa?$AAr?$AAy?$AA?$AA@ 000000018000e718     libucrt:nlsdata.obj
 0002:00001730       ??_C@_1M@IKEENEDF@?$AAM?$AAa?$AAr?$AAc?$AAh?$AA?$AA@ 000000018000e730     libucrt:nlsdata.obj
 0002:00001740       ??_C@_1M@GJNLMHFD@?$AAA?$AAp?$AAr?$AAi?$AAl?$AA?$AA@ 000000018000e740     libucrt:nlsdata.obj
 0002:00001750       ??_C@_19EPFLPGAP@?$AAJ?$AAu?$AAn?$AAe?$AA?$AA@ 000000018000e750     libucrt:nlsdata.obj
 0002:00001760       ??_C@_19BIFMLPCD@?$AAJ?$AAu?$AAl?$AAy?$AA?$AA@ 000000018000e760     libucrt:nlsdata.obj
 0002:00001770       ??_C@_1O@PAHLKOAC@?$AAA?$AAu?$AAg?$AAu?$AAs?$AAt?$AA?$AA@ 000000018000e770     libucrt:nlsdata.obj
 0002:00001780       ??_C@_1BE@DKAAMBJL@?$AAS?$AAe?$AAp?$AAt?$AAe?$AAm?$AAb?$AAe?$AAr?$AA?$AA@ 000000018000e780     libucrt:nlsdata.obj
 0002:00001798       ??_C@_1BA@EPANDLNG@?$AAO?$AAc?$AAt?$AAo?$AAb?$AAe?$AAr?$AA?$AA@ 000000018000e798     libucrt:nlsdata.obj
 0002:000017a8       ??_C@_1BC@BGLIFPF@?$AAN?$AAo?$AAv?$AAe?$AAm?$AAb?$AAe?$AAr?$AA?$AA@ 000000018000e7a8     libucrt:nlsdata.obj
 0002:000017c0       ??_C@_1BC@FEMKIFH@?$AAD?$AAe?$AAc?$AAe?$AAm?$AAb?$AAe?$AAr?$AA?$AA@ 000000018000e7c0     libucrt:nlsdata.obj
 0002:000017d4       ??_C@_15ODEHAHHF@?$AAA?$AAM?$AA?$AA@ 000000018000e7d4     libucrt:nlsdata.obj
 0002:000017dc       ??_C@_15CLMNNGEL@?$AAP?$AAM?$AA?$AA@ 000000018000e7dc     libucrt:nlsdata.obj
 0002:000017e8       ??_C@_1BC@IEBCMHCM@?$AAM?$AAM?$AA?1?$AAd?$AAd?$AA?1?$AAy?$AAy?$AA?$AA@ 000000018000e7e8     libucrt:nlsdata.obj
 0002:00001800       ??_C@_1CI@KNAKOEBC@?$AAd?$AAd?$AAd?$AAd?$AA?0?$AA?5?$AAM?$AAM?$AAM?$AAM?$AA?5?$AAd?$AAd?$AA?0?$AA?5?$AAy?$AAy?$AAy?$AAy?$AA?$AA@ 000000018000e800     libucrt:nlsdata.obj
 0002:00001828       ??_C@_1BC@GDGBMEMK@?$AAH?$AAH?$AA?3?$AAm?$AAm?$AA?3?$AAs?$AAs?$AA?$AA@ 000000018000e828     libucrt:nlsdata.obj
 0002:00001840       ??_C@_1M@BMHNFIME@?$AAe?$AAn?$AA?9?$AAU?$AAS?$AA?$AA@ 000000018000e840     libucrt:nlsdata.obj
 0002:000018f0       ??_C@_1EG@CNNIPFIM@?$AAa?$AAp?$AAi?$AA?9?$AAm?$AAs?$AA?9?$AAw?$AAi?$AAn?$AA?9?$AAa?$AAp?$AAp?$AAm?$AAo?$AAd?$AAe?$AAl?$AA?9?$AAr?$AAu?$AAn?$AAt?$AAi?$AAm?$AAe?$AA?9?$AAl?$AA1?$AA?9?$AA1@ 000000018000e8f0     libucrt:winapi_thunks.obj
 0002:00001940       ??_C@_1EA@JGEFHKEI@?$AAa?$AAp?$AAi?$AA?9?$AAm?$AAs?$AA?9?$AAw?$AAi?$AAn?$AA?9?$AAc?$AAo?$AAr?$AAe?$AA?9?$AAd?$AAa?$AAt?$AAe?$AAt?$AAi?$AAm?$AAe?$AA?9?$AAl?$AA1?$AA?9?$AA1?$AA?9?$AA1?$AA?$AA@ 000000018000e940     libucrt:winapi_thunks.obj
 0002:00001980       ??_C@_1DI@GCIAAENM@?$AAa?$AAp?$AAi?$AA?9?$AAm?$AAs?$AA?9?$AAw?$AAi?$AAn?$AA?9?$AAc?$AAo?$AAr?$AAe?$AA?9?$AAf?$AAi?$AAl?$AAe?$AA?9?$AAl?$AA2?$AA?9?$AA1?$AA?9?$AA1?$AA?$AA@ 000000018000e980     libucrt:winapi_thunks.obj
 0002:000019c0       ??_C@_1EI@MPIAOHOC@?$AAa?$AAp?$AAi?$AA?9?$AAm?$AAs?$AA?9?$AAw?$AAi?$AAn?$AA?9?$AAc?$AAo?$AAr?$AAe?$AA?9?$AAl?$AAo?$AAc?$AAa?$AAl?$AAi?$AAz?$AAa?$AAt?$AAi?$AAo?$AAn?$AA?9?$AAl?$AA1?$AA?9@ 000000018000e9c0     libucrt:winapi_thunks.obj
 0002:00001a10       ??_C@_1FK@FPHCKFIE@?$AAa?$AAp?$AAi?$AA?9?$AAm?$AAs?$AA?9?$AAw?$AAi?$AAn?$AA?9?$AAc?$AAo?$AAr?$AAe?$AA?9?$AAl?$AAo?$AAc?$AAa?$AAl?$AAi?$AAz?$AAa?$AAt?$AAi?$AAo?$AAn?$AA?9?$AAo?$AAb?$AAs@ 000000018000ea10     libucrt:winapi_thunks.obj
 0002:00001a70       ??_C@_1EM@DILCGIIO@?$AAa?$AAp?$AAi?$AA?9?$AAm?$AAs?$AA?9?$AAw?$AAi?$AAn?$AA?9?$AAc?$AAo?$AAr?$AAe?$AA?9?$AAp?$AAr?$AAo?$AAc?$AAe?$AAs?$AAs?$AAt?$AAh?$AAr?$AAe?$AAa?$AAd?$AAs?$AA?9?$AAl@ 000000018000ea70     libucrt:winapi_thunks.obj
 0002:00001ac0       ??_C@_1DM@LNCGDDPN@?$AAa?$AAp?$AAi?$AA?9?$AAm?$AAs?$AA?9?$AAw?$AAi?$AAn?$AA?9?$AAc?$AAo?$AAr?$AAe?$AA?9?$AAs?$AAt?$AAr?$AAi?$AAn?$AAg?$AA?9?$AAl?$AA1?$AA?9?$AA1?$AA?9?$AA0?$AA?$AA@ 000000018000eac0     libucrt:winapi_thunks.obj
 0002:00001b00       ??_C@_1DO@FPAPJEMD@?$AAa?$AAp?$AAi?$AA?9?$AAm?$AAs?$AA?9?$AAw?$AAi?$AAn?$AA?9?$AAc?$AAo?$AAr?$AAe?$AA?9?$AAs?$AAy?$AAs?$AAi?$AAn?$AAf?$AAo?$AA?9?$AAl?$AA1?$AA?9?$AA2?$AA?9?$AA1?$AA?$AA@ 000000018000eb00     libucrt:winapi_thunks.obj
 0002:00001b40       ??_C@_1DK@NDHNAHIO@?$AAa?$AAp?$AAi?$AA?9?$AAm?$AAs?$AA?9?$AAw?$AAi?$AAn?$AA?9?$AAc?$AAo?$AAr?$AAe?$AA?9?$AAw?$AAi?$AAn?$AAr?$AAt?$AA?9?$AAl?$AA1?$AA?9?$AA1?$AA?9?$AA0?$AA?$AA@ 000000018000eb40     libucrt:winapi_thunks.obj
 0002:00001b80       ??_C@_1DM@KGHDGBCM@?$AAa?$AAp?$AAi?$AA?9?$AAm?$AAs?$AA?9?$AAw?$AAi?$AAn?$AA?9?$AAc?$AAo?$AAr?$AAe?$AA?9?$AAx?$AAs?$AAt?$AAa?$AAt?$AAe?$AA?9?$AAl?$AA2?$AA?9?$AA1?$AA?9?$AA0?$AA?$AA@ 000000018000eb80     libucrt:winapi_thunks.obj
 0002:00001bc0       ??_C@_1EO@IJIOEFOH@?$AAa?$AAp?$AAi?$AA?9?$AAm?$AAs?$AA?9?$AAw?$AAi?$AAn?$AA?9?$AAr?$AAt?$AAc?$AAo?$AAr?$AAe?$AA?9?$AAn?$AAt?$AAu?$AAs?$AAe?$AAr?$AA?9?$AAw?$AAi?$AAn?$AAd?$AAo?$AAw?$AA?9@ 000000018000ebc0     libucrt:winapi_thunks.obj
 0002:00001c10       ??_C@_1FG@HHGEKANL@?$AAa?$AAp?$AAi?$AA?9?$AAm?$AAs?$AA?9?$AAw?$AAi?$AAn?$AA?9?$AAs?$AAe?$AAc?$AAu?$AAr?$AAi?$AAt?$AAy?$AA?9?$AAs?$AAy?$AAs?$AAt?$AAe?$AAm?$AAf?$AAu?$AAn?$AAc?$AAt?$AAi@ 000000018000ec10     libucrt:winapi_thunks.obj
 0002:00001c70       ??_C@_1FG@NCKKOLKO@?$AAe?$AAx?$AAt?$AA?9?$AAm?$AAs?$AA?9?$AAw?$AAi?$AAn?$AA?9?$AAk?$AAe?$AAr?$AAn?$AAe?$AAl?$AA3?$AA2?$AA?9?$AAp?$AAa?$AAc?$AAk?$AAa?$AAg?$AAe?$AA?9?$AAc?$AAu?$AAr?$AAr@ 000000018000ec70     libucrt:winapi_thunks.obj
 0002:00001cd0       ??_C@_1EG@DBIOJECG@?$AAe?$AAx?$AAt?$AA?9?$AAm?$AAs?$AA?9?$AAw?$AAi?$AAn?$AA?9?$AAn?$AAt?$AAu?$AAs?$AAe?$AAr?$AA?9?$AAd?$AAi?$AAa?$AAl?$AAo?$AAg?$AAb?$AAo?$AAx?$AA?9?$AAl?$AA1?$AA?9?$AA1@ 000000018000ecd0     libucrt:winapi_thunks.obj
 0002:00001d20       ??_C@_1EO@FIHMJCLF@?$AAe?$AAx?$AAt?$AA?9?$AAm?$AAs?$AA?9?$AAw?$AAi?$AAn?$AA?9?$AAn?$AAt?$AAu?$AAs?$AAe?$AAr?$AA?9?$AAw?$AAi?$AAn?$AAd?$AAo?$AAw?$AAs?$AAt?$AAa?$AAt?$AAi?$AAo?$AAn?$AA?9@ 000000018000ed20     libucrt:winapi_thunks.obj
 0002:00001d70       ??_C@_1O@BCCLBEOE@?$AAu?$AAs?$AAe?$AAr?$AA3?$AA2?$AA?$AA@ 000000018000ed70     libucrt:winapi_thunks.obj
 0002:00001da8       ??_C@_0BE@JOGNEJCI@GetCurrentPackageId?$AA@ 000000018000eda8     libucrt:winapi_thunks.obj
 0002:00001dd0       ??_C@_0O@KKBNKAPF@LCMapStringEx?$AA@ 000000018000edd0     libucrt:winapi_thunks.obj
 0002:00001de8       ??_C@_0BB@HBDEELFH@LocaleNameToLCID?$AA@ 000000018000ede8     libucrt:winapi_thunks.obj
 0002:00001e20       ??_C@_1M@HPNHIDJI@?$AAj?$AAa?$AA?9?$AAJ?$AAP?$AA?$AA@ 000000018000ee20     libucrt:mbctype.obj
 0002:00001e30       ??_C@_1M@BIBDDEMK@?$AAz?$AAh?$AA?9?$AAC?$AAN?$AA?$AA@ 000000018000ee30     libucrt:mbctype.obj
 0002:00001e40       ??_C@_1M@JLOOOEGK@?$AAk?$AAo?$AA?9?$AAK?$AAR?$AA?$AA@ 000000018000ee40     libucrt:mbctype.obj
 0002:00001e50       ??_C@_1M@CLNBBOPM@?$AAz?$AAh?$AA?9?$AAT?$AAW?$AA?$AA@ 000000018000ee50     libucrt:mbctype.obj
 0002:00001e60       __newctype                 000000018000ee60     libucrt:ctype.obj
 0002:00002160       __newclmap                 000000018000f160     libucrt:ctype.obj
 0002:000022e0       __newcumap                 000000018000f2e0     libucrt:ctype.obj
 0002:00002460       ??_C@_15PJPFLCCM@?$AAu?$AAk?$AA?$AA@ 000000018000f460     libucrt:get_qualified_locale.obj
 0002:000032b0       ??_C@_15EMKDOKLE@?$AAa?$AAr?$AA?$AA@ 00000001800102b0     libucrt:lcidtoname_downlevel.obj
 0002:000032b8       ??_C@_15KNPADPLH@?$AAb?$AAg?$AA?$AA@ 00000001800102b8     libucrt:lcidtoname_downlevel.obj
 0002:000032c0       ??_C@_15EDMHLDMO@?$AAc?$AAa?$AA?$AA@ 00000001800102c0     libucrt:lcidtoname_downlevel.obj
 0002:000032c8       ??_C@_1O@BPEAJADD@?$AAz?$AAh?$AA?9?$AAC?$AAH?$AAS?$AA?$AA@ 00000001800102c8     libucrt:lcidtoname_downlevel.obj
 0002:000032d8       ??_C@_15LJNHCMNK@?$AAc?$AAs?$AA?$AA@ 00000001800102d8     libucrt:lcidtoname_downlevel.obj
 0002:000032e0       ??_C@_15FOMCIDHG@?$AAd?$AAa?$AA?$AA@ 00000001800102e0     libucrt:lcidtoname_downlevel.obj
 0002:000032e8       ??_C@_15NBKABECB@?$AAd?$AAe?$AA?$AA@ 00000001800102e8     libucrt:lcidtoname_downlevel.obj
 0002:000032f0       ??_C@_15GHPEIIAO@?$AAe?$AAl?$AA?$AA@ 00000001800102f0     libucrt:lcidtoname_downlevel.obj
 0002:000032f8       ??_C@_15MNPNEAIF@?$AAe?$AAn?$AA?$AA@ 00000001800102f8     libucrt:lcidtoname_downlevel.obj
 0002:00003300       ??_C@_15GPIOMPMH@?$AAe?$AAs?$AA?$AA@ 0000000180010300     libucrt:lcidtoname_downlevel.obj
 0002:00003308       ??_C@_15NGLOAKJC@?$AAf?$AAi?$AA?$AA@ 0000000180010308     libucrt:lcidtoname_downlevel.obj
 0002:00003310       ??_C@_15FBKGNKAM@?$AAf?$AAr?$AA?$AA@ 0000000180010310     libucrt:lcidtoname_downlevel.obj
 0002:00003318       ??_C@_15KGGCNEFK@?$AAh?$AAe?$AA?$AA@ 0000000180010318     libucrt:lcidtoname_downlevel.obj
 0002:00003320       ??_C@_15PGHLIDMF@?$AAh?$AAu?$AA?$AA@ 0000000180010320     libucrt:lcidtoname_downlevel.obj
 0002:00003328       ??_C@_15BIEMAPLM@?$AAi?$AAs?$AA?$AA@ 0000000180010328     libucrt:lcidtoname_downlevel.obj
 0002:00003330       ??_C@_15IFJLDHAF@?$AAi?$AAt?$AA?$AA@ 0000000180010330     libucrt:lcidtoname_downlevel.obj
 0002:00003338       ??_C@_15GEMIOCAG@?$AAj?$AAa?$AA?$AA@ 0000000180010338     libucrt:lcidtoname_downlevel.obj
 0002:00003340       ??_C@_15EPELEGJA@?$AAk?$AAo?$AA?$AA@ 0000000180010340     libucrt:lcidtoname_downlevel.obj
 0002:00003348       ??_C@_15NDDHIMN@?$AAn?$AAl?$AA?$AA@ 0000000180010348     libucrt:lcidtoname_downlevel.obj
 0002:00003350       ??_C@_15BPIGNHCD@?$AAn?$AAo?$AA?$AA@ 0000000180010350     libucrt:lcidtoname_downlevel.obj
 0002:00003358       ??_C@_15DEOPBLCG@?$AAp?$AAl?$AA?$AA@ 0000000180010358     libucrt:lcidtoname_downlevel.obj
 0002:00003360       ??_C@_15KBECGEFG@?$AAp?$AAt?$AA?$AA@ 0000000180010360     libucrt:lcidtoname_downlevel.obj
 0002:00003368       ??_C@_15GLJCBFMD@?$AAr?$AAo?$AA?$AA@ 0000000180010368     libucrt:lcidtoname_downlevel.obj
 0002:00003370       ??_C@_15FEDGKCDI@?$AAr?$AAu?$AA?$AA@ 0000000180010370     libucrt:lcidtoname_downlevel.obj
 0002:00003378       ??_C@_15GLKMLLHM@?$AAh?$AAr?$AA?$AA@ 0000000180010378     libucrt:lcidtoname_downlevel.obj
 0002:00003380       ??_C@_15CPKMFBDB@?$AAs?$AAk?$AA?$AA@ 0000000180010380     libucrt:lcidtoname_downlevel.obj
 0002:00003388       ??_C@_15BAAIOGMK@?$AAs?$AAq?$AA?$AA@ 0000000180010388     libucrt:lcidtoname_downlevel.obj
 0002:00003390       ??_C@_15INNPNOHD@?$AAs?$AAv?$AA?$AA@ 0000000180010390     libucrt:lcidtoname_downlevel.obj
 0002:00003398       ??_C@_15CABMMOGH@?$AAt?$AAh?$AA?$AA@ 0000000180010398     libucrt:lcidtoname_downlevel.obj
 0002:000033a0       ??_C@_15BPLIHJJM@?$AAt?$AAr?$AA?$AA@ 00000001800103a0     libucrt:lcidtoname_downlevel.obj
 0002:000033a8       ??_C@_15NEOEKKDJ@?$AAu?$AAr?$AA?$AA@ 00000001800103a8     libucrt:lcidtoname_downlevel.obj
 0002:000033b0       ??_C@_15NFICGAJK@?$AAi?$AAd?$AA?$AA@ 00000001800103b0     libucrt:lcidtoname_downlevel.obj
 0002:000033b8       ??_C@_15HPJPHDM@?$AAb?$AAe?$AA?$AA@ 00000001800103b8     libucrt:lcidtoname_downlevel.obj
 0002:000033c0       ??_C@_15LCHLGJII@?$AAs?$AAl?$AA?$AA@ 00000001800103c0     libucrt:lcidtoname_downlevel.obj
 0002:000033c8       ??_C@_15PCFJPHHO@?$AAe?$AAt?$AA?$AA@ 00000001800103c8     libucrt:lcidtoname_downlevel.obj
 0002:000033d0       ??_C@_15HPFPGODN@?$AAl?$AAv?$AA?$AA@ 00000001800103d0     libucrt:lcidtoname_downlevel.obj
 0002:000033d8       ??_C@_15NFFGKGLG@?$AAl?$AAt?$AA?$AA@ 00000001800103d8     libucrt:lcidtoname_downlevel.obj
 0002:000033e0       ??_C@_15BDAKCCHN@?$AAf?$AAa?$AA?$AA@ 00000001800103e0     libucrt:lcidtoname_downlevel.obj
 0002:000033e8       ??_C@_15NFGIAIAJ@?$AAv?$AAi?$AA?$AA@ 00000001800103e8     libucrt:lcidtoname_downlevel.obj
 0002:000033f0       ??_C@_15LMKNDMHN@?$AAh?$AAy?$AA?$AA@ 00000001800103f0     libucrt:lcidtoname_downlevel.obj
 0002:000033f8       ??_C@_15IJBHMCFL@?$AAa?$AAz?$AA?$AA@ 00000001800103f8     libucrt:lcidtoname_downlevel.obj
 0002:00003400       ??_C@_15EKOFJABL@?$AAe?$AAu?$AA?$AA@ 0000000180010400     libucrt:lcidtoname_downlevel.obj
 0002:00003408       ??_C@_15BGHADCNK@?$AAm?$AAk?$AA?$AA@ 0000000180010408     libucrt:lcidtoname_downlevel.obj
 0002:00003410       ??_C@_15JDNICKHM@?$AAa?$AAf?$AA?$AA@ 0000000180010410     libucrt:lcidtoname_downlevel.obj
 0002:00003418       ??_C@_15KPJEDBKD@?$AAk?$AAa?$AA?$AA@ 0000000180010418     libucrt:lcidtoname_downlevel.obj
 0002:00003420       ??_C@_15PDNFFFEO@?$AAf?$AAo?$AA?$AA@ 0000000180010420     libucrt:lcidtoname_downlevel.obj
 0002:00003428       ??_C@_15OMLEGLOC@?$AAh?$AAi?$AA?$AA@ 0000000180010428     libucrt:lcidtoname_downlevel.obj
 0002:00003430       ??_C@_15IDNNENKK@?$AAm?$AAs?$AA?$AA@ 0000000180010430     libucrt:lcidtoname_downlevel.obj
 0002:00003438       ??_C@_15MACJNBMH@?$AAk?$AAk?$AA?$AA@ 0000000180010438     libucrt:lcidtoname_downlevel.obj
 0002:00003440       ??_C@_15DKDJEOND@?$AAk?$AAy?$AA?$AA@ 0000000180010440     libucrt:lcidtoname_downlevel.obj
 0002:00003448       ??_C@_15DFGDLJBG@?$AAs?$AAw?$AA?$AA@ 0000000180010448     libucrt:lcidtoname_downlevel.obj
 0002:00003450       ??_C@_15BBFAICNG@?$AAu?$AAz?$AA?$AA@ 0000000180010450     libucrt:lcidtoname_downlevel.obj
 0002:00003458       ??_C@_15DKNDCGEA@?$AAt?$AAt?$AA?$AA@ 0000000180010458     libucrt:lcidtoname_downlevel.obj
 0002:00003460       ??_C@_15MGIFMDPL@?$AAp?$AAa?$AA?$AA@ 0000000180010460     libucrt:lcidtoname_downlevel.obj
 0002:00003468       ??_C@_15HCNDBBA@?$AAg?$AAu?$AA?$AA@ 0000000180010468     libucrt:lcidtoname_downlevel.obj
 0002:00003470       ??_C@_15FNBEIBON@?$AAt?$AAa?$AA?$AA@ 0000000180010470     libucrt:lcidtoname_downlevel.obj
 0002:00003478       ??_C@_15NCHGBGLK@?$AAt?$AAe?$AA?$AA@ 0000000180010478     libucrt:lcidtoname_downlevel.obj
 0002:00003480       ??_C@_15PHPHCBPF@?$AAk?$AAn?$AA?$AA@ 0000000180010480     libucrt:lcidtoname_downlevel.obj
 0002:00003488       ??_C@_15DLGBCKMP@?$AAm?$AAr?$AA?$AA@ 0000000180010488     libucrt:lcidtoname_downlevel.obj
 0002:00003490       ??_C@_15EABBLBFF@?$AAs?$AAa?$AA?$AA@ 0000000180010490     libucrt:lcidtoname_downlevel.obj
 0002:00003498       ??_C@_15CBKOMCOI@?$AAm?$AAn?$AA?$AA@ 0000000180010498     libucrt:lcidtoname_downlevel.obj
 0002:000034a0       ??_C@_15CKDMCJAF@?$AAg?$AAl?$AA?$AA@ 00000001800104a0     libucrt:lcidtoname_downlevel.obj
 0002:000034a8       ??_C@_17CNJFBPG@?$AAk?$AAo?$AAk?$AA?$AA@ 00000001800104a8     libucrt:lcidtoname_downlevel.obj
 0002:000034b0       ??_C@_17FFBJICPL@?$AAs?$AAy?$AAr?$AA?$AA@ 00000001800104b0     libucrt:lcidtoname_downlevel.obj
 0002:000034b8       ??_C@_17KPNDCPAF@?$AAd?$AAi?$AAv?$AA?$AA@ 00000001800104b8     libucrt:lcidtoname_downlevel.obj
 0002:000034c0       ??_C@_1M@OKAHONE@?$AAa?$AAr?$AA?9?$AAS?$AAA?$AA?$AA@ 00000001800104c0     libucrt:lcidtoname_downlevel.obj
 0002:000034d0       ??_C@_1M@FFFIGIGK@?$AAb?$AAg?$AA?9?$AAB?$AAG?$AA?$AA@ 00000001800104d0     libucrt:lcidtoname_downlevel.obj
 0002:000034e0       ??_C@_1M@BJNKEDC@?$AAc?$AAa?$AA?9?$AAE?$AAS?$AA?$AA@ 00000001800104e0     libucrt:lcidtoname_downlevel.obj
 0002:000034f0       ??_C@_1M@IJJHFJHA@?$AAc?$AAs?$AA?9?$AAC?$AAZ?$AA?$AA@ 00000001800104f0     libucrt:lcidtoname_downlevel.obj
 0002:00003500       ??_C@_1M@CLPEOBGI@?$AAd?$AAa?$AA?9?$AAD?$AAK?$AA?$AA@ 0000000180010500     libucrt:lcidtoname_downlevel.obj
 0002:00003510       ??_C@_1M@MCMADGCB@?$AAd?$AAe?$AA?9?$AAD?$AAE?$AA?$AA@ 0000000180010510     libucrt:lcidtoname_downlevel.obj
 0002:00003520       ??_C@_1M@OOCKEMAM@?$AAe?$AAl?$AA?9?$AAG?$AAR?$AA?$AA@ 0000000180010520     libucrt:lcidtoname_downlevel.obj
 0002:00003530       ??_C@_1M@DDNJFGID@?$AAf?$AAi?$AA?9?$AAF?$AAI?$AA?$AA@ 0000000180010530     libucrt:lcidtoname_downlevel.obj
 0002:00003540       ??_C@_1M@GLIPPMAC@?$AAf?$AAr?$AA?9?$AAF?$AAR?$AA?$AA@ 0000000180010540     libucrt:lcidtoname_downlevel.obj
 0002:00003550       ??_C@_1M@GFMCHPE@?$AAh?$AAe?$AA?9?$AAI?$AAL?$AA?$AA@ 0000000180010550     libucrt:lcidtoname_downlevel.obj
 0002:00003560       ??_C@_1M@MHLPGNKM@?$AAh?$AAu?$AA?9?$AAH?$AAU?$AA?$AA@ 0000000180010560     libucrt:lcidtoname_downlevel.obj
[...]
 0004:0000075c       $pdata$??R<lambda_ad1ced32f4ac17aa236e5ef05d6b3b7c>@@QEBAXXZ 000000018001975c     libucrt:mbctype.obj
 0004:00000768       $pdata$?getSystemCP@@YAHH@Z 0000000180019768     libucrt:mbctype.obj
 0004:00000774       $pdata$?setSBCS@@YAXPEAU__crt_multibyte_data@@@Z 0000000180019774     libucrt:mbctype.obj
 0004:00000780       $pdata$?setSBUpLow@@YAXPEAU__crt_multibyte_data@@@Z 0000000180019780     libucrt:mbctype.obj
 0004:0000078c       $pdata$?setmbcp_internal@@YAHH_N@Z 000000018001978c     libucrt:mbctype.obj
 0004:00000798       $pdata$__acrt_initialize_multibyte 0000000180019798     libucrt:mbctype.obj
 0004:000007a4       $pdata$__acrt_update_thread_multibyte_data 00000001800197a4     libucrt:mbctype.obj
 0004:000007b0       $pdata$_setmbcp_nolock     00000001800197b0     libucrt:mbctype.obj
 0004:000007bc       $pdata$?x_ismbbtype_l@@YAHPEAU__crt_locale_pointers@@IHH@Z 00000001800197bc     libucrt:ismbbyte.obj
 0004:000007c8       $pdata$__acrt_initialize_command_line 00000001800197c8     libucrt:argv_data.obj
 0004:000007d4       $pdata$__dcrt_get_narrow_environment_from_os 00000001800197d4     libucrt:get_environment_from_os.obj
 0004:000007e0       $pdata$_recalloc_base      00000001800197e0     libucrt:recalloc.obj
 0004:000007ec       $pdata$__acrt_initialize_heap 00000001800197ec     libucrt:heap_handle.obj
 0004:000007f8       $pdata$?initialize_inherited_file_handles_nolock@@YAXXZ 00000001800197f8     libucrt:ioinit.obj
 0004:00000804       $pdata$?initialize_stdio_handles_nolock@@YAXXZ 0000000180019804     libucrt:ioinit.obj
 0004:00000810       $pdata$__acrt_initialize_lowio 0000000180019810     libucrt:ioinit.obj
 0004:0000081c       $pdata$__acrt_uninitialize_lowio 000000018001981c     libucrt:ioinit.obj
 0004:00000828       $pdata$__acrt_execute_initializers 0000000180019828     libucrt:shared_initialization.obj
 0004:00000834       $pdata$__acrt_execute_uninitializers 0000000180019834     libucrt:shared_initialization.obj
 0004:00000840       $pdata$_callnewh           0000000180019840     libucrt:new_handler.obj
 0004:0000084c       $pdata$_query_new_handler  000000018001984c     libucrt:new_handler.obj
 0004:00000858       $pdata$??$?RV<lambda_c36588078e9f5dfd39652860aa6b3aaf>@@AEAV<lambda_ec61778202f4f5fc7e7711acc23c3bca>@@V<lambda_dc9d2797ccde5d239b4a0efae8ebd7db>@@@?$__crt_seh_guarded_call@P6AXH@Z@@QEAAP6AXH@Z$$QEAV<lambda_c36588078e9f5dfd39652860aa6b3aaf>@@AEAV<lambda_ec61778202f4f5fc7e7711acc23c3bca>@@$$QEAV<lambda_dc9d2797ccde5d239b4a0efae8ebd7db>@@@Z 0000000180019858     libucrt:signal.obj
 0004:00000864       $pdata$__acrt_get_sigabrt_handler 0000000180019864     libucrt:signal.obj
 0004:00000870       $pdata$raise               0000000180019870     libucrt:signal.obj
 0004:0000087c       $pdata$__acrt_invoke_user_matherr 000000018001987c     libucrt:matherr.obj
 0004:00000888       $pdata$_mbtowc_l           0000000180019888     libucrt:mbtowc.obj
 0004:00000894       $pdata$_fileno             0000000180019894     libucrt:fileno.obj
 0004:000008a0       $pdata$__acrt_initialize_stdio 00000001800198a0     libucrt:_file.obj
 0004:000008ac       $pdata$__acrt_uninitialize_stdio 00000001800198ac     libucrt:_file.obj
 0004:000008b8       $pdata$__pctype_func       00000001800198b8     libucrt:ctype.obj
 0004:000008c4       $pdata$_isctype_l          00000001800198c4     libucrt:isctype.obj
 0004:000008d0       $pdata$_isleadbyte_l       00000001800198d0     libucrt:_wctype.obj
 0004:000008dc       $pdata$?__acrt_LCMapStringA_stat@@YAHPEAU__crt_locale_pointers@@PEB_WKPEBDHPEADHHH@Z 00000001800198dc     libucrt:lcmapstringa.obj
 0004:000008e8       $pdata$__acrt_LCMapStringA 00000001800198e8     libucrt:lcmapstringa.obj
 0004:000008f4       $pdata$__acrt_free_locale  00000001800198f4     libucrt:locale_refcounting.obj
 0004:00000900       $pdata$__acrt_locale_free_lc_time_if_unreferenced 0000000180019900     libucrt:locale_refcounting.obj
 0004:0000090c       $pdata$__acrt_release_locale_ref 000000018001990c     libucrt:locale_refcounting.obj
 0004:00000918       $pdata$__acrt_update_thread_locale_data 0000000180019918     libucrt:locale_refcounting.obj
 0004:00000924       $pdata$_updatetlocinfoEx_nolock 0000000180019924     libucrt:locale_refcounting.obj
 0004:00000930       $pdata$__acrt_locale_free_monetary 0000000180019930     libucrt:initmon.obj
 0004:0000093c       $pdata$__acrt_locale_free_numeric 000000018001993c     libucrt:initnum.obj
 0004:00000948       $pdata$?free_crt_array_internal@@YAXQEAPEBX_K@Z 0000000180019948     libucrt:inittime.obj
 0004:00000954       $pdata$__acrt_locale_free_time 0000000180019954     libucrt:inittime.obj
 0004:00000960       $pdata$__acrt_GetStringTypeA 0000000180019960     libucrt:getstringtypea.obj
 0004:0000096c       $pdata$?GetTableIndexFromLocaleName@@YAHPEB_W@Z 000000018001996c     libucrt:lcidtoname_downlevel.obj
 0004:00000978       $pdata$__acrt_DownlevelLocaleNameToLCID 0000000180019978     libucrt:lcidtoname_downlevel.obj
 0004:00000984       $pdata$?shortsort@@YAXPEAD0_KP6AHPEBX2@Z@Z 0000000180019984     libucrt:qsort.obj
 0004:00000990       $pdata$2$?shortsort@@YAXPEAD0_KP6AHPEBX2@Z@Z 0000000180019990     libucrt:qsort.obj
 0004:0000099c       $pdata$3$?shortsort@@YAXPEAD0_KP6AHPEBX2@Z@Z 000000018001999c     libucrt:qsort.obj
 0004:000009a8       $pdata$qsort               00000001800199a8     libucrt:qsort.obj
 0004:000009b4       $pdata$4$qsort             00000001800199b4     libucrt:qsort.obj
 0004:000009c0       $pdata$5$qsort             00000001800199c0     libucrt:qsort.obj
 0004:000009cc       $pdata$strncpy_s           00000001800199cc     libucrt:strncpy_s.obj
 0004:000009d8       $pdata$strpbrk             00000001800199d8     libucrt:strpbrk.obj
 0004:000009e4       $pdata$_mbsdec_l           00000001800199e4     libucrt:mbsdec.obj
 0004:000009f0       $pdata$?initialize_multibyte@@YAHXZ 00000001800199f0     libucrt:multibyte_initializer.obj
 0004:000009fc       $pdata$_msize              00000001800199fc     libucrt:msize.obj
 0004:00000a08       $pdata$_realloc_base       0000000180019a08     libucrt:realloc_base.obj
 0004:00000a14       $pdata$__acrt_lowio_create_handle_array 0000000180019a14     libucrt:osfinfo.obj
 0004:00000a20       $pdata$__acrt_lowio_destroy_handle_array 0000000180019a20     libucrt:osfinfo.obj
 0004:00000a2c       $pdata$__acrt_lowio_ensure_fh_exists 0000000180019a2c     libucrt:osfinfo.obj
 0004:00000a38       $pdata$_free_osfhnd        0000000180019a38     libucrt:osfinfo.obj
 0004:00000a44       $pdata$_get_osfhandle      0000000180019a44     libucrt:osfinfo.obj
 0004:00000a50       $pdata$_isatty             0000000180019a50     libucrt:isatty.obj
 0004:00000a5c       $pdata$__acrt_stdio_flush_nolock 0000000180019a5c     libucrt:fflush.obj
 0004:00000a68       $pdata$_fflush_nolock      0000000180019a68     libucrt:fflush.obj
 0004:00000a74       $pdata$common_flush_all    0000000180019a74     libucrt:fflush.obj
 0004:00000a80       $pdata$_fcloseall          0000000180019a80     libucrt:closeall.obj
 0004:00000a8c       $pdata$__acrt_stdio_free_buffer_nolock 0000000180019a8c     libucrt:_freebuf.obj
 0004:00000a98       $pdata$??$?RV<lambda_b521505b218e5242e90febf6bfebc422>@@AEAV<lambda_6978c1fb23f02e42e1d9e99668cc68aa>@@V<lambda_314360699dd331753a4119843814e9a7>@@@?$__crt_seh_guarded_call@H@@QEAAH$$QEAV<lambda_b521505b218e5242e90febf6bfebc422>@@AEAV<lambda_6978c1fb23f02e42e1d9e99668cc68aa>@@$$QEAV<lambda_314360699dd331753a4119843814e9a7>@@@Z 0000000180019a98     libucrt:commit.obj
 0004:00000aa4       $pdata$_commit             0000000180019aa4     libucrt:commit.obj
 0004:00000ab0       $pdata$?write_double_translated_ansi_nolock@@YA?AUwrite_result@?A0x9c548279@@HQEBDI@Z 0000000180019ab0     libucrt:write.obj
 0004:00000abc       $pdata$?write_text_ansi_nolock@@YA?AUwrite_result@?A0x9c548279@@HQEBDI@Z 0000000180019abc     libucrt:write.obj
 0004:00000ac8       $pdata$?write_text_utf16le_nolock@@YA?AUwrite_result@?A0x9c548279@@HQEBDI@Z 0000000180019ac8     libucrt:write.obj
 0004:00000ad4       $pdata$?write_text_utf8_nolock@@YA?AUwrite_result@?A0x9c548279@@HQEBDI@Z 0000000180019ad4     libucrt:write.obj
 0004:00000ae0       $pdata$_write              0000000180019ae0     libucrt:write.obj
 0004:00000aec       $pdata$_write_nolock       0000000180019aec     libucrt:write.obj
 0004:00000b04       $pdata$??$common_lseek_nolock@_J@@YA_JH_JH@Z 0000000180019b04     libucrt:lseek.obj
 0004:00000b10       $pdata$_fclose_nolock      0000000180019b10     libucrt:fclose.obj
 0004:00000b1c       $pdata$fclose              0000000180019b1c     libucrt:fclose.obj
 0004:00000b28       $pdata$_putwch_nolock      0000000180019b28     libucrt:putwch.obj
 0004:00000b34       $pdata$_call_matherr       0000000180019b34     libucrt:libm_error.obj
 0004:00000b40       $pdata$_exception_enabled  0000000180019b40     libucrt:libm_error.obj
 0004:00000b4c       $pdata$_handle_error       0000000180019b4c     libucrt:libm_error.obj
 0004:00000b58       $pdata$__acrt_initialize_fma3 0000000180019b58     libucrt:fma3_available.obj
 0004:00000b64       $pdata$_log10_special      0000000180019b64     libucrt:log_special.obj
 0004:00000b70       $pdata$_log_special_common 0000000180019b70     libucrt:log_special.obj
 0004:00000b7c       $pdata$??$?RV<lambda_bfedae4ebbf01fab1bb6dcc6a9e276e0>@@AEAV<lambda_2fe9b910cf3cbf4a0ab98a02ba45b3ec>@@V<lambda_237c231691f317818eb88cc1d5d642d6>@@@?$__crt_seh_guarded_call@H@@QEAAH$$QEAV<lambda_bfedae4ebbf01fab1bb6dcc6a9e276e0>@@AEAV<lambda_2fe9b910cf3cbf4a0ab98a02ba45b3ec>@@$$QEAV<lambda_237c231691f317818eb88cc1d5d642d6>@@@Z 0000000180019b7c     libucrt:close.obj
 0004:00000b88       $pdata$_close              0000000180019b88     libucrt:close.obj
 0004:00000b94       $pdata$_close_nolock       0000000180019b94     libucrt:close.obj
 0004:00000ba0       $pdata$__dcrt_lowio_initialize_console_output 0000000180019ba0     libucrt:initcon.obj
 0004:00000bac       $pdata$__dcrt_terminate_console_output 0000000180019bac     libucrt:initcon.obj
 0004:00000bc4       $pdata$_raise_exc          0000000180019bc4     libucrt:fpexcept.obj
 0004:00000bd0       $pdata$_raise_exc_ex       0000000180019bd0     libucrt:fpexcept.obj
 0004:00000bdc       $pdata$_set_errno_from_matherr 0000000180019bdc     libucrt:fpexcept.obj
 0004:00000be8       $pdata$_clrfp              0000000180019be8     libucrt:fpctrl.obj
 0004:00000bf4       $pdata$_ctrlfp             0000000180019bf4     libucrt:fpctrl.obj
 0004:00000c00       $pdata$_set_statfp         0000000180019c00     libucrt:fpctrl.obj
 0004:00000c0c       $pdata$_statfp             0000000180019c0c     libucrt:fpctrl.obj
 0004:00000c18       $pdata$?DloadAcquireSectionWriteAccess@@YAXXZ 0000000180019c18     DelayImp:delayhlp.obj
 0004:00000c24       $pdata$?DloadGetSRWLockFunctionPointers@@YAEXZ 0000000180019c24     DelayImp:delayhlp.obj
 0004:00000c30       $pdata$?DloadMakePermanentImageCommit@@YAXPEAX_K@Z 0000000180019c30     DelayImp:delayhlp.obj
 0004:00000c3c       $pdata$?DloadObtainSection@@YAPEAXPEAK0@Z 0000000180019c3c     DelayImp:delayhlp.obj
 0004:00000c48       $pdata$?DloadProtectSection@@YAXKPEAK@Z 0000000180019c48     DelayImp:delayhlp.obj
 0004:00000c54       $pdata$?DloadReleaseSectionWriteAccess@@YAXXZ 0000000180019c54     DelayImp:delayhlp.obj
 0004:00000c60       $pdata$__delayLoadHelper2  0000000180019c60     DelayImp:delayhlp.obj
 0004:00000c6c       $pdata$__GSHandlerCheck    0000000180019c6c     LIBCMT:_gshandler_.obj
 0004:00000c78       $pdata$__GSHandlerCheckCommon 0000000180019c78     LIBCMT:_gshandler_.obj
 0004:00000c84       $pdata$_IsNonwritableInCurrentImage 0000000180019c84     LIBCMT:pesect.obj
 0004:00000cc0       $pdata$?fin$0@?0??dllmain_crt_process_attach@@YAHQEAUHINSTANCE__@@QEAX@Z@4HA 0000000180019cc0     LIBCMT:dll_dllmain.obj
 0004:00000ccc       $pdata$?fin$0@?0??dllmain_crt_process_detach@@YAH_N@Z@4HA 0000000180019ccc     LIBCMT:dll_dllmain.obj
 0004:00000cd8       $pdata$?filt$0@?0??dllmain_dispatch@@YAHQEAUHINSTANCE__@@KQEAX@Z@4HA 0000000180019cd8     LIBCMT:dll_dllmain.obj
 0004:00000ce4       $pdata$__scrt_is_nonwritable_in_current_image$filt$0 0000000180019ce4     LIBCMT:utility.obj
 0004:00000cf0       $pdata$?filt$0@?0??common_exit@@YAXHW4_crt_exit_cleanup_mode@@W4_crt_exit_return_mode@@@Z@4HA 0000000180019cf0     libucrt:exit.obj
 0004:00000cfc       $pdata$?fin$1@?0??common_exit@@YAXHW4_crt_exit_cleanup_mode@@W4_crt_exit_return_mode@@@Z@4HA 0000000180019cfc     libucrt:exit.obj
 0004:00000d08       $pdata$?fin$0@?0???$?RV<lambda_e24bbb7b643b32fcea6fa61b31d4c984>@@AEAV<lambda_275893d493268fdec8709772e3fcec0e>@@V<lambda_9d71df4d7cf3f480f8d633942495c3b0>@@@?$__crt_seh_guarded_call@H@@QEAAH$$QEAV<lambda_e24bbb7b643b32fcea6fa61b31d4c984>@@AEAV<lambda_275893d493268fdec8709772e3fcec0e>@@$$QEAV<lambda_9d71df4d7cf3f480f8d633942495c3b0>@@@Z@4HA 0000000180019d08     libucrt:onexit.obj
 0004:00000d14       $pdata$?fin$0@?0???$?RV<lambda_5e887d1dcbef67a5eb4283622ba103bf>@@AEAV<lambda_4466841279450cc726390878d4a41900>@@V<lambda_341c25c0346d94847f1f3c463c57e077>@@@?$__crt_seh_guarded_call@X@@QEAAX$$QEAV<lambda_5e887d1dcbef67a5eb4283622ba103bf>@@AEAV<lambda_4466841279450cc726390878d4a41900>@@$$QEAV<lambda_341c25c0346d94847f1f3c463c57e077>@@@Z@4HA 0000000180019d14     libucrt:per_thread_data.obj
 0004:00000d14       $pdata$?fin$0@?0???$?RV<lambda_c36588078e9f5dfd39652860aa6b3aaf>@@AEAV<lambda_ec61778202f4f5fc7e7711acc23c3bca>@@V<lambda_dc9d2797ccde5d239b4a0efae8ebd7db>@@@?$__crt_seh_guarded_call@P6AXH@Z@@QEAAP6AXH@Z$$QEAV<lambda_c36588078e9f5dfd39652860aa6b3aaf>@@AEAV<lambda_ec61778202f4f5fc7e7711acc23c3bca>@@$$QEAV<lambda_dc9d2797ccde5d239b4a0efae8ebd7db>@@@Z@4HA 0000000180019d14     libucrt:signal.obj
 0004:00000d14       $pdata$?fin$0@?0???$?RV<lambda_99476a1ad63dd22509b5d3e65b0ffc95>@@AEAV<lambda_ad1ced32f4ac17aa236e5ef05d6b3b7c>@@V<lambda_f7424dd8d45958661754dc4f2697e9c3>@@@?$__crt_seh_guarded_call@X@@QEAAX$$QEAV<lambda_99476a1ad63dd22509b5d3e65b0ffc95>@@AEAV<lambda_ad1ced32f4ac17aa236e5ef05d6b3b7c>@@$$QEAV<lambda_f7424dd8d45958661754dc4f2697e9c3>@@@Z@4HA 0000000180019d14     libucrt:mbctype.obj
 0004:00000d14       $pdata$?fin$0@?0???$?RV<lambda_fb3a7dec4e47f37f22dae91bb15c9095>@@AEAV<lambda_698284760c8add0bfb0756c19673e34b>@@V<lambda_dfb8eca1e75fef3034a8fb18dd509707>@@@?$__crt_seh_guarded_call@X@@QEAAX$$QEAV<lambda_fb3a7dec4e47f37f22dae91bb15c9095>@@AEAV<lambda_698284760c8add0bfb0756c19673e34b>@@$$QEAV<lambda_dfb8eca1e75fef3034a8fb18dd509707>@@@Z@4HA 0000000180019d14     libucrt:per_thread_data.obj
 0004:00000d14       $pdata$?fin$0@?0???$?RV<lambda_b8c45f8f788dd370798f47cfe8ac3a86>@@AEAV<lambda_4e60a939b0d047cfe11ddc22648dfba9>@@V<lambda_332c3edc96d0294ec56c57d38c1cdfd5>@@@?$__crt_seh_guarded_call@H@@QEAAH$$QEAV<lambda_b8c45f8f788dd370798f47cfe8ac3a86>@@AEAV<lambda_4e60a939b0d047cfe11ddc22648dfba9>@@$$QEAV<lambda_332c3edc96d0294ec56c57d38c1cdfd5>@@@Z@4HA 0000000180019d14     libucrt:onexit.obj
 0004:00000d14       $pdata$?fin$0@?0???$?RV<lambda_46352004c1216016012b18bd6f87e700>@@AEAV<lambda_3bd07e1a1191394380780325891bf33f>@@V<lambda_334532d3f185bcaa59b5be82d7d22bff>@@@?$__crt_seh_guarded_call@X@@QEAAX$$QEAV<lambda_46352004c1216016012b18bd6f87e700>@@AEAV<lambda_3bd07e1a1191394380780325891bf33f>@@$$QEAV<lambda_334532d3f185bcaa59b5be82d7d22bff>@@@Z@4HA 0000000180019d14     libucrt:per_thread_data.obj
 0004:00000d14       $pdata$?fin$0@?0???$?RV<lambda_72d1df2b273a38828b1ce30cbf4cdab5>@@AEAV<lambda_876a65b173b8412d3a47c70a915b0cf4>@@V<lambda_41932305e351933ebe8f8be3ed8bb5dc>@@@?$__crt_seh_guarded_call@X@@QEAAX$$QEAV<lambda_72d1df2b273a38828b1ce30cbf4cdab5>@@AEAV<lambda_876a65b173b8412d3a47c70a915b0cf4>@@$$QEAV<lambda_41932305e351933ebe8f8be3ed8bb5dc>@@@Z@4HA 0000000180019d14     libucrt:per_thread_data.obj
 0004:00000d20       $pdata$__acrt_update_thread_multibyte_data$fin$0 0000000180019d20     libucrt:mbctype.obj
 0004:00000d2c       $pdata$_query_new_handler$fin$0 0000000180019d2c     libucrt:new_handler.obj
 0004:00000d38       $pdata$raise$fin$0         0000000180019d38     libucrt:signal.obj
 0004:00000d44       $pdata$__acrt_update_thread_locale_data$fin$0 0000000180019d44     libucrt:locale_refcounting.obj
 0004:00000d44       $pdata$__acrt_uninitialize_locale$fin$0 0000000180019d44     libucrt:wsetlocale.obj
 0004:00000d50       $pdata$__acrt_initialize_lowio$fin$0 0000000180019d50     libucrt:ioinit.obj
 0004:00000d50       $pdata$__acrt_lowio_ensure_fh_exists$fin$0 0000000180019d50     libucrt:osfinfo.obj
 0004:00000d5c       $pdata$common_flush_all$fin$0 0000000180019d5c     libucrt:fflush.obj
 0004:00000d68       $pdata$common_flush_all$fin$1 0000000180019d68     libucrt:fflush.obj
 0004:00000d74       $pdata$_fcloseall$fin$0    0000000180019d74     libucrt:closeall.obj
 0004:00000d80       $pdata$?fin$0@?0???$?RV<lambda_b521505b218e5242e90febf6bfebc422>@@AEAV<lambda_6978c1fb23f02e42e1d9e99668cc68aa>@@V<lambda_314360699dd331753a4119843814e9a7>@@@?$__crt_seh_guarded_call@H@@QEAAH$$QEAV<lambda_b521505b218e5242e90febf6bfebc422>@@AEAV<lambda_6978c1fb23f02e42e1d9e99668cc68aa>@@$$QEAV<lambda_314360699dd331753a4119843814e9a7>@@@Z@4HA 0000000180019d80     libucrt:commit.obj
 0004:00000d80       $pdata$?fin$0@?0???$?RV<lambda_bfedae4ebbf01fab1bb6dcc6a9e276e0>@@AEAV<lambda_2fe9b910cf3cbf4a0ab98a02ba45b3ec>@@V<lambda_237c231691f317818eb88cc1d5d642d6>@@@?$__crt_seh_guarded_call@H@@QEAAH$$QEAV<lambda_bfedae4ebbf01fab1bb6dcc6a9e276e0>@@AEAV<lambda_2fe9b910cf3cbf4a0ab98a02ba45b3ec>@@$$QEAV<lambda_237c231691f317818eb88cc1d5d642d6>@@@Z@4HA 0000000180019d80     libucrt:close.obj
 0004:00000d8c       $pdata$_write$fin$0        0000000180019d8c     libucrt:write.obj
 0004:00000d98       $pdata$fclose$fin$0        0000000180019d98     libucrt:fclose.obj
 0004:00000da4       $pdata$_ctrlfp$filt$0      0000000180019da4     libucrt:fpctrl.obj
 0004:00000db0       $pdata$_IsNonwritableInCurrentImage$filt$0 0000000180019db0     LIBCMT:pesect.obj
 0005:00000000       __guard_fids__             000000018001a000     libucrt:initialization.obj
 0005:00000060       __guard_fids___acrt_initialize_ptd 000000018001a060     libucrt:per_thread_data.obj
 0005:00000064       __guard_fids_??$expand_argument_wildcards@D@@YAHQEAD0AEAV?$argument_list@D@?A0xca0879c4@@@Z 000000018001a064     libucrt:argv_wildcards.obj
 0005:00000068       __guard_fids__             000000018001a068     libucrt:locale_initializer.obj
 0005:0000006c       __guard_fids__             000000018001a06c     libucrt:multibyte_initializer.obj
 0005:00000070       __guard_fids__             000000018001a070     libucrt:stdio_initializer.obj
 0005:00000074       __guard_fids__             000000018001a074     libucrt:stdio_initializer.obj
 0005:00000078       __guard_fids__             000000018001a078     libucrt:fma3_initializer.obj
 0005:0000007c       __guard_fids__             000000018001a07c     libucrt:console_output_initializer.obj
 0005:00000080       __guard_fids_?dllmain_crt_process_attach@@YAHQEAUHINSTANCE__@@QEAX@Z 000000018001a080     LIBCMT:dll_dllmain.obj
 0005:00000088       __guard_fids_?dllmain_dispatch@@YAHQEAUHINSTANCE__@@KQEAX@Z 000000018001a088     LIBCMT:dll_dllmain.obj
 0005:0000008c       __guard_fids__             000000018001a08c     LIBCMT:guard_support.obj
 0005:00000090       __guard_fids__             000000018001a090     libvcruntime:telemetry.obj
 0005:00000094       __guard_fids_?TraceLoggingRegister@__vcrt_trace_logging_provider@@YAJPEBU_TlgProvider_t@1@PEBU_GUID@@P6AX1KE_K2PEAU_EVENT_FILTER_DESCRIPTOR@@PEAX@Z4@Z 000000018001a094     libvcruntime:telemetry.obj
 0005:00000098       __guard_fids___vcrt_initialize_ptd 000000018001a098     libvcruntime:per_thread_data.obj
 0006:00000060       $R000000                   000000018001b060     * linker generated manifest res *

 Exports

  ordinal    name

        1    _register_adder_
